
                                   ; Alpha Character display code
                                   ; Guy Fedorkow
                                   ; Nov 21, 2025; Mar 7, 2026
                                   ; This program displays a simple text message on the WW CRT display
                                   ; The text of the message is one of eight messages, selected by the low three bits
                                   ; of FF Register 2

                                   ; Modified Apr 19, 2026 to position the message in the center of the screen
                                   ; Modified Apr 19, 2026 to make descenders on g, j, p, y, q


                                   .simparam CrtFadeDelay = 2
                                   ; constants for SI graphics instruction
                                   .pp scope_vector, 0o1677 ; draw a vector on all scopes
                                   .pp scope_point, 0o0677  ; draw a point on all scopes


                                   ; Alias for Flip-Flop-Register
                                   .pp FFReg02, 02
                                   .pp FFReset, 0o10        ; SI instruction to copy presets into the FF Registers


                                   .org 0
@0000:000000                 zero: .word 0                  ; @@ReadBy rl_ld_msgp a0063 a0102 a0645 a0745 a0751 a0774 a0775 a1001 a1002 a1006 a1007 a1017 a1021 a1057 a1063 JumpedToBy init_ret a0760 a1103
@0001:000001                  one: .word 1                  ; @@ReadBy a0754 a1015 a1027 a1031


                                   .org 0o40                ; @@ReadBy a0054

@0040:074106                 main: sp init                  ; call the init subroutine
@0041:074053                       sp refresh_loop          ; branch to main display refresh loop

@0042:000043           msgtab_ptr: .word msgtab0            ; @@ReadBy a0057
@0043:000113              msgtab0: .word msg0
@0044:000170              msgtab1: .word msg1
@0045:000240              msgtab2: .word msg2
@0046:000312              msgtab3: .word msg3
@0047:000360              msgtab4: .word msg4
@0050:000431              msgtab5: .word msg5
@0051:000506              msgtab6: .word msg6
@0052:000552              msgtab7: .word msg7


                                   ; display a string on the CRT, lengthening it by one character until it's full length, then
                                   ; reset the count and start again.
                     refresh_loop:
@0053:000010                       si FFReset               ; copy preset switches into FF Regs ; Auto-Annotate I/O: unknown i/o device@@JumpedToBy a0041 a0104
@0054:100002                       ca FFReg02               ; figure out what message to print
@0055:174625                       md const_7               ; mask to three bits
@0056:040112                       ts msg_num
@0057:110042                       ad msgtab_ptr            ; this is the address into the message table
@0060:044061                       td rl_ld_msgp
@0061:100000           rl_ld_msgp: ca 0                     ; fetch the message pointer from the table @@WrittenBy a0060
@0062:040651                       ts msgp                  ; store a pointer to the start of the string to print.

@0063:100000                       ca zero                  ; initialize the length of the string to zero
@0064:040111                       ts msg_strlen
                         msg_loop:
@0065:100111                       ca msg_strlen            ; @@JumpedToBy a0101
@0066:040764                       ts ds_arglen
                                   ; start the string near the top left edge of the screen
@0067:100635                       ca c_msg_x_pos
@0070:040762                       ts ds_argx
@0071:100636                       ca c_msg_y_pos
@0072:115577                       su char_yspacing         ; character origin is the lower-left corner, so make sure it doesn't overflow Y axis
@0073:040763                       ts ds_argy
@0074:100651                       ca msgp
@0075:074735                       sp draw_str              ; this routine prints the string until either a negative character terminator OR the count is exhausted
                                   ;si 0

                                   ; on each pass, make the string longer by two, up to the max length
@0076:130111                       ao msg_strlen
@0077:130111                       ao msg_strlen
@0100:114110                       su msg_maxlen
@0101:070065                       cp msg_loop

@0102:100000                       ca zero
@0103:040111                       ts msg_strlen
@0104:074053                       sp refresh_loop

                       loop_count:                          ; used only in top-level routines for drawing the game board
@0105:000000                       .word 0

@0106:050107                 init: ta init_ret              ; @@JumpedToBy main
@0107:074000             init_ret: sp 0                     ; @@WrittenBy init


@0110:000200           msg_maxlen: .word 0o200              ; @@ReadBy a0100
@0111:000000           msg_strlen: .word 0                  ; we lengthen the string by one char until it reaches the end and we've counted to msg_maxlen @@WrittenBy a0064 a0076 a0077 a0103 ReadBy a0065 a0076 a0077
@0112:000000              msg_num: .word 0                  ; this should be an offset into the table of messages to select just one @@WrittenBy a0056

                                   ; when counting characters in messages, remember that the converted string will count shift-up/down as characters
                                   ;msg0:       .flexl "WHIRLWIND\nEMULATOR\nabcdefghijklm\nnopqrstuvwxyz", -1  ; remember that the converted string will count shift-up/down as characters

@0113:000071                 msg0: .flexl "WHIRLWIND\nEMULATOR\nVibrating\n String", -1
@0114:000046
@0115:000050
@0116:000014
@0117:000024
@0120:000044
@0121:000046
@0122:000014
@0123:000030
@0124:000022
@0125:000075
@0126:000051
@0127:000071
@0130:000002
@0131:000070
@0132:000016
@0133:000044
@0134:000006
@0135:000040
@0136:000060
@0137:000024
@0140:000075
@0141:000051
@0142:000071
@0143:000074
@0144:000075
@0145:000014
@0146:000062
@0147:000024
@0150:000006
@0151:000040
@0152:000014
@0153:000030
@0154:000064
@0155:000051
@0156:000010
@0157:000071
@0160:000012
@0161:000075
@0162:000040
@0163:000024
@0164:000014
@0165:000030
@0166:000064
@0167:177776
@0170:000071                 msg1: .flexl "WHIRLWIND\nEMULATOR\nBounce\n Game", -1
@0171:000046
@0172:000050
@0173:000014
@0174:000024
@0175:000044
@0176:000046
@0177:000014
@0200:000030
@0201:000022
@0202:000075
@0203:000051
@0204:000071
@0205:000002
@0206:000070
@0207:000016
@0210:000044
@0211:000006
@0212:000040
@0213:000060
@0214:000024
@0215:000075
@0216:000051
@0217:000071
@0220:000062
@0221:000075
@0222:000060
@0223:000016
@0224:000030
@0225:000034
@0226:000002
@0227:000051
@0230:000010
@0231:000071
@0232:000064
@0233:000075
@0234:000006
@0235:000070
@0236:000002
@0237:177776
@0240:000071                 msg2: .flexl "WHIRLWIND\nEMULATOR\nBouncing\n Ball", -1
@0241:000046
@0242:000050
@0243:000014
@0244:000024
@0245:000044
@0246:000046
@0247:000014
@0250:000030
@0251:000022
@0252:000075
@0253:000051
@0254:000071
@0255:000002
@0256:000070
@0257:000016
@0260:000044
@0261:000006
@0262:000040
@0263:000060
@0264:000024
@0265:000075
@0266:000051
@0267:000071
@0270:000062
@0271:000075
@0272:000060
@0273:000016
@0274:000030
@0275:000034
@0276:000014
@0277:000030
@0300:000064
@0301:000051
@0302:000010
@0303:000071
@0304:000062
@0305:000075
@0306:000006
@0307:000044
@0310:000044
@0311:177776
@0312:000071                 msg3: .flexl "WHIRLWIND\nEMULATOR\nBlack\nJack", -1
@0313:000046
@0314:000050
@0315:000014
@0316:000024
@0317:000044
@0320:000046
@0321:000014
@0322:000030
@0323:000022
@0324:000075
@0325:000051
@0326:000071
@0327:000002
@0330:000070
@0331:000016
@0332:000044
@0333:000006
@0334:000040
@0335:000060
@0336:000024
@0337:000075
@0340:000051
@0341:000071
@0342:000062
@0343:000075
@0344:000044
@0345:000006
@0346:000034
@0347:000036
@0350:000051
@0351:000071
@0352:000026
@0353:000075
@0354:000006
@0355:000034
@0356:000036
@0357:177776
@0360:000071                 msg4: .flexl "WHIRLWIND\nEMULATOR\nTic Tac Toe", -1
@0361:000046
@0362:000050
@0363:000014
@0364:000024
@0365:000044
@0366:000046
@0367:000014
@0370:000030
@0371:000022
@0372:000075
@0373:000051
@0374:000071
@0375:000002
@0376:000070
@0377:000016
@0400:000044
@0401:000006
@0402:000040
@0403:000060
@0404:000024
@0405:000075
@0406:000051
@0407:000071
@0410:000040
@0411:000075
@0412:000014
@0413:000034
@0414:000010
@0415:000071
@0416:000040
@0417:000075
@0420:000006
@0421:000034
@0422:000010
@0423:000071
@0424:000040
@0425:000075
@0426:000060
@0427:000002
@0430:177776
@0431:000071                 msg5: .flexl "WHIRLWIND\nEMULATOR\nRocket\nTrajectory", -1
@0432:000046
@0433:000050
@0434:000014
@0435:000024
@0436:000044
@0437:000046
@0440:000014
@0441:000030
@0442:000022
@0443:000075
@0444:000051
@0445:000071
@0446:000002
@0447:000070
@0450:000016
@0451:000044
@0452:000006
@0453:000040
@0454:000060
@0455:000024
@0456:000075
@0457:000051
@0460:000071
@0461:000024
@0462:000075
@0463:000060
@0464:000034
@0465:000036
@0466:000002
@0467:000040
@0470:000051
@0471:000071
@0472:000040
@0473:000075
@0474:000024
@0475:000006
@0476:000026
@0477:000002
@0500:000034
@0501:000040
@0502:000060
@0503:000024
@0504:000052
@0505:177776
@0506:000071                 msg6: .flexl "WHIRLWIND\nEMULATOR\nMad Game", -1
@0507:000046
@0510:000050
@0511:000014
@0512:000024
@0513:000044
@0514:000046
@0515:000014
@0516:000030
@0517:000022
@0520:000075
@0521:000051
@0522:000071
@0523:000002
@0524:000070
@0525:000016
@0526:000044
@0527:000006
@0530:000040
@0531:000060
@0532:000024
@0533:000075
@0534:000051
@0535:000071
@0536:000070
@0537:000075
@0540:000006
@0541:000022
@0542:000010
@0543:000071
@0544:000064
@0545:000075
@0546:000006
@0547:000070
@0550:000002
@0551:177776
@0552:000071                 msg7: .flexl "WHIRLWIND\nEMULATOR\nAir Defense", -1
@0553:000046
@0554:000050
@0555:000014
@0556:000024
@0557:000044
@0560:000046
@0561:000014
@0562:000030
@0563:000022
@0564:000075
@0565:000051
@0566:000071
@0567:000002
@0570:000070
@0571:000016
@0572:000044
@0573:000006
@0574:000040
@0575:000060
@0576:000024
@0577:000075
@0600:000051
@0601:000071
@0602:000006
@0603:000075
@0604:000014
@0605:000024
@0606:000010
@0607:000071
@0610:000022
@0611:000075
@0612:000002
@0613:000032
@0614:000002
@0615:000030
@0616:000012
@0617:000002
@0620:177776



                                   ; ****************************************


                                   ; Constants
@0621:000002              const_2: .word 2
@0622:000003              const_3: .word 3                  ; @@ReadBy a1041 a1044 a1047
@0623:000004              const_4: .word 4
@0624:000006              const_6: .word 6
@0625:000007              const_7: .word 7                  ; @@ReadBy a0055
@0626:000010              const_8: .word 8
@0627:000011              const_9: .word 9
@0630:000012             const_10: .word 10
@0631:000013             const_11: .word 11                 ; loop counter for 12 iterations
@0632:000014             const_12: .word 12

                                   ; constants
@0633:000017                 c_15: .word 15                 ; @@ReadBy a1023
@0634:000040                 c_32: .word 32
@0635:135477          c_msg_x_pos: .word -550 * 32          ; coord of left edge of message @@ReadBy a0067 a1075
@0636:025700          c_msg_y_pos: .word 350 * 32           ; coord of top edge of message @@ReadBy a0071

                                   ; these two constants give the delta values to draw a "maximum short vector"
@0637:076000       horiz_line_seg: .word 0o174 * 0o400      ; +32 in the top half of the word
@0640:000174        vert_line_seg: .word 0o174              ; +32 in the bottom half of the word
@0641:076174    diag_up_right_seg: .word 0o174 * 0o400 + 0o174
@0642:100200     diag_dn_left_seg: .word 0o200 * 0o400 + 0o200
@0643:076200    diag_dn_right_seg: .word 0o174 * 0o400 + 0o200
@0644:100174     diag_up_left_seg: .word 0o200 * 0o400 + 0o174


                                   ; ---------------------------------------

                       panic_stop:
@0645:100000                       ca 0
                                   .print "panic stop"
@0646:000000                       si 0



                                   ;
                                   ;=====================================================================================

                                   ; /* 16-segment character generator, originally in Core Memory Clock
                                   ;  *
                                   ;  * Guy Fedorkow, Feb 22, 2025
                                   ;  *  originally for Arduino Mega
                                   ;  *
                                   ;  */
                                   ;

@0647:000060            ut_maxlen: .word 0o60
@0650:000000            ut_strlen: .word 0

@0651:000652                 msgp: .word unit_msg           ; @@WrittenBy a0062 ReadBy a0074
@0652:000071             unit_msg: .flexl "WHIRLWIND\nEMULATOR\nabcdefghijklmnopqrstuvwxyz", -1; remember that the converted string will count shift-up/down as characters
@0653:000046
@0654:000050
@0655:000014
@0656:000024
@0657:000044
@0660:000046
@0661:000014
@0662:000030
@0663:000022
@0664:000075
@0665:000051
@0666:000071
@0667:000002
@0670:000070
@0671:000016
@0672:000044
@0673:000006
@0674:000040
@0675:000060
@0676:000024
@0677:000075
@0700:000051
@0701:000006
@0702:000062
@0703:000034
@0704:000022
@0705:000002
@0706:000032
@0707:000064
@0710:000050
@0711:000014
@0712:000026
@0713:000036
@0714:000044
@0715:000070
@0716:000030
@0717:000060
@0720:000054
@0721:000056
@0722:000024
@0723:000012
@0724:000040
@0725:000016
@0726:000074
@0727:000046
@0730:000072
@0731:000052
@0732:000042
@0733:177776
@0734:000000                       .word 0



                                   ; -----------------------------------------
                                   ; draw a character string on the CRT
                                   ; AC contains a pointer to the string, terminated by the first negative 'character'
                                   ; ds_argx and ds_argy give the initial (x, y) location
                                   ; ds_arglen gives a maximum character count.  (i.e., the string terminates either when
                                   ;       the count is exhausted or a negative character is encountered)
                         draw_str:
@0735:050760                       ta ds_ret                ; @@JumpedToBy a0075
@0736:044761                       td ds_lcl_charp          ; save the character pointer passed in the ACC
                          ds_loop:
@0737:100762                       ca ds_argx               ; @@JumpedToBy a0757
@0740:041104                       ts d16c_argx
@0741:100763                       ca ds_argy
@0742:041105                       ts d16c_argy
@0743:100761                       ca ds_lcl_charp          ; walk the string from start to finish
@0744:044745                       td ds_get_char
                      ds_get_char:
@0745:100000                       ca 0                     ; fetch the next character in the string @@WrittenBy a0744
@0746:074771                       sp draw_16seg_char       ; actually draw the character!

@0747:130761                       ao ds_lcl_charp          ; prepare for next char in loop
@0750:044751                       td ds_test_str_end
                  ds_test_str_end:                          ; bail out if the next char is negative, or if the loop count is exhausted
@0751:100000                       ca 0                     ; @@WrittenBy a0750
@0752:070760                       cp ds_ret                ; test for a negative number as the marker for the string end; branch out if done
@0753:100764                       ca ds_arglen             ; ; decrement the length count
@0754:114001                       su one
@0755:040764                       ts ds_arglen
@0756:070760                       cp ds_ret

                                   ; I moved the x and y auto-increment into the character-drawing routine draw_16seg_char
@0757:074737                       sp ds_loop

                           ds_ret:
@0760:074000                       sp 0                     ; @@WrittenBy a0735 JumpedToBy a0752 a0756

@0761:000000         ds_lcl_charp: .word 0                  ; pointer to the next character to display @@WrittenBy a0736 a0747 ReadBy a0743 a0747
@0762:000000              ds_argx: .word 0                  ; @@WrittenBy a0070 a1055 a1076 ReadBy a0737 a1053
@0763:000000              ds_argy: .word 0                  ; @@WrittenBy a0073 a1101 ReadBy a0741 a1077
@0764:000012            ds_arglen: .word 10                 ; @@WrittenBy a0066 a0755 ReadBy a0753

                                   ; ---------------------------


@0765:000051            c_newline: .word 0o51               ; character value for Carriage Return @@ReadBy a1005
@0766:000071              c_upper: .word 0o71               ; character value for Shift Upper @@ReadBy a0773
@0767:000075              c_lower: .word 0o75               ; character value for Shift Lower @@ReadBy a1000

                                   ; Draw a Flexo character passed in to this routine in the ACC
                                   ; First, find the segment map for a given character.  Input is a Flexo-coded character.
                                   ; The routine returns a 16-bit int where each bit represents one stroke in the character.  If the
                                   ; bit is one, draw the stroke; if not, don't draw.
                                   ; Character position is given by the args d16c_argx, d16c_argy.
@0770:000000        lcl_ds16_char: .word 0                  ; local storage for the character to be displayed @@WrittenBy a0772 ReadBy a0777 a1004 a1011
                  draw_16seg_char:
@0771:051103                       ta d16c_ret              ; @@JumpedToBy a0746
@0772:040770                       ts lcl_ds16_char         ; save the incoming character to be printed

@0773:114766                       su c_upper               ; test to see if we've got a "Shift Upper" character
@0774:134000                       dm 0
@0775:134000                       dm 0                     ; negative zero if acc == c_upper
@0776:071067                       cp ds16_shift_to_upper   ; adjust the current Case, then exit

@0777:100770                       ca lcl_ds16_char
@1000:114767                       su c_lower
@1001:134000                       dm 0
@1002:134000                       dm 0                     ; negative zero if acc == c_lower
@1003:071072                       cp ds16_shift_to_lower   ; adjust the current Case, then exit

@1004:100770                       ca lcl_ds16_char
@1005:114765                       su c_newline
@1006:134000                       dm 0
@1007:134000                       dm 0                     ; negative zero if acc == c_newline
@1010:071075                       cp ds16_newline          ; execute a newline, then exit

                                   ; if it's not a shift character, just keep going and print with the current case
@1011:100770                       ca lcl_ds16_char         ; re-fetch the input character
                      ds16_offset:
@1012:155001                       slh 1                    ; multiply by two; two words per table entry
@1013:111111                       ad SixteenSegmentFlexop  ; add the table start addr to the offset in ACC
                                   ;        .print "draw_16seg_char:  char=%ao. d16c_argx=%o, d16c_argy=%o", d16c_argx, d16c_argy
@1014:045017                       td d16c_rd
@1015:110001                       ad one
@1016:045021                       td d16c_drd
                          d16c_rd:
@1017:100000                       ca 0                     ; fetch the bit map @@WrittenBy a1014
@1020:041106                       ts d16c_lcl_seg_map
                         d16c_drd:
@1021:100000                       ca 0                     ; fetch the bit map @@WrittenBy a1016
@1022:041107                       ts d16c_lcl_descender

                                   ; draw the sixteen segments, starting with the most significant bit
@1023:104633                       cs c_15                  ; prep for 16 times around the loop
@1024:041110                       ts d16c_lcl_loop_cnt
@1025:101575                       ca seg_tab_endp          ; walk the segment table back to front
@1026:045063                       td d16c_read_seg_tabx    ; first table entry
                                   ;        td tmp_tabx
@1027:110001                       ad one
@1030:045057                       td d16c_read_seg_taby    ; second table entry
                                   ;        td tmp_taby
@1031:110001                       ad one
@1032:045065                       td d16c_read_seg_tabdxy  ; third table entry

                                   ; I've commented out a bit of debug code here to draw dots at each of the junction points in the
                                   ; 16-segment figure.  Use this to verify that the line segments are the right length...
                        d16s_loop:
                                   ; this strip draws dots at the intersection points
                                   ;        ca 0  ; no op
                                   ;tmp_taby:
                                   ;        ca 0
                                   ;        si scope_point
                                   ;tmp_tabx:
                                   ;        ca 0
                                   ;        rc 0
                                   ; end of debug hack
@1033:101106                       ca d16c_lcl_seg_map      ; @@JumpedToBy a1052
@1034:071057                       cp d16c_draw_seg         ; branch if most significant bit is on

               d16s_loop_continue:
@1035:101106                       ca d16c_lcl_seg_map      ; @@JumpedToBy a1066
@1036:170001                       clc 1                    ; shift AC left by one bit
@1037:041106                       ts d16c_lcl_seg_map
@1040:101063                       ca d16c_read_seg_tabx
@1041:114622                       su const_3
@1042:045063                       td d16c_read_seg_tabx
                                   ;        td tmp_tabx
@1043:101057                       ca d16c_read_seg_taby
@1044:114622                       su const_3
@1045:045057                       td d16c_read_seg_taby
                                   ;        td tmp_taby
@1046:101065                       ca d16c_read_seg_tabdxy
@1047:114622                       su const_3
@1050:045065                       td d16c_read_seg_tabdxy
@1051:131110                       ao d16c_lcl_loop_cnt
@1052:071033                       cp d16s_loop

                                   ; fall through here when the count is exhausted
                                   ; advance x position to the next character
@1053:100762                       ca ds_argx
@1054:111576                       ad char_xspacing
@1055:040762                       ts ds_argx
@1056:075103                       sp d16c_ret              ; bail out when count exhausted

                                   ; on entry to this code block, the three entries in the segment table should give relative positions:
                                   ;   _tab1 = X pos'n
                                   ;   _tab2 = Y pos'n
                                   ;   _tab3 = XY Delta vector
                    d16c_draw_seg:                          ; branch here if we're doing a segment, then return to the loop
                                   ; the SI uses the AC to set Y coord
               d16c_read_seg_taby:
@1057:100000                       ca 0                     ; overwritten by the table y value @@WrittenBy a1030 a1045 ReadBy a1043 JumpedToBy a1034
@1060:111107                       ad d16c_lcl_descender    ; if the character has a descender, reduce the y value
@1061:111105                       ad d16c_argy             ; add the current screen y value
@1062:001677                       si scope_vector          ; initialize vector gen with the y-coord in ACC ; Auto-Annotate I/O: Display Vectors

                                   ; the RC uses AC to set X coord and mem address for the vector length
               d16c_read_seg_tabx:
@1063:100000                       ca 0                     ; @@WrittenBy a1026 a1042 ReadBy a1040
@1064:111104                       ad d16c_argx
             d16c_read_seg_tabdxy:
@1065:024000                       rc 0                     ; @@WrittenBy a1032 a1050 ReadBy a1046
@1066:075035                       sp d16s_loop_continue

              ds16_shift_to_upper:
@1067:101112                       ca SixteenSegmentUpperp  ; @@JumpedToBy a0776
@1070:041111                       ts SixteenSegmentFlexop  ; shift pointer to Upper Case table & exit
@1071:075103                       sp d16c_ret

              ds16_shift_to_lower:
@1072:101113                       ca SixteenSegmentLowerp  ; @@JumpedToBy a1003
@1073:041111                       ts SixteenSegmentFlexop  ; shift pointer to Lower Case table & exit
@1074:075103                       sp d16c_ret

                     ds16_newline:
@1075:100635                       ca c_msg_x_pos           ; @@JumpedToBy a1010
@1076:040762                       ts ds_argx
@1077:100763                       ca ds_argy
@1100:115577                       su char_yspacing
@1101:040763                       ts ds_argy

@1102:075103                       sp d16c_ret


                         d16c_ret:                          ;; Return from draw_16seg_char
@1103:074000                       sp 0                     ; @@WrittenBy a0771 JumpedToBy a1056 a1071 a1074 a1102

                        d16c_argx:
@1104:000000                       .word 0                  ; @@WrittenBy a0740 ReadBy a1064
                        d16c_argy:
@1105:000000                       .word 0                  ; @@WrittenBy a0742 ReadBy a1061
                 d16c_lcl_seg_map:
@1106:000000                       .word 0                  ; @@WrittenBy a1020 a1037 ReadBy a1033 a1035
               d16c_lcl_descender:
@1107:000000                       .word 0                  ; @@WrittenBy a1022 ReadBy a1060
                d16c_lcl_loop_cnt:
@1110:000000                       .word 0                  ; @@WrittenBy a1024 a1051 ReadBy a1051
                                   ;


                                   ; ---------------------------
                                   ; The following table, indexed by ASCII character, gives a bit map of which of the 16
                                   ; segments should be lit for each symbol.
                                   ; This pointer gets overwritten by one of the following two depending on the last Shift character.
                                   ; Apr 19, 2026 - I modified the table to add a second word per character to give an extra y-offset to
                                   ; each character, to accommodate lower case descenders.
             SixteenSegmentFlexop:
@1111:001314                       .word flexo_lcase        ; flexowriter defaults to lower case @@WrittenBy a1070 a1073 ReadBy a1013
                                   ;DescenderFlexop:
                                   ;            .word descender_lcase       ; flexowriter defaults to lower case
             SixteenSegmentUpperp:
@1112:001114                       .word flexo_ucase        ; @@ReadBy a1067
                                   ;DescenderUpperp:
                                   ;            .word descender_ucase
             SixteenSegmentLowerp:
@1113:001314                       .word flexo_lcase        ; @@ReadBy a1072
                                   ;DescenderLowerp:
                                   ;            .word descender_lcase

                      flexo_ucase:
@1114:125074                       .word 0o125074           ; /* # */
@1115:000000                       .word 0
@1116:125074                       .word 0o125074           ; /* # */
@1117:000000                       .word 0
@1120:100363                       .word 0o100363           ; /* E */
@1121:000000                       .word 0
@1122:104377                       .word 0o104377           ; /* 8 */
@1123:000000                       .word 0
@1124:125074                       .word 0o125074           ; /* # */
@1125:000000                       .word 0
@1126:000060                       .word 0o000060           ; /* _ */
@1127:000000                       .word 0
@1130:104317                       .word 0o104317           ; /* A */
@1131:000000                       .word 0
@1132:004077                       .word 0o004077           ; /* 3 */
@1133:000000                       .word 0
@1134:000000                       .word 0o000000           ; /* (space) */
@1135:000000                       .word 0
@1136:021000                       .word 0o021000           ; /* : */
@1137:000000                       .word 0
@1140:104273                       .word 0o104273           ; /* S */
@1141:000000                       .word 0
@1142:104214                       .word 0o104214           ; /* 4 */
@1143:000000                       .word 0
@1144:021063                       .word 0o021063           ; /* I */
@1145:000000                       .word 0
@1146:042000                       .word 0o042000           ; /* / */
@1147:000000                       .word 0
@1150:000374                       .word 0o000374           ; /* U */
@1151:000000                       .word 0
@1152:104167                       .word 0o104167           ; /* 2 */
@1153:000000                       .word 0
@1154:177777                       .word 0o177777           ; /* (del) */
@1155:000000                       .word 0
@1156:040400                       .word 0o040400           ; /* ) */
@1157:000000                       .word 0
@1160:021077                       .word 0o021077           ; /* D */
@1161:000000                       .word 0
@1162:110263                       .word 0o110263           ; /* 5 */
@1163:000000                       .word 0
@1164:114307                       .word 0o114307           ; /* R */
@1165:000000                       .word 0
@1166:002014                       .word 0o002014           ; /* 1 */
@1167:000000                       .word 0
@1170:000174                       .word 0o000174           ; /* J */
@1171:000000                       .word 0
@1172:000017                       .word 0o000017           ; /* 7 */
@1173:000000                       .word 0
@1174:010714                       .word 0o010714           ; /* N */
@1175:000000                       .word 0
@1176:012000                       .word 0o012000           ; /* ( */
@1177:000000                       .word 0
@1200:100303                       .word 0o100303           ; /* F */
@1201:000000                       .word 0
@1202:104373                       .word 0o104373           ; /* 6 */
@1203:000000                       .word 0
@1204:000363                       .word 0o000363           ; /* C */
@1205:000000                       .word 0
@1206:104000                       .word 0o104000           ; /* - */
@1207:000000                       .word 0
@1210:112300                       .word 0o112300           ; /* K */
@1211:000000                       .word 0
@1212:125074                       .word 0o125074           ; /* # */
@1213:000000                       .word 0
@1214:021003                       .word 0o021003           ; /* T */
@1215:000000                       .word 0
@1216:125074                       .word 0o125074           ; /* # */
@1217:000000                       .word 0
@1220:042063                       .word 0o042063           ; /* Z */
@1221:000000                       .word 0
@1222:177777                       .word 0o177777           ; /* (del) */
@1223:000000                       .word 0
@1224:000360                       .word 0o000360           ; /* L */
@1225:000000                       .word 0
@1226:000000                       .word 0o000000           ; /* (space) */
@1227:000000                       .word 0
@1230:050314                       .word 0o050314           ; /* W */
@1231:000000                       .word 0
@1232:125074                       .word 0o125074           ; /* # */
@1233:000000                       .word 0
@1234:104314                       .word 0o104314           ; /* H */
@1235:000000                       .word 0
@1236:000000                       .word 0o000000           ; /* (space) */
@1237:000000                       .word 0
@1240:104274                       .word 0o104274           ; /* Y */
@1241:000000                       .word 0
@1242:125074                       .word 0o125074           ; /* # */
@1243:000000                       .word 0
@1244:104307                       .word 0o104307           ; /* P */
@1245:000000                       .word 0
@1246:125074                       .word 0o125074           ; /* # */
@1247:000000                       .word 0
@1250:010377                       .word 0o010377           ; /* Q */
@1251:000000                       .word 0
@1252:125074                       .word 0o125074           ; /* # */
@1253:000000                       .word 0
@1254:000377                       .word 0o000377           ; /* O */
@1255:000000                       .word 0
@1256:177777                       .word 0o177777           ; /* (del) */
@1257:000000                       .word 0
@1260:025077                       .word 0o025077           ; /* B */
@1261:000000                       .word 0
@1262:125074                       .word 0o125074           ; /* # */
@1263:000000                       .word 0
@1264:004373                       .word 0o004373           ; /* G */
@1265:000000                       .word 0
@1266:125074                       .word 0o125074           ; /* # */
@1267:000000                       .word 0
@1270:104277                       .word 0o104277           ; /* 9 */
@1271:000000                       .word 0
@1272:125074                       .word 0o125074           ; /* # */
@1273:000000                       .word 0
@1274:002714                       .word 0o002714           ; /* M */
@1275:000000                       .word 0
@1276:177777                       .word 0o177777           ; /* (del) */
@1277:000000                       .word 0
@1300:052400                       .word 0o052400           ; /* X */
@1301:000000                       .word 0
@1302:125074                       .word 0o125074           ; /* # */
@1303:000000                       .word 0
@1304:042300                       .word 0o042300           ; /* V */
@1305:000000                       .word 0
@1306:177777                       .word 0o177777           ; /* (del) */
@1307:000000                       .word 0
@1310:042377                       .word 0o042377           ; /* 0 */
@1311:000000                       .word 0
@1312:177777                       .word 0o177777           ; /* (del) */
@1313:000000                       .word 0



                                   ;SixteenSegmentLower:
                      flexo_lcase:
@1314:125074                       .word 0o125074           ; /* # */
@1315:000000                       .word 0
@1316:125074                       .word 0o125074           ; /* # */
@1317:000000                       .word 0
@1320:140140                       .word 0o140140           ; /* e */
@1321:000000                       .word 0
@1322:104377                       .word 0o104377           ; /* 8 */
@1323:000000                       .word 0
@1324:125074                       .word 0o125074           ; /* # */
@1325:000000                       .word 0
@1326:021000                       .word 0o021000           ; /* | */
@1327:000000                       .word 0
@1330:120160                       .word 0o120160           ; /* a */
@1331:000000                       .word 0
@1332:004077                       .word 0o004077           ; /* 3 */
@1333:000000                       .word 0
@1334:000000                       .word 0o000000           ; /* (space) */
@1335:000000                       .word 0
@1336:104060                       .word 0o104060           ; /* = */
@1337:000000                       .word 0
@1340:120241                       .word 0o120241           ; /* s */
@1341:000000                       .word 0
@1342:104214                       .word 0o104214           ; /* 4 */
@1343:000000                       .word 0
@1344:020000                       .word 0o020000           ; /* i */
@1345:000000                       .word 0
@1346:125000                       .word 0o125000           ; /* + */
@1347:000000                       .word 0
@1350:020140                       .word 0o020140           ; /* u */
@1351:000000                       .word 0
@1352:104167                       .word 0o104167           ; /* 2 */
@1353:000000                       .word 0
@1354:177777                       .word 0o177777           ; /* (del) */
@1355:000000                       .word 0
@1356:010000                       .word 0o010000           ; /* . */
@1357:000000                       .word 0
@1360:024034                       .word 0o024034           ; /* d */
@1361:000000                       .word 0
@1362:110263                       .word 0o110263           ; /* 5 */
@1363:000000                       .word 0
@1364:100100                       .word 0o100100           ; /* r */
@1365:000000                       .word 0
@1366:002014                       .word 0o002014           ; /* 1 */
@1367:000000                       .word 0
@1370:021140                       .word 0o021140           ; /* j */
@1371:173377                       .word -HEIGHT_16SEG / 2 * 64; descender
@1372:000017                       .word 0o000017           ; /* 7 */
@1373:000000                       .word 0
@1374:120100                       .word 0o120100           ; /* n */
@1375:000000                       .word 0
@1376:040000                       .word 0o040000           ; /* , */
@1377:000000                       .word 0
@1400:125002                       .word 0o125002           ; /* f */
@1401:000000                       .word 0
@1402:104373                       .word 0o104373           ; /* 6 */
@1403:000000                       .word 0
@1404:100140                       .word 0o100140           ; /* c */
@1405:000000                       .word 0
@1406:104000                       .word 0o104000           ; /* - */
@1407:000000                       .word 0
@1410:033000                       .word 0o033000           ; /* k */
@1411:000000                       .word 0
@1412:125074                       .word 0o125074           ; /* # */
@1413:000000                       .word 0
@1414:100340                       .word 0o100340           ; /* t */
@1415:000000                       .word 0
@1416:125074                       .word 0o125074           ; /* # */
@1417:000000                       .word 0
@1420:140040                       .word 0o140040           ; /* z */
@1421:000000                       .word 0
@1422:177777                       .word 0o177777           ; /* (del) */
@1423:000000                       .word 0
@1424:000300                       .word 0o000300           ; /* l */
@1425:000000                       .word 0
@1426:000000                       .word 0o000000           ; /* (space) */
@1427:000000                       .word 0
@1430:050110                       .word 0o050110           ; /* w */
@1431:000000                       .word 0
@1432:125074                       .word 0o125074           ; /* # */
@1433:000000                       .word 0
@1434:120300                       .word 0o120300           ; /* h */
@1435:000000                       .word 0
@1436:000000                       .word 0o000000           ; /* (space) */
@1437:000000                       .word 0
@1440:005034                       .word 0o005034           ; /* y */
@1441:173377                       .word -HEIGHT_16SEG / 2 * 64; descender
@1442:125074                       .word 0o125074           ; /* # */
@1443:000000                       .word 0
@1444:101301                       .word 0o101301           ; /* p */
@1445:173377                       .word -HEIGHT_16SEG / 2 * 64; descender
@1446:125074                       .word 0o125074           ; /* # */
@1447:000000                       .word 0
@1450:121201                       .word 0o121201           ; /* q */
@1451:173377                       .word -HEIGHT_16SEG / 2 * 64; descender
@1452:125074                       .word 0o125074           ; /* # */
@1453:000000                       .word 0
@1454:120140                       .word 0o120140           ; /* o */
@1455:000000                       .word 0
@1456:177777                       .word 0o177777           ; /* (del) */
@1457:000000                       .word 0
@1460:120340                       .word 0o120340           ; /* b */
@1461:000000                       .word 0
@1462:125074                       .word 0o125074           ; /* # */
@1463:000000                       .word 0
@1464:121241                       .word 0o121241           ; /* g */
@1465:173377                       .word -HEIGHT_16SEG / 2 * 64; descender
@1466:125074                       .word 0o125074           ; /* # */
@1467:000000                       .word 0
@1470:104277                       .word 0o104277           ; /* 9 */
@1471:000000                       .word 0
@1472:125074                       .word 0o125074           ; /* # */
@1473:000000                       .word 0
@1474:124110                       .word 0o124110           ; /* m */
@1475:000000                       .word 0
@1476:177777                       .word 0o177777           ; /* (del) */
@1477:000000                       .word 0
@1500:052400                       .word 0o052400           ; /* x */
@1501:000000                       .word 0
@1502:125074                       .word 0o125074           ; /* # */
@1503:000000                       .word 0
@1504:040100                       .word 0o040100           ; /* v */
@1505:000000                       .word 0
@1506:177777                       .word 0o177777           ; /* (del) */
@1507:000000                       .word 0
@1510:042377                       .word 0o042377           ; /* 0 */
@1511:000000                       .word 0
@1512:177777                       .word 0o177777           ; /* (del) */
@1513:000000                       .word 0


                                   ; // size of 16-segment characters
                                   .pp WIDTH_16SEG, 0o60
                                   .pp HEIGHT_16SEG, 0o110
                                   .pp OFFSET_16SEG, 0o10   ; 0d08
                                   .pp SPACING_16SEGX, (WIDTH_16SEG + WIDTH_16SEG / 4) * 64
                                   .pp SPACING_16SEGY, (HEIGHT_16SEG + HEIGHT_16SEG / 4) * 64
                                   ;
                                   ; Delta word for vectors
                                   ;  Left 8 bits are horizontal, right 8 are vertical
                                   ;  Of each, only the six left bits are used

                                   .pp DOWN_LEFT, ((127 - (OFFSET_16SEG - 3)) * 256 * 2) + (255 - HEIGHT_16SEG)
                                   .pp UP_RIGHT, (OFFSET_16SEG - 3) * 256 * 2 + HEIGHT_16SEG
                                   .pp HORIZ_RIGHT, WIDTH_16SEG * 256

                                   .pp UP_RIGHT_DIAG, ((OFFSET_16SEG + WIDTH_16SEG) * 256) + HEIGHT_16SEG
                                   .pp DOWN_RIGHT_DIAG, ((WIDTH_16SEG - OFFSET_16SEG) * 256) + (255 - HEIGHT_16SEG)

                                   ;
                                   ; // these defines give the relative offsets for the points
                                   ; // that make up a 16-segment display
                                   .pp P0x, 64 * OFFSET_16SEG
                                   .pp P0y, 64 * HEIGHT_16SEG

                                   .pp P1x, 64 * (OFFSET_16SEG + WIDTH_16SEG / 2)
                                   .pp P1y, 64 * HEIGHT_16SEG

                                   .pp P2x, 64 * (OFFSET_16SEG + WIDTH_16SEG)
                                   .pp P2y, 64 * HEIGHT_16SEG

                                   .pp P3x, 64 * (OFFSET_16SEG / 2 + WIDTH_16SEG)
                                   .pp P3y, 64 * HEIGHT_16SEG / 2

                                   .pp P4x, 64 * WIDTH_16SEG
                                   .pp P4y, 64 * 0

                                   .pp P5x, 64 * WIDTH_16SEG / 2;  P0...P1...P2
                                   .pp P5y, 64 * 0          ;  .         .
                                   ;  .         .
                                   .pp P6x, 64 * 0          ;  .         .
                                   .pp P6y, 64 * 0          ;  P7...P8...P3
                                   ;  .         .
                                   .pp P7x, 64 * OFFSET_16SEG / 2;  .         .
                                   .pp P7y, 64 * HEIGHT_16SEG / 2;  .         .
                                   ;  P6...P5...P4

                                   .pp P8x, 64 * (OFFSET_16SEG / 2 + WIDTH_16SEG / 2)
                                   .pp P8y, 64 * HEIGHT_16SEG / 2

                                   ;
                                   ; // and this array gives sixteen starting points and delta for each line
                                   ; // segment in the 16-segment display character.

                   seg_tab_startp:
@1514:001515                       .word seg00x

@1515:001000               seg00x: .word P0x                ;   {P0, P1}
@1516:011000               seg00y: .word P0y
@1517:030000               seg00d: .word HORIZ_RIGHT

@1520:004000               seg01x: .word P1x                ;   {P1, P2},
@1521:011000               seg01y: .word P1y
@1522:030000               seg01d: .word HORIZ_RIGHT

@1523:007000               seg02x: .word P2x                ;   {P2, P3},
@1524:011000               seg02y: .word P2y
@1525:172267               seg02d: .word DOWN_LEFT

@1526:006400               seg03x: .word P3x                ;   {P3, P4},
@1527:004400               seg03y: .word P3y
@1530:172267               seg03d: .word DOWN_LEFT

@1531:003000               seg04x: .word P5x                ;   {P4, P5},
@1532:000000               seg04y: .word P5y
@1533:030000               seg04d: .word HORIZ_RIGHT

@1534:000000               seg05x: .word P6x                ;   {P5, P6},
@1535:000000               seg05y: .word P6y
@1536:030000               seg05d: .word HORIZ_RIGHT

@1537:000000               seg06x: .word P6x                ;   {P6, P7},
@1540:000000               seg06y: .word P6y
@1541:005110               seg06d: .word UP_RIGHT

@1542:000400               seg07x: .word P7x                ;   {P7, P0},
@1543:004400               seg07y: .word P7y
@1544:005110               seg07d: .word UP_RIGHT

@1545:001000               seg08x: .word P0x                ;   {P0, P8},
@1546:011000               seg08y: .word P0y
@1547:024267               seg08d: .word DOWN_RIGHT_DIAG

@1550:004000               seg09x: .word P1x                ;   {P1, P8},
@1551:011000               seg09y: .word P1y
@1552:172267               seg09d: .word DOWN_LEFT
                                   ;
@1553:003400               seg10x: .word P8x                ;   {P2, P8},
@1554:004400               seg10y: .word P8y
@1555:034110               seg10d: .word UP_RIGHT_DIAG

@1556:003400               seg11x: .word P8x                ;   {P3, P8},
@1557:004400               seg11y: .word P8y
@1560:030000               seg11d: .word HORIZ_RIGHT

@1561:003400               seg12x: .word P8x                ;   {P4, P8},
@1562:004400               seg12y: .word P8y
@1563:024267               seg12d: .word DOWN_RIGHT_DIAG

@1564:003400               seg13x: .word P8x                ;   {P5, P8},
@1565:004400               seg13y: .word P8y
@1566:172267               seg13d: .word DOWN_LEFT

@1567:000000               seg14x: .word P6x                ;   {P6, P8},
@1570:000000               seg14y: .word P6y
@1571:034110               seg14d: .word UP_RIGHT_DIAG

@1572:000400               seg15x: .word P7x                ;   {P7, P8},
@1573:004400               seg15y: .word P7y
@1574:030000               seg15d: .word HORIZ_RIGHT

                     seg_tab_endp:
@1575:001572                       .word seg15x             ; @@ReadBy a1025
                    char_xspacing:
@1576:007400                       .word SPACING_16SEGX     ; @@ReadBy a1054
                    char_yspacing:
@1577:013200                       .word SPACING_16SEGY     ; @@ReadBy a0072 a1100


                                   ;
                                   ;
                                   ;
                                   ; Character Table license
                                   ;
                                   ; /*
                                   ;  *  Project     Segmented LED Display - ASCII Library
                                   ;  *  @author     David Madison
                                   ;  *  @link       github.com/dmadison/Segmented-LED-Display-ASCII
                                   ;  *  @license    MIT - Copyright (c) 2017 David Madison
                                   ;  *
                                   ;  * Permission is hereby granted, free of charge, to any person obtaining a copy
                                   ;  * of this software and associated documentation files (the "Software"), to deal
                                   ;  * in the Software without restriction, including without limitation the rights
                                   ;  * to use, copy, modify, merge, publish, distribute, sublicense, and/or sell
                                   ;  * copies of the Software, and to permit persons to whom the Software is
                                   ;  * furnished to do so, subject to the following conditions:
                                   ;  *
                                   ;  * The above copyright notice and this permission notice shall be included in
                                   ;  * all copies or substantial portions of the Software.
                                   ;  *
                                   ;  * THE SOFTWARE IS PROVIDED "AS IS", WITHOUT WARRANTY OF ANY KIND, EXPRESS OR
                                   ;  * IMPLIED, INCLUDING BUT NOT LIMITED TO THE WARRANTIES OF MERCHANTABILITY,
                                   ;  * FITNESS FOR A PARTICULAR PURPOSE AND NONINFRINGEMENT. IN NO EVENT SHALL THE
                                   ;  * AUTHORS OR COPYRIGHT HOLDERS BE LIABLE FOR ANY CLAIM, DAMAGES OR OTHER
                                   ;  * LIABILITY, WHETHER IN AN ACTION OF CONTRACT, TORT OR OTHERWISE, ARISING FROM,
                                   ;  * OUT OF OR IN CONNECTION WITH THE SOFTWARE OR THE USE OR OTHER DEALINGS IN
                                   ;  * THE SOFTWARE.
                                   ;  *
                                   ;  */
                                   ;
                                   ;
                                   ; /*********************************************************************************************************
                                   ;   END FILE
                                   ; *********************************************************************************************************/

