                          .org 0
@0000:000000      c_zero: .word 0                  ; @@ReadBy a0047
@0001:000001       c_one: .word 1                  ; @@ReadBy wait

                          ; set the default menu choice to Vibrating String
                          .switch RightInterventionReg, 0o11
                          .org 0o40

                    main:
@0040:000300              si 0o300                 ; read Activate Register Zero ; Auto-Annotate I/O: Intervention and Activate Device@@JumpedToBy a0046 a0053
@0041:014000              rd 0                     ; one of them ("upper", I think) is WW Bit Zero
@0042:070047              cp get_input

@0043:104101              cs delay_val
@0044:110001        wait: ad c_one                 ; The loop spins so fast you can't tell it's running @@JumpedToBy a0045
@0045:070044              cp wait                  ; Adding a bit of delay will allow the program counter to keep up

@0046:074040              sp main

               get_input:
@0047:100000              ca 0                     ; @@JumpedToBy a0042
@0050:000337              si 0o337                 ; read the RMIR ; Auto-Annotate I/O: Intervention and Activate Device
@0051:014000              rd 0
@0052:040100              ts return_code
                          .exec exit(cm.rd(0o100))
@0053:074040              sp main

                          .org 0o100
@0100:000000 return_code: .word 0                  ; @@WrittenBy a0052
@0101:003720   delay_val: .word 2000               ; decimal 2K -> .1 sec @@ReadBy a0043
