                    .ORG 0o00000             ; @@WrittenBy a2113 r2213
@0000:000000 i0000: .word 0o0                ; @@WrittenBy w0750 w1007 r1337 a1501 a1541 i1602 w1606 a1637 a1656 ReadBy a0640 a0655 a0730 i0735 a0747 a0753 w1007 a1010 a1112 a1123 i1164 a1174 i1204 w1245 w1247 a1251 i1261 r1301 i1331 r1337 w1342 w1347 a1366 i1410 a1433 a1447 i1451 a1507 a1543 r1563 w1606 a1616 w1641 a1652 a1656 a1724 a2116 a2147 a2275 a2300 a2310 a2322 a2340 w2352 w2354 a2356 a2417 r2430 i2445 JumpedToBy a0646 i0732 i0742 w0751 w1077 i1147 w1200 w1272 w1314 w1353 w1463 w1740 w2047 w2052 w2105 w2235 i2471 i2476
@0001:000001 i0001: .word 0o1                ; @@ReadBy i0664 i1016 i1022 a1056 a1145 a1311 i1367 a1406 a1424 a1426 a1430 i1464 a1534 a1545 r1667 a1737 a1751 a1760 a2156 a2160 a2231 a2233 a2274 a2365 a2371 a2375 JumpedToBy a1346 r1361
                    .ORG 0o00630             ; @@WrittenBy a2201 ReadBy i0757 JumpedToBy a2210 r2212
@0630:000027        si 0o27                  ; ; Auto-Annotate I/O: unknown i/o device
@0631:105607 r0631: cs r1607                 ; @@ReadBy a0637
@0632:111363 i0632: ad r1363                 ; @@JumpedToBy i1444
@0633:154003        slr 0o00003              ;
@0634:111641        ad w1641                 ;
@0635:111504        ad r1504                 ;
@0636:045451        td i1451                 ;
@0637:134631        dm r0631                 ;
@0640:134000        dm i0000                 ;
@0641:071445        cp i1445                 ;

@0642:075451        sp i1451                 ;

@0643:014643 i0643: rd 0o643                 ; @@JumpedToBy a2301
@0644:074732        sp i0732                 ;

@0645:000021 r0645: si 0o21                  ; ; Auto-Annotate I/O: unknown i/o device@@ReadBy a2277
@0646:074000        sp i0000                 ;
@0647:100740        ca w0740                 ;
@0650:115575 i0650: su r1575                 ; @@JumpedToBy w1001
@0651:070742        cp i0742                 ;

@0652:000207        si 0o207                 ; ; Auto-Annotate I/O: Paper Tape Punch
@0653:101410        ca i1410                 ;
@0654:076045        sp i2045                 ;
@0655:100000        ca i0000                 ;
@0656:044740        td w0740                 ;
@0657:106003        cs r2003                 ;
@0660:074741        sp i0741                 ;

@0661:050751 i0661: ta w0751                 ; @@JumpedToBy a1121
@0662:045606        td w1606                 ;
@0663:074746        sp i0746                 ;

@0664:110001 i0664: ad i0001                 ; @@JumpedToBy w1234 a1454
@0665:071052        cp i1052                 ;

@0666:075727        sp i1727                 ;

@0667:000000 w0667: .word 0o0                ; @@WrittenBy a1567 ReadBy i1171 a1554
@0670:000000 w0670: .word 0o0                ; @@WrittenBy a1170 i1452 i1455 i1457 i1474 a1511 a1643 a1706 ReadBy a1030 a1034 i1271 a1456 a1477 r1607 i1642
@0671:000000 w0671: .word 0o0                ; @@WrittenBy i1224 i1233 a1333 ReadBy a1053 a1231 a1240 a1267
@0672:111644 i0672: ad r1644                 ; @@JumpedToBy a1636
@0673:075640        sp i1640                 ;

@0674:154000        slr 0o00000              ;
@0675:075114        sp i1114                 ;

@0676:045272 i0676: td w1272                 ; @@JumpedToBy a1710
@0677:075460        sp i1460                 ;

@0700:000207 i0700: si 0o207                 ; ; Auto-Annotate I/O: Paper Tape Punch@@JumpedToBy w1620 a1756
@0701:101773        ca w1773                 ;
@0702:076045        sp i2045                 ;
@0703:101774        ca w1774                 ;
@0704:076045        sp i2045                 ;
@0705:105775 i0705: cs w1775                 ; @@JumpedToBy a0710
@0706:076045        sp i2045                 ;
@0707:131773        ao w1773                 ;
@0710:070705        cp i0705                 ;

@0711:101102        ca r1102                 ;
@0712:076045        sp i2045                 ;
@0713:101776        ca w1776                 ;
@0714:076045        sp i2045                 ;
@0715:076267 w0715: sp i2267                 ; @@WrittenBy a2245

@0716:000040 r0716: si 0o40                  ; ; Auto-Annotate I/O: unknown i/o device@@ReadBy i1373
@0717:101651 i0717: ca r1651                 ; @@JumpedToBy i1413
@0720:045075        td w1075                 ;
@0721:075417        sp i1417                 ;

@0722:050732        ta i0732                 ;
@0723:101563        ca r1563                 ;
@0724:041347        ts w1347                 ;
@0725:000211        si 0o211                 ; ; Auto-Annotate I/O: PhotoElectric Reader
@0726:075330 i0726: sp i1330                 ; @@JumpedToBy i2271
@0727:115167        su r1167                 ;
@0730:134000        dm i0000                 ;
@0731:076271        sp i2271                 ;

@0732:074000 i0732: sp i0000                 ; @@WrittenBy a0722 JumpedToBy a0644 a2276

@0733:041641 i0733: ts w1641                 ; @@JumpedToBy a1423
@0734:074752        sp i0752                 ;

@0735:100000 i0735: ca i0000                 ; @@JumpedToBy a1732
@0736:045007        td w1007                 ;
@0737:075254        sp i1254                 ;

@0740:014000 w0740: rd 0o0                   ; @@WrittenBy a0656 ReadBy a0647
@0741:075202 i0741: sp i1202                 ; @@JumpedToBy a0660

@0742:074000 i0742: sp i0000                 ; @@JumpedToBy a0651 r2225
@0743:050751 i0743: ta w0751                 ; @@JumpedToBy a0777
@0744:075074        sp i1074                 ;
@0745:101075        ca w1075                 ;
@0746:044750 i0746: td w0750                 ; @@JumpedToBy a0663
@0747:100000        ca i0000                 ;
@0750:040000 w0750: ts i0000                 ; @@WrittenBy i0746
@0751:074000 w0751: sp i0000                 ; @@WrittenBy i0661 i0743

@0752:135177 i0752: dm r1177                 ; @@JumpedToBy a0734
@0753:134000        dm i0000                 ;
@0754:071254        cp i1254                 ;

@0755:101641        ca w1641                 ;
@0756:075464        sp i1464                 ;

@0757:100002 i0757: ca 0o0002                ; @@JumpedToBy a1621 a2173
@0760:071254        cp i1254                 ;

@0761:075727        sp i1727                 ;

@0762:000000        .word 0o0
@0763:122000 r0763: cm r2000                 ; @@ReadBy a0765 i2416
@0764:000225 i0764: si 0o225                 ; ; Auto-Annotate I/O: FlexoPrinter@@JumpedToBy a2114
@0765:100763        ca r0763                 ;
@0766:024000        rc 0o0                   ;
@0767:075367        sp i1367                 ;

@0770:045154 i0770: td i1154                 ; @@WrittenBy a2135 JumpedToBy a1407
@0771:000600        si 0o600                 ; ; Auto-Annotate I/O: Display Points
@0772:075410        sp i1410                 ;

@0773:051001 i0773: ta w1001                 ; @@JumpedToBy i1002 i1213 a1257 a2264 a2313
@0774:101102        ca r1102                 ;
@0775:075074        sp i1074                 ;
@0776:101101        ca w1101                 ;
@0777:074743        sp i0743                 ;
@1000:075140 w1000: sp i1140                 ; @@WrittenBy a2123
@1001:074650 w1001: sp i0650                 ; @@WrittenBy i0773

@1002:074773 i1002: sp i0773                 ; @@JumpedToBy a1536
@1003:075401        sp i1401                 ;

@1004:040400 r1004: ts 0o0400                ; @@ReadBy a1255 a2014
@1005:000050 r1005: si 0o50                  ; ; Auto-Annotate I/O: unknown i/o device@@ReadBy a1747
@1006:040627        ts 0o0627                ;
@1007:064000 w1007: ex i0000                 ; @@WrittenBy a0736 a1771 ReadBy a1730
@1010:114000        su i0000                 ;
@1011:071727        cp i1727                 ;

@1012:115502        su r1502                 ;
@1013:075233        sp i1233                 ;

@1014:041234 i1014: ts w1234                 ; @@JumpedToBy a1264
@1015:075727        sp i1727                 ;

@1016:110001 i1016: ad i0001                 ; @@JumpedToBy a1106
@1017:071107        cp i1107                 ;

@1020:075131 w1020: sp i1131                 ; @@WrittenBy a1103 ReadBy a1064

@1021:076445 r1021: sp i2445                 ; @@ReadBy a1227 a2330

@1022:114001 i1022: su i0001                 ; @@WrittenBy a1653 JumpedToBy a1761
@1023:075354        sp i1354                 ;
@1024:065436        ex w1436                 ;
@1025:041774        ts w1774                 ;
@1026:115436        su w1436                 ;
@1027:041773        ts w1773                 ;
@1030:104670        cs w0670                 ;
@1031:041775        ts w1775                 ;
@1032:145773        mh w1773                 ;
@1033:155017        slh 0o00017              ;
@1034:124670        sa w0670                 ;
@1035:125774        sa w1774                 ;
@1036:041776 r1036: ts w1776                 ; @@ReadBy a1071
@1037:075755        sp i1755                 ;

@1040:031136        sd i1136                 ;
@1041:031114        sd i1114                 ;
@1042:075104        sp i1104                 ;

@1043:014424        rd 0o424                 ;
@1044:034414        cf 0o414                 ;
@1045:010214        bi 0o0214                ;
@1046:031104        sd i1104                 ;
@1047:031104        sd i1104                 ;
@1050:010604        bi 0o0604                ;
@1051:031122 r1051: sd r1122                 ; @@WrittenBy r1357 ReadBy r1357
@1052:000206 i1052: si 0o206                 ; ; Auto-Annotate I/O: Paper Tape Punch@@JumpedToBy a0665 r1614
@1053:100671        ca w0671                 ;
@1054:115362        su r1362                 ;
@1055:071236        cp i1236                 ;

@1056:114001        su i0001                 ;
@1057:071261        cp i1261                 ;

@1060:075236        sp i1236                 ;

@1061:071134        cp i1134                 ;

@1062:004134        .word 0o004134
@1063:045114        td i1114                 ;
@1064:021020        bo w1020                 ;
@1065:075114        sp i1114                 ;

@1066:005114        .word 0o005114
@1067:074204        sp 0o0204                ;

@1070:005114        .word 0o005114
@1071:021036        bo r1036                 ;
@1072:010216        bi 0o0216                ;
@1073:045114        td i1114                 ;
@1074:051077 i1074: ta w1077                 ; @@JumpedToBy a0744 a0775 a1115 a1117 a1124 a1130 a1610
@1075:040041 w1075: ts 0o0041                ; @@WrittenBy a0720 a1076 a1405 ReadBy a0745 a1076 i1120 i1254
@1076:131075        ao w1075                 ;
@1077:074000 w1077: sp i0000                 ; @@WrittenBy i1074

@1100:103155        ca 0o3155                ;
@1101:000000 w1101: .word 0o0                ; @@WrittenBy i1127 a1605 ReadBy a0776 a1116 i1604
@1102:054005 r1102: ck 0o0005                ; @@ReadBy a0711 a0774 i1114
@1103:041020        ts w1020                 ;
@1104:041273 i1104: ts w1273                 ; @@ReadBy a1046 a1047 JumpedToBy a1042 a1556
@1105:115436        su w1436                 ;
@1106:071016        cp i1016                 ;

@1107:101273 i1107: ca w1273                 ; @@JumpedToBy a1017
@1110:041436        ts w1436                 ;
@1111:120041        cm 0o0041                ;
@1112:114000        su i0000                 ;
@1113:071413        cp i1413                 ;

@1114:101102 i1114: ca r1102                 ; @@WrittenBy a1063 a1073 ReadBy a1041 JumpedToBy a0675 a1065 a2270
@1115:075074        sp i1074                 ;
@1116:101101        ca w1101                 ;
@1117:075074        sp i1074                 ;
@1120:101075 i1120: ca w1075                 ; @@JumpedToBy i1417
@1121:074661        sp i0661                 ;
@1122:102041 r1122: ca r2041                 ; @@ReadBy r1051
@1123:100000        ca i0000                 ;
@1124:075074        sp i1074                 ;
@1125:101436        ca w1436                 ;
@1126:075127        sp i1127                 ;

@1127:041101 i1127: ts w1101                 ; @@JumpedToBy a1126
@1130:075074        sp i1074                 ;
@1131:101563 i1131: ca r1563                 ; @@JumpedToBy w1020 a1565 a1570 r1603 w1612 a1650 a1715
@1132:041347        ts w1347                 ;
@1133:101505 i1133: ca r1505                 ; @@JumpedToBy a1772
@1134:045272 i1134: td w1272                 ; @@JumpedToBy a1061
@1135:000211 i1135: si 0o211                 ; ; Auto-Annotate I/O: PhotoElectric Reader@@WrittenBy a1764 JumpedToBy a2443
@1136:075330 i1136: sp i1330                 ; @@ReadBy a1040 JumpedToBy a1427 a1720 a2306 a2423 a2460
@1137:075420 i1137: sp i1420                 ; @@JumpedToBy a2302

@1140:051147 i1140: ta i1147                 ; @@JumpedToBy w1000
@1141:105526 i1141: cs r1526                 ; @@JumpedToBy a1163
@1142:075201        sp i1201                 ;
@1143:000207        si 0o207                 ; ; Auto-Annotate I/O: Paper Tape Punch
@1144:104041 w1144: cs 0o0041                ; @@WrittenBy a1157 w1404
@1145:110001        ad i0001                 ;
@1146:071150 w1146: cp i1150                 ; @@WrittenBy a2243

@1147:074000 i1147: sp i0000                 ; @@WrittenBy i1140 JumpedToBy a2254

@1150:116012 i1150: su r2012                 ; @@JumpedToBy w1146 i2252
@1151:041641        ts w1641                 ;
@1152:112012        ad r2012                 ;
@1153:076045        sp i2045                 ;
@1154:100042 i1154: ca 0o0042                ; @@WrittenBy i0770 a1156 a1162 ReadBy a1156 a1162 JumpedToBy a1161
@1155:076045        sp i2045                 ;
@1156:131154        ao i1154                 ;
@1157:045144        td w1144                 ;
@1160:131641        ao w1641                 ;
@1161:071154        cp i1154                 ;

@1162:131154        ao i1154                 ;
@1163:075141        sp i1141                 ;

@1164:134000 i1164: dm i0000                 ; @@JumpedToBy a1550
@1165:071555        cp i1555                 ;

@1166:075562        sp i1562                 ;

@1167:000003 r1167: si 0o3                   ; ; Auto-Annotate I/O: unknown i/o device@@ReadBy a0727 a2272
@1170:044670        td w0670                 ;
@1171:100667 i1171: ca w0667                 ; @@JumpedToBy a1533
@1172:075642        sp i1642                 ;

@1173:075330 i1173: sp i1330                 ; @@JumpedToBy i1673
@1174:134000        dm i0000                 ;
@1175:071721        cp i1721                 ;

@1176:075674        sp i1674                 ;

@1177:177775 r1177: md 0o3775                ; @@ReadBy i0752 i2174 a2237 a2367
@1200:074000 w1200: sp i0000                 ; @@WrittenBy a2025 ReadBy a2034
@1201:052476 i1201: ta i2476                 ; @@JumpedToBy a1142 a1221 a2473
@1202:041273 i1202: ts w1273                 ; @@WrittenBy a2125 JumpedToBy i0741
@1203:000204        si 0o204                 ; ; Auto-Annotate I/O: Paper Tape Punch
@1204:100000 i1204: ca i0000                 ; @@JumpedToBy a1207
@1205:076050        sp i2050                 ;
@1206:131273        ao w1273                 ;
@1207:071204        cp i1204                 ;

@1210:076476 w1210: sp i2476                 ; @@WrittenBy a2500

@1211:045272 w1211: td w1272                 ; @@WrittenBy r1571
@1212:075213        sp i1213                 ;

@1213:074773 i1213: sp i0773                 ; @@JumpedToBy a1212
@1214:101361 w1214: ca r1361                 ; @@WrittenBy a2131
@1215:076045        sp i2045                 ;
@1216:101272        ca w1272                 ;
@1217:076045        sp i2045                 ;
@1220:105651        cs r1651                 ;
@1221:075201        sp i1201                 ;
@1222:000001        .word 0o1
@1223:076037        sp i2037                 ;

@1224:040671 i1224: ts w0671                 ; @@JumpedToBy a1726
@1225:170012        clc 0o00012              ;
@1226:024000        rc 0o0                   ;
@1227:101021        ca r1021                 ;
@1230:041347        ts w1347                 ;
@1231:100671        ca w0671                 ;
@1232:075334        sp i1334                 ;

@1233:040671 i1233: ts w0671                 ; @@JumpedToBy a1013
@1234:070664 w1234: cp i0664                 ; @@WrittenBy i1014 a1237 a1266

@1235:075727 r1235: sp i1727                 ; @@ReadBy r1263

@1236:101614 i1236: ca r1614                 ; @@JumpedToBy a1055 a1060
@1237:041234        ts w1234                 ;
@1240:100671        ca w0671                 ;
@1241:111357        ad r1357                 ;
@1242:045245        td w1245                 ;
@1243:111360        ad r1360                 ;
@1244:045247        td w1247                 ;
@1245:100000 w1245: ca i0000                 ; @@WrittenBy a1242
@1246:076050        sp i2050                 ;
@1247:100000 w1247: ca i0000                 ; @@WrittenBy a1244
@1250:076050        sp i2050                 ;
@1251:100000        ca i0000                 ;
@1252:076050        sp i2050                 ;
@1253:075727        sp i1727                 ;

@1254:101075 i1254: ca w1075                 ; @@JumpedToBy a0737 a0754 a0760 a1611
@1255:115004        su r1004                 ;
@1256:071646        cp i1646                 ;

@1257:074773        sp i0773                 ;
@1260:075401        sp i1401                 ;

@1261:100000 i1261: ca i0000                 ; @@JumpedToBy a1057
@1262:076050        sp i2050                 ;
@1263:101235 r1263: ca r1235                 ; @@ReadBy a2120
@1264:075014        sp i1014                 ;

@1265:101614 i1265: ca r1614                 ; @@JumpedToBy a1677 a1716
@1266:041234        ts w1234                 ;
@1267:100671        ca w0671                 ;
@1270:075742        sp i1742                 ;

@1271:100670 i1271: ca w0670                 ; @@JumpedToBy a1522 a1535 a1622
@1272:074000 w1272: sp i0000                 ; @@WrittenBy i0676 i1134 w1211 a1441 a1662 ReadBy a1216 a1441 a1662 a2176
@1273:000000 w1273: .word 0o0                ; @@WrittenBy i1104 i1202 a1206 ReadBy i1107 a1206
@1274:000000 w1274: .word 0o0                ; @@WrittenBy i1302 a1316 a1322 ReadBy i1313 a1316 a1321 a1322 a1471 a1573 a1635 a1657
@1275:000000 w1275: .word 0o0                ; @@WrittenBy i1303 a1323 ReadBy a1323 a1326 a1510
@1276:000000 w1276: .word 0o0                ; @@WrittenBy a1306 a1531 ReadBy i1460 a1544
@1277:000000 r1277: .word 0o0                ; @@ReadBy r1560
@1300:051314 i1300: ta w1314                 ; @@JumpedToBy a1442 i1453 a1470 i1506 i1557 i1576 a1634 a1655
@1301:100000 r1301: ca i0000                 ; @@ReadBy i1315 a1355
@1302:041274 i1302: ts w1274                 ; @@ReadBy a1371 JumpedToBy a1356
@1303:041275 i1303: ts w1275                 ; @@ReadBy a1713 JumpedToBy a1327
@1304:075330        sp i1330                 ;
@1305:071315        cp i1315                 ;

@1306:041276        ts w1276                 ;
@1307:115360        su r1360                 ;
@1310:071313        cp i1313                 ;

@1311:114001        su i0001                 ;
@1312:071315        cp i1315                 ;

@1313:101274 i1313: ca w1274                 ; @@WrittenBy a1372 a1714 JumpedToBy a1310
@1314:074000 w1314: sp i0000                 ; @@WrittenBy i1300 i1354

@1315:141301 i1315: mr r1301                 ; @@JumpedToBy a1305 a1312
@1316:065274        ex w1274                 ;
@1317:145502        mh r1502                 ;
@1320:154017        slr 0o00017              ;
@1321:125274        sa w1274                 ;
@1322:065274        ex w1274                 ;
@1323:065275        ex w1275                 ;
@1324:145503        mh r1503                 ;
@1325:154017        slr 0o00017              ;
@1326:111275        ad w1275                 ;
@1327:075303        sp i1303                 ;

@1330:051353 i1330: ta w1353                 ; @@JumpedToBy i0726 i1136 i1173 a1304 a1466 a1530 a1551 i1631 a1632 i1654 a1663 i1702 i1734 i1757 i2452
@1331:100000 i1331: ca i0000                 ; @@JumpedToBy a1350
@1332:015332        rd 0o1332                ;
@1333:040671        ts w0671                 ;
@1334:161001 i1334: srh 0o00001              ; @@JumpedToBy a1232 a2333
@1335:111523        ad r1523                 ;
@1336:045342        td w1342                 ;
@1337:064000 r1337: ex i0000                 ; @@ReadBy i2400
@1340:154004 r1340: slr 0o00004              ; @@ReadBy r1504
@1341:045344        td w1344                 ;
@1342:100000 w1342: ca i0000                 ; @@WrittenBy a1336
@1343:155000        slh 0o00000              ;
@1344:170000 w1344: clc 0o00000              ; @@WrittenBy a1341
@1345:161010        srh 0o00010              ;
@1346:070001        cp i0001                 ;

@1347:114000 w1347: su i0000                 ; @@WrittenBy a0724 a1132 a1230 a2331 a2422 a2435
@1350:071331        cp i1331                 ;

@1351:115502        su r1502                 ;
@1352:170000        clc 0o00000              ;
@1353:074000 w1353: sp i0000                 ; @@WrittenBy i1330

@1354:051314 i1354: ta w1314                 ; @@JumpedToBy a1023 i1540 i1572 i1627 i1705
@1355:141301        mr r1301                 ;
@1356:075302        sp i1302                 ;

@1357:131051 r1357: ao r1051                 ; @@ReadBy a1241 i2345
@1360:000022 r1360: si 0o22                  ; ; Auto-Annotate I/O: unknown i/o device@@ReadBy a1243 a1307 a2347
@1361:074001 r1361: sp i0001                 ; @@ReadBy w1214

@1362:000005 r1362: si 0o5                   ; ; Auto-Annotate I/O: unknown i/o device@@ReadBy a1054 a1422
@1363:000032 r1363: si 0o32                  ; ; Auto-Annotate I/O: unknown i/o device@@ReadBy i0632 a2453
@1364:101641 i1364: ca w1641                 ; @@JumpedToBy a1666 a1671
@1365:075421        sp i1421                 ;

@1366:020000        bo i0000                 ;
@1367:104001 i1367: cs i0001                 ; @@WrittenBy a2121 JumpedToBy a0767
@1370:042424        ts w2424                 ;
@1371:101302        ca i1302                 ;
@1372:045313        td i1313                 ;
@1373:100716 i1373: ca r0716                 ; @@JumpedToBy r2115
@1374:041436        ts w1436                 ;
@1375:111526        ad r1526                 ;
@1376:046320        td i2320                 ;
@1377:112012        ad r2012                 ;
@1400:045746 r1400: td w1746                 ; @@ReadBy a2035
@1401:075763 i1401: sp i1763                 ; @@JumpedToBy a1003 a1260

@1402:101651 i1402: ca r1651                 ; @@JumpedToBy a1767
@1403:045411        td w1411                 ;
@1404:045144 w1404: td w1144                 ; @@WrittenBy a2133
@1405:045075        td w1075                 ;
@1406:110001        ad i0001                 ;
@1407:074770        sp i0770                 ;

@1410:100000 i1410: ca i0000                 ; @@ReadBy a0653 JumpedToBy a0772
@1411:040041 w1411: ts 0o0041                ; @@WrittenBy a1403
@1412:076265        sp i2265                 ;

@1413:074717 i1413: sp i0717                 ; @@JumpedToBy a1113 a2266

@1414:101414 i1414: ca i1414                 ; @@ReadBy i1414 JumpedToBy a1517
@1415:041641 i1415: ts w1641                 ; @@JumpedToBy a1521
@1416:075631        sp i1631                 ;

@1417:075120 i1417: sp i1120                 ; @@JumpedToBy a0721

@1420:041641 i1420: ts w1641                 ; @@JumpedToBy i1137
@1421:071540 i1421: cp i1540                 ; @@JumpedToBy a1365

@1422:115362        su r1362                 ;
@1423:070733        cp i0733                 ;

@1424:114001        su i0001                 ;
@1425:071673        cp i1673                 ;

@1426:114001        su i0001                 ;
@1427:071136        cp i1136                 ;

@1430:114001        su i0001                 ;
@1431:071654        cp i1654                 ;

@1432:116456        su r2456                 ;
@1433:134000        dm i0000                 ;
@1434:072457        cp i2457                 ;

@1435:076452        sp i2452                 ;

@1436:000000 w1436: .word 0o0                ; @@WrittenBy a1024 a1110 a1374 i1646 ReadBy a1024 a1026 a1105 a1125 i1566 i1646
@1437:101560 i1437: ca r1560                 ; @@JumpedToBy a2455
@1440:045602        td i1602                 ;
@1441:131272        ao w1272                 ;
@1442:075300        sp i1300                 ;
@1443:075457        sp i1457                 ;

@1444:074632 i1444: sp i0632                 ; @@JumpedToBy a2454

@1445:101641 i1445: ca w1641                 ; @@JumpedToBy a0641
@1446:114530        su 0o0530                ;
@1447:134000        dm i0000                 ;
@1450:071452        cp i1452                 ;

@1451:100000 i1451: ca i0000                 ; @@WrittenBy a0636 JumpedToBy a0642
@1452:040670 i1452: ts w0670                 ; @@JumpedToBy a1450
@1453:075300 i1453: sp i1300                 ; @@JumpedToBy a1527
@1454:070664        cp i0664                 ;

@1455:044670 i1455: td w0670                 ; @@JumpedToBy w1600 a1630
@1456:100670        ca w0670                 ;
@1457:040670 i1457: ts w0670                 ; @@JumpedToBy a1443 a1500
@1460:101276 i1460: ca w1276                 ; @@JumpedToBy a0677 a1476 a1645
@1461:111537        ad r1537                 ;
@1462:045463 i1462: td w1463                 ; @@JumpedToBy a1675
@1463:074000 w1463: sp i0000                 ; @@WrittenBy i1462
@1464:110001 i1464: ad i0001                 ; @@JumpedToBy a0756
@1465:041641        ts w1641                 ;
@1466:075330        sp i1330                 ;
@1467:071572        cp i1572                 ;

@1470:075300        sp i1300                 ;
@1471:101274        ca w1274                 ;
@1472:145676        mh r1676                 ;
@1473:154002        slr 0o00002              ;
@1474:040670 i1474: ts w0670                 ; @@JumpedToBy a1574
@1475:101641        ca w1641                 ;
@1476:071460        cp i1460                 ;

@1477:104670        cs w0670                 ;
@1500:075457        sp i1457                 ;

@1501:040000        ts i0000                 ;
@1502:000012 r1502: si 0o12                  ; ; Auto-Annotate I/O: unknown i/o device@@ReadBy a1012 a1317 a1351 a2447
@1503:000010 r1503: si 0o10                  ; ; Auto-Annotate I/O: unknown i/o device@@ReadBy a1324
@1504:105340 r1504: cs r1340                 ; @@ReadBy a0635 a1520
@1505:005601 r1505: .word 0o005601           ; @@ReadBy i1133
@1506:075300 i1506: sp i1300                 ; @@JumpedToBy a1546
@1507:144000        mh i0000                 ;
@1510:101275        ca w1275                 ;
@1511:040670        ts w0670                 ;
@1512:101641        ca w1641                 ;
@1513:170017 r1513: clc 0o00017              ; @@ReadBy r1537
@1514:075642        sp i1642                 ;

@1515:025034        rc 0o1034                ;
@1516:000031 r1516: si 0o31                  ; ; Auto-Annotate I/O: unknown i/o device@@WrittenBy a1617 ReadBy a1617
@1517:075414        sp i1414                 ;

@1520:101504        ca r1504                 ;
@1521:075415        sp i1415                 ;

@1522:075271        sp i1271                 ;

@1523:161777 r1523: srh 0o00777              ; @@ReadBy a1335
@1524:075557        sp i1557                 ;

@1525:075576        sp i1576                 ;

@1526:000002 r1526: si 0o2                   ; ; Auto-Annotate I/O: unknown i/o device@@ReadBy i1141 a1375 a1547 a1552
@1527:075453        sp i1453                 ;

@1530:075330        sp i1330                 ;
@1531:041276        ts w1276                 ;
@1532:071627        cp i1627                 ;

@1533:075171        sp i1171                 ;

@1534:110001        ad i0001                 ;
@1535:071271        cp i1271                 ;

@1536:075002        sp i1002                 ;

@1537:141513 r1537: mr r1513                 ; @@ReadBy a1461
@1540:075354 i1540: sp i1354                 ; @@JumpedToBy i1421
@1541:050000        ta i0000                 ;
@1542:041641        ts w1641                 ;
@1543:124000        sa i0000                 ;
@1544:101276        ca w1276                 ;
@1545:114001        su i0001                 ;
@1546:071506        cp i1506                 ;

@1547:115526        su r1526                 ;
@1550:071164        cp i1164                 ;

@1551:075330        sp i1330                 ;
@1552:115526        su r1526                 ;
@1553:071562        cp i1562                 ;

@1554:100667        ca w0667                 ;
@1555:111641 i1555: ad w1641                 ; @@JumpedToBy a1165
@1556:075104        sp i1104                 ;

@1557:075300 i1557: sp i1300                 ; @@JumpedToBy a1524
@1560:101277 r1560: ca r1277                 ; @@ReadBy i1437
@1561:075642        sp i1642                 ;

@1562:101641 i1562: ca w1641                 ; @@JumpedToBy a1166 a1553
@1563:114000 r1563: su i0000                 ; @@ReadBy a0723 i1131 i2433
@1564:071566        cp i1566                 ;

@1565:075131        sp i1131                 ;

@1566:101436 i1566: ca w1436                 ; @@JumpedToBy a1564
@1567:040667        ts w0667                 ;
@1570:075131        sp i1131                 ;

@1571:045211 r1571: td w1211                 ; @@ReadBy a1707
@1572:075354 i1572: sp i1354                 ; @@JumpedToBy a1467
@1573:101274        ca w1274                 ;
@1574:075474        sp i1474                 ;

@1575:015000 r1575: rd 0o1000                ; @@ReadBy i0650 a1577
@1576:075300 i1576: sp i1300                 ; @@JumpedToBy a1525
@1577:111575        ad r1575                 ;
@1600:075455 w1600: sp i1455                 ; @@WrittenBy a2017

@1601:075604        sp i1604                 ;

@1602:040000 i1602: ts i0000                 ; @@WrittenBy a1440 a1661 JumpedToBy a1670
@1603:075131 r1603: sp i1131                 ; @@ReadBy a1765

@1604:125101 i1604: sa w1101                 ; @@JumpedToBy a1601
@1605:041101        ts w1101                 ;
@1606:130000 w1606: ao i0000                 ; @@WrittenBy a0662
@1607:100670 r1607: ca w0670                 ; @@ReadBy r0631
@1610:075074        sp i1074                 ;
@1611:075254        sp i1254                 ;

@1612:075131 w1612: sp i1131                 ; @@WrittenBy a1766

@1613:000211 r1613: si 0o211                 ; ; Auto-Annotate I/O: PhotoElectric Reader@@ReadBy i1763
@1614:075052 r1614: sp i1052                 ; @@ReadBy i1236 i1265

@1615:000006 r1615: si 0o6                   ; ; Auto-Annotate I/O: unknown i/o device@@ReadBy a1665 a1735
@1616:020000        bo i0000                 ;
@1617:131516        ao r1516                 ;
@1620:070700 w1620: cp i0700                 ; @@WrittenBy a2127

@1621:074757        sp i0757                 ;

@1622:075271        sp i1271                 ;

@1623:177765        md 0o3765                ;
@1624:055641        ck w1641                 ;
@1625:000023 r1625: si 0o23                  ; ; Auto-Annotate I/O: unknown i/o device@@ReadBy i1721
@1626:010071        bi 0o0071                ;
@1627:075354 i1627: sp i1354                 ; @@JumpedToBy a1532
@1630:075455        sp i1455                 ;

@1631:075330 i1631: sp i1330                 ; @@JumpedToBy a1416
@1632:075330        sp i1330                 ;
@1633:035634        cf 0o1634                ;
@1634:075300        sp i1300                 ;
@1635:105274        cs w1274                 ;
@1636:074672        sp i0672                 ;

@1637:060000        ab i0000                 ;
@1640:045641 i1640: td w1641                 ; @@JumpedToBy a0673
@1641:104000 w1641: cs i0000                 ; @@WrittenBy i0733 a1151 a1160 i1415 i1420 a1465 a1542 i1640 a1664 ReadBy a0634 a0755 a1160 i1364 i1445 a1475 a1512 i1555 i1562 a1624
@1642:124670 i1642: sa w0670                 ; @@JumpedToBy a1172 a1514 a1561
@1643:040670        ts w0670                 ;
@1644:120627 r1644: cm 0o0627                ; @@ReadBy i0672 a1660
@1645:075460        sp i1460                 ;

@1646:131436 i1646: ao w1436                 ; @@JumpedToBy a1256
@1647:000211        si 0o211                 ; ; Auto-Annotate I/O: PhotoElectric Reader
@1650:075131        sp i1131                 ;

@1651:000041 r1651: si 0o41                  ; ; Auto-Annotate I/O: unknown i/o device@@ReadBy i0717 a1220 i1402 i2227
@1652:134000        dm i0000                 ;
@1653:165022        sf i1022                 ;
@1654:075330 i1654: sp i1330                 ; @@JumpedToBy a1431
@1655:075300        sp i1300                 ;
@1656:064000        ex i0000                 ;
@1657:105274        cs w1274                 ;
@1660:111644        ad r1644                 ;
@1661:045602        td i1602                 ;
@1662:131272        ao w1272                 ;
@1663:075330        sp i1330                 ;
@1664:041641        ts w1641                 ;
@1665:115615        su r1615                 ;
@1666:071364        cp i1364                 ;

@1667:114001 r1667: su i0001                 ; @@ReadBy r1672
@1670:071602        cp i1602                 ;

@1671:075364        sp i1364                 ;

@1672:151667 r1672: dv r1667                 ; @@ReadBy i1674
@1673:075173 i1673: sp i1173                 ; @@JumpedToBy a1425 a2273

@1674:111672 i1674: ad r1672                 ; @@JumpedToBy a1176 a1722
@1675:075462        sp i1462                 ;

@1676:064334 r1676: ex 0o0334                ; @@ReadBy a1472
@1677:075265        sp i1265                 ;

@1700:076303        sp i2303                 ;

@1701:075742        sp i1742                 ;

@1702:075330 i1702: sp i1330                 ; @@JumpedToBy a1704
@1703:071705        cp i1705                 ;

@1704:075702        sp i1702                 ;

@1705:075354 i1705: sp i1354                 ; @@JumpedToBy a1703
@1706:040670        ts w0670                 ;
@1707:101571        ca r1571                 ;
@1710:074676        sp i0676                 ;

@1711:075757        sp i1757                 ;

@1712:075733        sp i1733                 ;
@1713:101303        ca i1303                 ;
@1714:045313        td i1313                 ;
@1715:075131        sp i1131                 ;

@1716:075265        sp i1265                 ;

@1717:075733        sp i1733                 ;
@1720:075136        sp i1136                 ;

@1721:101625 i1721: ca r1625                 ; @@JumpedToBy a1175
@1722:075674        sp i1674                 ;

@1723:000225 i1723: si 0o225                 ; ; Auto-Annotate I/O: FlexoPrinter@@JumpedToBy a1731 a2262
@1724:100000        ca i0000                 ;
@1725:064042 r1725: ex 0o0042                ; @@WrittenBy i1727 ReadBy i1727
@1726:075224        sp i1224                 ;

@1727:131725 i1727: ao r1725                 ; @@JumpedToBy a0666 a0761 a1011 a1015 r1235 a1253
@1730:115007        su w1007                 ;
@1731:071723        cp i1723                 ;

@1732:074735        sp i0735                 ;

@1733:051740 i1733: ta w1740                 ; @@JumpedToBy a1712 a1717 a2305
@1734:075330 i1734: sp i1330                 ; @@JumpedToBy a1736 a1741
@1735:115615        su r1615                 ;
@1736:071734        cp i1734                 ;

@1737:114001        su i0001                 ;
@1740:070000 w1740: cp i0000                 ; @@WrittenBy i1733

@1741:075734        sp i1734                 ;

@1742:040043 i1742: ts 0o0043                ; @@JumpedToBy a1270 a1701
@1743:170031        clc 0o00031              ;
@1744:040044        ts 0o0044                ;
@1745:015745 i1745: rd 0o1745                ; @@JumpedToBy a1754
@1746:040045 w1746: ts 0o0045                ; @@WrittenBy r1400 i1753 ReadBy i1753 i1770
@1747:115005        su r1005                 ;
@1750:071753        cp i1753                 ;

@1751:114001        su i0001                 ;
@1752:071770        cp i1770                 ;

@1753:131746 i1753: ao w1746                 ; @@JumpedToBy a1750
@1754:075745        sp i1745                 ;

@1755:154000 i1755: slr 0o00000              ; @@JumpedToBy a1037
@1756:074700        sp i0700                 ;

@1757:075330 i1757: sp i1330                 ; @@JumpedToBy a1711 a1762
@1760:110001        ad i0001                 ;
@1761:071022        cp i1022                 ;

@1762:075757        sp i1757                 ;

@1763:101613 i1763: ca r1613                 ; @@JumpedToBy i1401
@1764:041135        ts i1135                 ;
@1765:101603        ca r1603                 ;
@1766:041612        ts w1612                 ;
@1767:075402        sp i1402                 ;

@1770:101746 i1770: ca w1746                 ; @@JumpedToBy a1752
@1771:045007        td w1007                 ;
@1772:075133        sp i1133                 ;

@1773:000000 w1773: .word 0o0                ; @@WrittenBy a0707 a1027 a2171 ReadBy a0701 a0707 a1032 a2171
@1774:000000 w1774: .word 0o0                ; @@WrittenBy a1025 ReadBy a0703 a1035 i2163
@1775:000000 w1775: .word 0o0                ; @@WrittenBy a1031 ReadBy i0705 i2167
@1776:000000 w1776: .word 0o0                ; @@WrittenBy r1036 ReadBy a0713
@1777:000200        si 0o200                 ; ; Auto-Annotate I/O: Mechanical Paper Tape Reader
@2000:014002 r2000: rd 0o2                   ; @@ReadBy r0763
@2001:100015        ca 0o0015                ;
@2002:014407        rd 0o407                 ;
@2003:000045 r2003: si 0o45                  ; ; Auto-Annotate I/O: unknown i/o device@@ReadBy a0657
@2004:012406        bi w2406                 ;
@2005:017016        rd 0o3016                ;
@2006:015410        rd 0o1410                ;
@2007:000013        si 0o13                  ; ; Auto-Annotate I/O: unknown i/o device
@2010:016005        rd 0o2005                ;
@2011:013411        bi 0o3411                ;
@2012:000003 r2012: si 0o3                   ; ; Auto-Annotate I/O: unknown i/o device@@ReadBy i1150 a1152 a1377
@2013:000014        si 0o14                  ; ; Auto-Annotate I/O: Expand Display
@2014:021004        bo r1004                 ;
@2015:013017        bi 0o3017                ;
@2016:017600        rd 0o3600                ;
@2017:011600        bi w1600                 ;
@2020:000000        .word 0o0
@2021:004421 w2021: .word 0o004421           ; @@WrittenBy a2023
@2022:000200        si 0o200                 ; ; Auto-Annotate I/O: Mechanical Paper Tape Reader
@2023:012021        bi w2021                 ;
@2024:000200        si 0o200                 ; ; Auto-Annotate I/O: Mechanical Paper Tape Reader
@2025:011200        bi w1200                 ;
@2026:000200        si 0o200                 ; ; Auto-Annotate I/O: Mechanical Paper Tape Reader
@2027:005000        .word 0o005000
@2030:020200        bo 0o0200                ;
@2031:000200        si 0o200                 ; ; Auto-Annotate I/O: Mechanical Paper Tape Reader
@2032:000600        si 0o600                 ; ; Auto-Annotate I/O: Display Points
@2033:020420        bo 0o0420                ;
@2034:021200        bo w1200                 ;
@2035:021400        bo r1400                 ;
@2036:005000        .word 0o005000
@2037:076112 i2037: sp i2112                 ; @@JumpedToBy a1223

@2040:102054        ca r2054                 ;
@2041:042046 r2041: ts w2046                 ; @@ReadBy r1122
@2042:102053        ca r2053                 ;
@2043:042051        ts w2051                 ;
@2044:076242        sp i2242                 ;

@2045:052047 i2045: ta w2047                 ; @@JumpedToBy a0654 a0702 a0704 a0706 a0712 a0714 a1153 a1155 a1215 a1217
@2046:026046 w2046: rc 0o2046                ; @@WrittenBy r2041
@2047:074000 w2047: sp i0000                 ; @@WrittenBy i2045

@2050:052052 i2050: ta w2052                 ; @@JumpedToBy a1205 a1246 a1250 a1252 a1262 a2353 a2355 a2357
@2051:026051 w2051: rc 0o2051                ; @@WrittenBy a2043
@2052:074000 w2052: sp i0000                 ; @@WrittenBy i2050

@2053:076055 r2053: sp i2055                 ; @@ReadBy a2042
@2054:076062 r2054: sp i2062                 ; @@ReadBy a2040
@2055:052105 i2055: ta w2105                 ; @@JumpedToBy r2053
@2056:042106        ts w2106                 ;
@2057:102107        ca r2107                 ;
@2060:042111        ts w2111                 ;
@2061:076066        sp i2066                 ;

@2062:052105 i2062: ta w2105                 ; @@JumpedToBy r2054
@2063:042106        ts w2106                 ;
@2064:102110        ca r2110                 ;
@2065:042111        ts w2111                 ;
@2066:000176 i2066: si 0o176                 ; ; Auto-Annotate I/O: Magnetic Tape@@JumpedToBy a2061
@2067:102106        ca w2106                 ;
@2070:170025        clc 0o00025              ;
@2071:170013        clc 0o00013              ;
@2072:112111        ad w2111                 ;
@2073:026073        rc 0o2073                ;
@2074:102106        ca w2106                 ;
@2075:170032        clc 0o00032              ;
@2076:170013        clc 0o00013              ;
@2077:112111        ad w2111                 ;
@2100:026100        rc 0o2100                ;
@2101:102106        ca w2106                 ;
@2102:170012        clc 0o00012              ;
@2103:112111        ad w2111                 ;
@2104:026104        rc 0o2104                ;
@2105:074000 w2105: sp i0000                 ; @@WrittenBy i2055 i2062

@2106:000000 w2106: .word 0o0                ; @@WrittenBy a2056 a2063 ReadBy a2067 a2074 a2101
@2107:000400 r2107: si 0o400                 ; ; Auto-Annotate I/O: unknown i/o device@@ReadBy a2057
@2110:001400 r2110: si 0o1400                ; ; Auto-Annotate I/O: unknown i/o device@@ReadBy a2064 i2461 a2465
@2111:000000 w2111: .word 0o0                ; @@WrittenBy a2060 a2065 ReadBy a2072 a2077 a2103
@2112:102115 i2112: ca r2115                 ; @@JumpedToBy i2037 a2136 a2140 a2501
@2113:040040        ts 0o0040                ;
@2114:074764        sp i0764                 ;

@2115:075373 r2115: sp i1373                 ; @@ReadBy i2112

@2116:100000        ca i0000                 ;
@2117:000706        si 0o706                 ; ; Auto-Annotate I/O: Storage Drum
@2120:101263        ca r1263                 ;
@2121:041367        ts i1367                 ;
@2122:102226        ca r2226                 ;
@2123:041000        ts w1000                 ;
@2124:102225        ca r2225                 ;
@2125:041202        ts i1202                 ;
@2126:102224        ca r2224                 ;
@2127:041620        ts w1620                 ;
@2130:102223        ca r2223                 ;
@2131:041214        ts w1214                 ;
@2132:102216        ca r2216                 ;
@2133:041404        ts w1404                 ;
@2134:102215        ca r2215                 ;
@2135:040770        ts i0770                 ;
@2136:076112        sp i2112                 ;

@2137:046151        td w2151                 ;
@2140:076112        sp i2112                 ;

@2141:052235 i2141: ta w2235                 ; @@JumpedToBy r2226
@2142:076217 i2142: sp i2217                 ; @@JumpedToBy a2162

@2143:046214 i2143: td w2214                 ; @@JumpedToBy a2222
@2144:102214        ca w2214                 ;
@2145:000705        si 0o705                 ; ; Auto-Annotate I/O: Storage Drum
@2146:100041 w2146: ca 0o0041                ; @@WrittenBy i2154 r2216 a2230 ReadBy i2217
@2147:134000        dm i0000                 ;
@2150:072227        cp i2227                 ;

@2151:020043 w2151: bo 0o0043                ; @@WrittenBy a2137 a2161 a2234
@2152:132221        ao w2221                 ;
@2153:076236        sp i2236                 ;

@2154:046146 i2154: td w2146                 ; @@JumpedToBy a2240
@2155:046236        td i2236                 ;
@2156:110001        ad i0001                 ;
@2157:046221        td w2221                 ;
@2160:110001        ad i0001                 ;
@2161:046151        td w2151                 ;
@2162:076142        sp i2142                 ;

@2163:101774 i2163: ca w1774                 ; @@JumpedToBy r2224
@2164:046214        td w2214                 ;
@2165:102214        ca w2214                 ;
@2166:000705        si 0o705                 ; ; Auto-Annotate I/O: Storage Drum
@2167:105775 i2167: cs w1775                 ; @@JumpedToBy a2172
@2170:026170        rc 0o2170                ;
@2171:131773        ao w1773                 ;
@2172:072167        cp i2167                 ;

@2173:074757        sp i0757                 ;

@2174:105177 i2174: cs r1177                 ; @@JumpedToBy r2223
@2175:000705        si 0o705                 ; ; Auto-Annotate I/O: Storage Drum
@2176:101272        ca w1272                 ;
@2177:026177        rc 0o2177                ;
@2200:102213        ca r2213                 ;
@2201:040002        ts 0o0002                ;
@2202:102212        ca r2212                 ;
@2203:040003        ts 0o0003                ;
@2204:000001        .word 0o1
@2205:102241        ca r2241                 ;
@2206:000701        si 0o701                 ; ; Auto-Annotate I/O: Storage Drum
@2207:102211        ca r2211                 ;
@2210:074002        sp 0o0002                ;

@2211:003743 r2211: si 0o3743                ; ; Auto-Annotate I/O: unknown i/o device@@ReadBy a2207
@2212:074002 r2212: sp 0o0002                ; @@ReadBy a2202

@2213:010040 r2213: bi 0o0040                ; @@ReadBy a2200
@2214:000040 w2214: si 0o40                  ; ; Auto-Annotate I/O: unknown i/o device@@WrittenBy i2143 a2164 ReadBy a2144 a2165
@2215:046221 r2215: td w2221                 ; @@ReadBy a2134
@2216:046146 r2216: td w2146                 ; @@ReadBy a2132
@2217:102146 i2217: ca w2146                 ; @@JumpedToBy i2142
@2220:046236        td i2236                 ;
@2221:100042 w2221: ca 0o0042                ; @@WrittenBy a2152 a2157 r2215 a2232 ReadBy a2152
@2222:076143        sp i2143                 ;

@2223:076174 r2223: sp i2174                 ; @@ReadBy a2130

@2224:072163 r2224: cp i2163                 ; @@ReadBy a2126

@2225:074742 r2225: sp i0742                 ; @@ReadBy a2124

@2226:076141 r2226: sp i2141                 ; @@ReadBy a2122
@2227:101651 i2227: ca r1651                 ; @@JumpedToBy a2150
@2230:046146        td w2146                 ;
@2231:110001        ad i0001                 ;
@2232:046221        td w2221                 ;
@2233:110001        ad i0001                 ;
@2234:046151        td w2151                 ;
@2235:074000 w2235: sp i0000                 ; @@WrittenBy i2141

@2236:110041 i2236: ad 0o0041                ; @@WrittenBy a2155 a2220 JumpedToBy a2153
@2237:115177        su r1177                 ;
@2240:076154        sp i2154                 ;

@2241:000040 r2241: si 0o40                  ; ; Auto-Annotate I/O: unknown i/o device@@ReadBy a2205 a2317
@2242:102251 i2242: ca r2251                 ; @@JumpedToBy a2044
@2243:041146        ts w1146                 ;
@2244:102255        ca r2255                 ;
@2245:040715        ts w0715                 ;
@2246:102260        ca r2260                 ;
@2247:042470        ts w2470                 ;
@2250:076477        sp i2477                 ;

@2251:076252 r2251: sp i2252                 ; @@ReadBy i2242

@2252:071150 i2252: cp i1150                 ; @@JumpedToBy r2251

@2253:000134        si 0o134                 ; ; Auto-Annotate I/O: Magnetic Tape
@2254:075147        sp i1147                 ;

@2255:076256 r2255: sp i2256                 ; @@ReadBy a2244

@2256:000134 i2256: si 0o134                 ; ; Auto-Annotate I/O: Magnetic Tape@@JumpedToBy r2255
@2257:076267        sp i2267                 ;

@2260:076461 r2260: sp i2461                 ; @@ReadBy a2246

@2261:000134        si 0o134                 ; ; Auto-Annotate I/O: Magnetic Tape
@2262:075723        sp i1723                 ;

@2263:076475 r2263: sp i2475                 ; @@ReadBy i2477

@2264:074773        sp i0773                 ;
@2265:000211 i2265: si 0o211                 ; ; Auto-Annotate I/O: PhotoElectric Reader@@JumpedToBy a1412
@2266:075413        sp i1413                 ;

@2267:000211 i2267: si 0o211                 ; ; Auto-Annotate I/O: PhotoElectric Reader@@JumpedToBy w0715 a2257
@2270:075114        sp i1114                 ;

@2271:070726 i2271: cp i0726                 ; @@JumpedToBy a0731

@2272:115167        su r1167                 ;
@2273:071673        cp i1673                 ;

@2274:114001        su i0001                 ;
@2275:134000        dm i0000                 ;
@2276:070732        cp i0732                 ;

@2277:114645        su r0645                 ;
@2300:134000        dm i0000                 ;
@2301:070643        cp i0643                 ;

@2302:075137        sp i1137                 ;

@2303:132424 i2303: ao w2424                 ; @@JumpedToBy a1700
@2304:072307        cp i2307                 ;

@2305:075733        sp i1733                 ;
@2306:075136        sp i1136                 ;

@2307:100041 i2307: ca 0o0041                ; @@JumpedToBy a2304
@2310:134000        dm i0000                 ;
@2311:072315        cp i2315                 ;

@2312:000225        si 0o225                 ; ; Auto-Annotate I/O: FlexoPrinter
@2313:074773        sp i0773                 ;
@2314:000211        si 0o211                 ; ; Auto-Annotate I/O: PhotoElectric Reader
@2315:102425 i2315: ca r2425                 ; @@JumpedToBy a2311
@2316:040041        ts 0o0041                ;
@2317:102241        ca r2241                 ;
@2320:040042 i2320: ts 0o0042                ; @@WrittenBy a1376 a2324 ReadBy a2324 JumpedToBy a2326
@2321:116444        su r2444                 ;
@2322:134000        dm i0000                 ;
@2323:072327        cp i2327                 ;

@2324:132320        ao i2320                 ;
@2325:016325        rd 0o2325                ;
@2326:076320        sp i2320                 ;

@2327:000225 i2327: si 0o225                 ; ; Auto-Annotate I/O: FlexoPrinter@@JumpedToBy a2323
@2330:101021        ca r1021                 ;
@2331:041347        ts w1347                 ;
@2332:100041 i2332: ca 0o0041                ; @@WrittenBy i2335 a2437 ReadBy i2335 JumpedToBy a2336
@2333:075334        sp i1334                 ;

@2334:072337 r2334: cp i2337                 ; @@ReadBy a2441

@2335:132332 i2335: ao i2332                 ; @@JumpedToBy a2341 a2360 a2364 a2374 a2377 a2446 a2451
@2336:076332        sp i2332                 ;

@2337:042431 i2337: ts w2431                 ; @@JumpedToBy r2334 w2450
@2340:134000        dm i0000                 ;
@2341:072335        cp i2335                 ;

@2342:102426        ca r2426                 ;
@2343:042450        ts w2450                 ;
@2344:102431 i2344: ca w2431                 ; @@JumpedToBy a2366 a2372 a2376
@2345:111357 i2345: ad r1357                 ; @@JumpedToBy a2362
@2346:046352        td w2352                 ;
@2347:111360        ad r1360                 ;
@2350:046354        td w2354                 ;
@2351:000206        si 0o206                 ; ; Auto-Annotate I/O: Paper Tape Punch
@2352:100000 w2352: ca i0000                 ; @@WrittenBy a2346
@2353:076050        sp i2050                 ;
@2354:100000 w2354: ca i0000                 ; @@WrittenBy a2350
@2355:076050        sp i2050                 ;
@2356:100000        ca i0000                 ;
@2357:076050        sp i2050                 ;
@2360:076335        sp i2335                 ;

@2361:042431 i2361: ts w2431                 ; @@JumpedToBy r2426
@2362:072345        cp i2345                 ;

@2363:116427        su r2427                 ;
@2364:072335        cp i2335                 ;

@2365:114001        su i0001                 ;
@2366:072344        cp i2344                 ;

@2367:111177        ad r1177                 ;
@2370:072400        cp i2400                 ;

@2371:114001        su i0001                 ;
@2372:072344        cp i2344                 ;

@2373:116432        su r2432                 ;
@2374:072335        cp i2335                 ;

@2375:114001        su i0001                 ;
@2376:072344        cp i2344                 ;

@2377:076335        sp i2335                 ;

@2400:101337 i2400: ca r1337                 ; @@JumpedToBy a2370
@2401:000205        si 0o205                 ; ; Auto-Annotate I/O: Paper Tape Punch
@2402:076467        sp i2467                 ;
@2403:102430        ca r2430                 ;
@2404:076467        sp i2467                 ;
@2405:100041 i2405: ca 0o0041                ; @@WrittenBy i2414 a2440 ReadBy i2414 JumpedToBy a2415
@2406:170012 w2406: clc 0o00012              ; @@WrittenBy a2004
@2407:000225        si 0o225                 ; ; Auto-Annotate I/O: FlexoPrinter
@2410:026410        rc 0o2410                ;
@2411:000205        si 0o205                 ; ; Auto-Annotate I/O: Paper Tape Punch
@2412:076467        sp i2467                 ;
@2413:072416        cp i2416                 ;

@2414:132405 i2414: ao i2405                 ; @@JumpedToBy a2421
@2415:076405        sp i2405                 ;

@2416:114763 i2416: su r0763                 ; @@JumpedToBy a2413
@2417:134000        dm i0000                 ;
@2420:072472        cp i2472                 ;

@2421:076414        sp i2414                 ;

@2422:041347        ts w1347                 ;
@2423:075136        sp i1136                 ;

@2424:177776 w2424: md 0o3776                ; @@WrittenBy a1370 i2303 ReadBy i2303
@2425:000071 r2425: si 0o71                  ; ; Auto-Annotate I/O: unknown i/o device@@ReadBy i2315
@2426:076361 r2426: sp i2361                 ; @@ReadBy a2342

@2427:000004 r2427: si 0o4                   ; ; Auto-Annotate I/O: Camera Index@@ReadBy a2363
@2430:144000 r2430: mh i0000                 ; @@ReadBy a2403
@2431:000000 w2431: .word 0o0                ; @@WrittenBy i2337 i2361 ReadBy i2344
@2432:000016 r2432: si 0o16                  ; ; Auto-Annotate I/O: unknown i/o device@@ReadBy a2373 i2472
@2433:101563 i2433: ca r1563                 ; @@JumpedToBy a2474
@2434:044041 r2434: td 0o0041                ; @@ReadBy a2436
@2435:041347        ts w1347                 ;
@2436:102434        ca r2434                 ;
@2437:046332        td i2332                 ;
@2440:046405        td i2405                 ;
@2441:102334        ca r2334                 ;
@2442:042450        ts w2450                 ;
@2443:075135        sp i1135                 ;

@2444:000051 r2444: si 0o51                  ; ; Auto-Annotate I/O: unknown i/o device@@ReadBy a2321
@2445:114000 i2445: su i0000                 ; @@JumpedToBy r1021
@2446:072335        cp i2335                 ;

@2447:115502        su r1502                 ;
@2450:072337 w2450: cp i2337                 ; @@WrittenBy a2343 a2442

@2451:076335        sp i2335                 ;

@2452:075330 i2452: sp i1330                 ; @@JumpedToBy a1435
@2453:115363        su r1363                 ;
@2454:071444        cp i1444                 ;

@2455:075437        sp i1437                 ;

@2456:000020 r2456: si 0o20                  ; ; Auto-Annotate I/O: unknown i/o device@@ReadBy a1432
@2457:014000 i2457: rd 0o0                   ; @@JumpedToBy a1434
@2460:075136        sp i1136                 ;

@2461:112110 i2461: ad r2110                 ; @@JumpedToBy r2260
@2462:000176        si 0o176                 ; ; Auto-Annotate I/O: Magnetic Tape
@2463:026463        rc 0o2463                ;
@2464:000134        si 0o134                 ; ; Auto-Annotate I/O: Magnetic Tape
@2465:116110        su r2110                 ;
@2466:076471        sp i2471                 ;

@2467:052471 i2467: ta i2471                 ; @@JumpedToBy a2402 a2404 a2412
@2470:026470 w2470: rc 0o2470                ; @@WrittenBy a2247
@2471:074000 i2471: sp i0000                 ; @@WrittenBy i2467 JumpedToBy a2466

@2472:106432 i2472: cs r2432                 ; @@JumpedToBy a2420
@2473:075201        sp i1201                 ;
@2474:076433        sp i2433                 ;

@2475:000134 i2475: si 0o134                 ; ; Auto-Annotate I/O: Magnetic Tape@@JumpedToBy r2263
@2476:074000 i2476: sp i0000                 ; @@WrittenBy i1201 JumpedToBy w1210

@2477:102263 i2477: ca r2263                 ; @@JumpedToBy a2250
@2500:041210        ts w1210                 ;
@2501:076112        sp i2112                 ;

                    .JumpTo 0o2037
                    .WW_File "C:\Users\guyfe\Documents\guy\History-of-Computing\Whirlwind\GitHub\Recovered-Tapes\Source-Images\Paper-Tapes\2018_10\102782043_3600m0_basic_conversion_5-13-54_copy.7ch/C:\Users\guyfe\Documents\guy\History-of-Computing\Whirlwind\GitHub\Recovered-Tapes\Translated-Files\Paper-Tapes\2018_10\102782043_3600m0_basic_conversion_5-13-54_copy_gs003.tcore"
                    .WW_TapeID "(None)"
