start at 0o2037
[93m pc:0o2037(i2037):   SP 0o2112(i2112)         AC=0o000000,           BR=0o0,    Core@0o2112(i2112)=0o102115(-0o75662)[0m  ;  
 pc:0o2112(i2112):   CA 0o2115(r2115)         AC=0o074725,           BR=0o0,    Core@0o2115(r2115)=0o074725  ;  
 pc:0o2113:          TS 0o0040                AC=0o074725,           BR=0o0,    Core@0o0040=0o074725  ;  
[93m pc:0o2114:          SP 0o0764(i0764)         AC=0o074725,           BR=0o0,    Core@0o0764(i0764)=0o000225[0m  ;  
[92m pc:0o0764(i0764):   SI 0o0225                AC=0o074725,           BR=0o0,    Core@0o0225= None  [0m  ;  select I/O: FlexoPrinter
 pc:0o0765:          CA 0o0763(r0763)         AC=0o122000(-0o55777), BR=0o0,    Core@0o0763(r0763)=0o122000(-0o55777)  ;  
Flexo: 
[92m pc:0o0766:          RC 0o0000(i0000)         AC=0o122000(-0o55777), BR=0o0,    Core@0o0000(i0000)=0o000000[0m  ;  RC: Flexowriter: 0o51 ('
')
[93m pc:0o0767:          SP 0o1367(i1367)         AC=0o122000(-0o55777), BR=0o0,    Core@0o1367(i1367)=0o101454(-0o76323)[0m  ;  
 pc:0o1367(i1367):   CA 0o1454(r1454)         AC=0o070664,           BR=0o0,    Core@0o1454(r1454)=0o070664  ;  
 pc:0o1370:          TS 0o1234(w1234)         AC=0o070664,           BR=0o0,    Core@0o1234(w1234)=0o070664  ;  
 pc:0o1371:          CA 0o1302(i1302)         AC=0o041274,           BR=0o0,    Core@0o1302(i1302)=0o041274  ;  
 pc:0o1372:          TD 0o1313(i1313)         AC=0o041274,           BR=0o0,    Core@0o1313(i1313)=0o101274(-0o76503)  ;  
 pc:0o1373:          CA 0o0716(r0716)         AC=0o000040,           BR=0o0,    Core@0o0716(r0716)=0o000040  ;  
 pc:0o1374:          TS 0o1436(w1436)         AC=0o000040,           BR=0o0,    Core@0o1436(w1436)=0o000040  ;  
 pc:0o1375:          AD 0o1526(r1526)         AC=0o000042,           BR=0o0,    Core@0o1526(r1526)=0o000002  ;  
 pc:0o1376:          TD 0o1725(w1725)         AC=0o000042,           BR=0o0,    Core@0o1725(w1725)=0o064042  ;  
 pc:0o1377:          AD 0o2012(r2012)         AC=0o000045,           BR=0o0,    Core@0o2012(r2012)=0o000003  ;  
 pc:0o1400(r1400):   TD 0o1746(w1746)         AC=0o000045,           BR=0o0,    Core@0o1746(w1746)=0o040045  ;  
[93m pc:0o1401(i1401):   SP 0o1763(i1763)         AC=0o000045,           BR=0o0,    Core@0o1763(i1763)=0o101613(-0o76164)[0m  ;  
 pc:0o1763(i1763):   CA 0o1613(r1613)         AC=0o000211,           BR=0o0,    Core@0o1613(r1613)=0o000211  ;  
 pc:0o1764:          TS 0o1135(w1135)         AC=0o000211,           BR=0o0,    Core@0o1135(w1135)=0o000211  ;  
 pc:0o1765:          CA 0o1603(r1603)         AC=0o075131,           BR=0o0,    Core@0o1603(r1603)=0o075131  ;  
 pc:0o1766:          TS 0o1612(w1612)         AC=0o075131,           BR=0o0,    Core@0o1612(w1612)=0o075131  ;  
[93m pc:0o1767:          SP 0o1402(i1402)         AC=0o075131,           BR=0o0,    Core@0o1402(i1402)=0o101651(-0o76126)[0m  ;  
 pc:0o1402(i1402):   CA 0o1651(r1651)         AC=0o000041,           BR=0o0,    Core@0o1651(r1651)=0o000041  ;  
 pc:0o1403:          TD 0o1411(w1411)         AC=0o000041,           BR=0o0,    Core@0o1411(w1411)=0o040041  ;  
 pc:0o1404(w1404):   TD 0o1144(w1144)         AC=0o000041,           BR=0o0,    Core@0o1144(w1144)=0o104041(-0o73736)  ;  
 pc:0o1405:          TD 0o1075(w1075)         AC=0o000041,           BR=0o0,    Core@0o1075(w1075)=0o040041  ;  
 pc:0o1406:          AD 0o0001(i0001)         AC=0o000042,           BR=0o0,    Core@0o0001(i0001)=0o000001  ;  
[93m pc:0o1407:          SP 0o0770(i0770)         AC=0o000042,           BR=0o0,    Core@0o0770(i0770)=0o045154[0m  ;  
 pc:0o0770(i0770):   TD 0o1154(i1154)         AC=0o000042,           BR=0o0,    Core@0o1154(i1154)=0o100042(-0o77735)  ;  
[92m pc:0o0771:          SI 0o0600                AC=0o000042,           BR=0o0,    Core@0o0600= None  [0m  ;  select I/O: Display Points
[93m pc:0o0772:          SP 0o1410(i1410)         AC=0o000042,           BR=0o0,    Core@0o1410(i1410)=0o100000(-0o77777)[0m  ;  
 pc:0o1410(i1410):   CA 0o0000(i0000)         AC=0o000000,           BR=0o0,    Core@0o0000(i0000)=0o000000  ;  
 pc:0o1411(w1411):   TS 0o0041                AC=0o000000,           BR=0o0,    Core@0o0041=0o000000  ;  
[93m pc:0o1412:          SP 0o0722(i0722)         AC=0o000000,           BR=0o0,    Core@0o0722(i0722)=0o050732[0m  ;  
 pc:0o0722(i0722):   TA 0o0732(w0732)         AC=0o000000,           BR=0o0,    Core@0o0732(w0732)=0o075413  ;  
 pc:0o0723(i0723):   CA 0o1563(r1563)         AC=0o114000(-0o63777), BR=0o0,    Core@0o1563(r1563)=0o114000(-0o63777)  ;  
 pc:0o0724:          TS 0o1347(w1347)         AC=0o114000(-0o63777), BR=0o0,    Core@0o1347(w1347)=0o114000(-0o63777)  ;  
[92m pc:0o0725(i0725):   SI 0o0211                AC=0o114000(-0o63777), BR=0o0,    Core@0o0211= None  [0m  ;  select I/O: PhotoElectric Reader
[92m pc:0o0726:          RD 0o0726                AC=0o000005,           BR=0o0,    Core@0o0726=0o014726[0m  ;  RD: PhotoElectricTapeReader: 0o5 ('|')
[92m pc:0o0727:          RD 0o0727                AC=0o000005,           BR=0o0,    Core@0o0727=0o014727[0m  ;  RD: PhotoElectricTapeReader: 0o5 ('|')
 pc:0o0730:          CK 0o1362(r1362)         AC=0o000005,           BR=0o0,    Core@0o1362(r1362)=0o000005  ;  
[93m pc:0o0731:          SP 0o1733(i1733)         AC=0o000005,           BR=0o0,    Core@0o1733(i1733)=0o051740[0m  ;  
 pc:0o1733(i1733):   TA 0o1740(w1740)         AC=0o000005,           BR=0o0,    Core@0o1740(w1740)=0o070732  ;  
[93m pc:0o1734(i1734):   SP 0o1330(i1330)         AC=0o000005,           BR=0o0,    Core@0o1330(i1330)=0o051353[0m  ;  
 pc:0o1330(i1330):   TA 0o1353(w1353)         AC=0o000005,           BR=0o0,    Core@0o1353(w1353)=0o075735  ;  
 pc:0o1331(i1331):   CA 0o0000(i0000)         AC=0o000000,           BR=0o0,    Core@0o0000(i0000)=0o000000  ;  
[92m pc:0o1332:          RD 0o1332                AC=0o000051,           BR=0o0,    Core@0o1332=0o015332[0m  ;  RD: PhotoElectricTapeReader: 0o51 ('
')
 pc:0o1333:          TS 0o0671(w0671)         AC=0o000051,           BR=0o0,    Core@0o0671(w0671)=0o000051  ;  
 pc:0o1334(i1334):   SR 0o1001(w1001)         AC=0o000024,           BR=0o100000, Core@0o1001(w1001)=0o074650  ;  
 pc:0o1335:          AD 0o1523(r1523)         AC=0o162023(-0o15754), BR=0o100000, Core@0o1523(r1523)=0o161777(-0o16000)  ;  
 pc:0o1336:          TD 0o1342(w1342)         AC=0o162023(-0o15754), BR=0o100000, Core@0o1342(w1342)=0o102023(-0o75754)  ;  
 pc:0o1337:          EX 0o0000(i0000)         AC=0o000000,           BR=0o100000, Core@0o0000(i0000)=0o000000  ;  
 pc:0o1340(r1340):   SL 0o0004                AC=0o000010,           BR=0o0,    Core@0o0004=0o100065(-0o77712)  ;  
 pc:0o1341:          TD 0o1344(w1344)         AC=0o000010,           BR=0o0,    Core@0o1344(w1344)=0o170010(-0o7767)  ;  
 pc:0o1342(w1342):   CA 0o2023                AC=0o012021,           BR=0o0,    Core@0o2023=0o012021  ;  
 pc:0o1343:          SL 0o1000(w1000)         AC=0o012021,           BR=0o0,    Core@0o1000(w1000)=0o075140  ;  
 pc:0o1344(w1344):   CL 0o0010                AC=0o010400,           BR=0o0,    Core@0o0010=0o130007(-0o47770)  ;  
 pc:0o1345:          SR 0o1010(i1010)         AC=0o000021,           BR=0o0,    Core@0o1010(i1010)=0o114000(-0o63777)  ;  
[93m pc:0o1346:          CP 0o0001(i0001)         AC=0o000021,           BR=0o0,    Core@0o0001(i0001)=0o000001[0m  ;  
 pc:0o1347(w1347):   SU 0o0000(i0000)         AC=0o000021,           BR=0o0,    Core@0o0000(i0000)=0o000000  ;  
[93m pc:0o1350:          CP 0o1331(i1331)         AC=0o000021,           BR=0o0,    Core@0o1331(i1331)=0o100000(-0o77777)[0m  ;  
 pc:0o1351:          SU 0o1502(r1502)         AC=0o000007,           BR=0o0,    Core@0o1502(r1502)=0o000012  ;  
 pc:0o1352:          CL 0o0000(i0000)         AC=0o000007,           BR=0o0,    Core@0o0000(i0000)=0o000000  ;  
[93m pc:0o1353(w1353):   SP 0o1735                AC=0o000007,           BR=0o0,    Core@0o1735=0o115615(-0o62162)[0m  ;  
 pc:0o1735:          SU 0o1615(r1615)         AC=0o000001,           BR=0o0,    Core@0o1615(r1615)=0o000006  ;  
[93m pc:0o1736:          CP 0o1734(i1734)         AC=0o000001,           BR=0o0,    Core@0o1734(i1734)=0o075330[0m  ;  
 pc:0o1737:          SU 0o0001(i0001)         AC=0o177777(-0o0000),  BR=0o0,    Core@0o0001(i0001)=0o000001  ;  
[93m pc:0o1740(w1740):   CP 0o0732(w0732)         AC=0o177777(-0o0000),  BR=0o0,    Core@0o0732(w0732)=0o075413[0m  ;  
[93m pc:0o0732(w0732):   SP 0o1413(i1413)         AC=0o177777(-0o0000),  BR=0o0,    Core@0o1413(i1413)=0o074717[0m  ;  
[93m pc:0o1413(i1413):   SP 0o0717(i0717)         AC=0o177777(-0o0000),  BR=0o0,    Core@0o0717(i0717)=0o101651(-0o76126)[0m  ;  
 pc:0o0717(i0717):   CA 0o1651(r1651)         AC=0o000041,           BR=0o0,    Core@0o1651(r1651)=0o000041  ;  
 pc:0o0720:          TD 0o1075(w1075)         AC=0o000041,           BR=0o0,    Core@0o1075(w1075)=0o040041  ;  
[93m pc:0o0721:          SP 0o1417(i1417)         AC=0o000041,           BR=0o0,    Core@0o1417(i1417)=0o075120[0m  ;  
[93m pc:0o1417(i1417):   SP 0o1120(i1120)         AC=0o000041,           BR=0o0,    Core@0o1120(i1120)=0o101075(-0o76702)[0m  ;  
 pc:0o1120(i1120):   CA 0o1075(w1075)         AC=0o040041,           BR=0o0,    Core@0o1075(w1075)=0o040041  ;  
[93m pc:0o1121:          SP 0o0661(i0661)         AC=0o040041,           BR=0o0,    Core@0o0661(i0661)=0o050751[0m  ;  
 pc:0o0661(i0661):   TA 0o0751(w0751)         AC=0o040041,           BR=0o0,    Core@0o0751(w0751)=0o075122  ;  
 pc:0o0662:          TD 0o1606(w1606)         AC=0o040041,           BR=0o0,    Core@0o1606(w1606)=0o130041(-0o47736)  ;  
[93m pc:0o0663:          SP 0o0746(i0746)         AC=0o040041,           BR=0o0,    Core@0o0746(i0746)=0o044750[0m  ;  
 pc:0o0746(i0746):   TD 0o0750(w0750)         AC=0o040041,           BR=0o0,    Core@0o0750(w0750)=0o040041  ;  
 pc:0o0747:          CA 0o0000(i0000)         AC=0o000000,           BR=0o0,    Core@0o0000(i0000)=0o000000  ;  
 pc:0o0750(w0750):   TS 0o0041                AC=0o000000,           BR=0o0,    Core@0o0041=0o000000  ;  
[93m pc:0o0751(w0751):   SP 0o1122(r1122)         AC=0o000000,           BR=0o0,    Core@0o1122(r1122)=0o102041(-0o75736)[0m  ;  
 pc:0o1122(r1122):   CA 0o2041(r2041)         AC=0o042046,           BR=0o0,    Core@0o2041(r2041)=0o042046  ;  
 pc:0o1123:          CA 0o0000(i0000)         AC=0o000000,           BR=0o0,    Core@0o0000(i0000)=0o000000  ;  
[93m pc:0o1124:          SP 0o1074(i1074)         AC=0o000000,           BR=0o0,    Core@0o1074(i1074)=0o051077[0m  ;  
 pc:0o1074(i1074):   TA 0o1077(w1077)         AC=0o000000,           BR=0o0,    Core@0o1077(w1077)=0o075125  ;  
 pc:0o1075(w1075):   TS 0o0041                AC=0o000000,           BR=0o0,    Core@0o0041=0o000000  ;  
 pc:0o1076:          AO 0o1075(w1075)         AC=0o040042,           BR=0o0,    Core@0o1075(w1075)=0o040042  ;  
[93m pc:0o1077(w1077):   SP 0o1125                AC=0o040042,           BR=0o0,    Core@0o1125=0o101436(-0o76341)[0m  ;  
 pc:0o1125:          CA 0o1436(w1436)         AC=0o000040,           BR=0o0,    Core@0o1436(w1436)=0o000040  ;  
 pc:0o1126:          AD 0o1501(r1501)         AC=0o040040,           BR=0o0,    Core@0o1501(r1501)=0o040000  ;  
 pc:0o1127:          TS 0o1101(w1101)         AC=0o040040,           BR=0o0,    Core@0o1101(w1101)=0o040040  ;  
[93m pc:0o1130:          SP 0o1074(i1074)         AC=0o040040,           BR=0o0,    Core@0o1074(i1074)=0o051077[0m  ;  
 pc:0o1074(i1074):   TA 0o1077(w1077)         AC=0o040040,           BR=0o0,    Core@0o1077(w1077)=0o075131  ;  
 pc:0o1075(w1075):   TS 0o0042                AC=0o040040,           BR=0o0,    Core@0o0042=0o040040  ;  
 pc:0o1076:          AO 0o1075(w1075)         AC=0o040043,           BR=0o0,    Core@0o1075(w1075)=0o040043  ;  
[93m pc:0o1077(w1077):   SP 0o1131(i1131)         AC=0o040043,           BR=0o0,    Core@0o1131(i1131)=0o101563(-0o76214)[0m  ;  
 pc:0o1131(i1131):   CA 0o1563(r1563)         AC=0o114000(-0o63777), BR=0o0,    Core@0o1563(r1563)=0o114000(-0o63777)  ;  
 pc:0o1132:          TS 0o1347(w1347)         AC=0o114000(-0o63777), BR=0o0,    Core@0o1347(w1347)=0o114000(-0o63777)  ;  
 pc:0o1133(i1133):   CA 0o1505(r1505)         AC=0o005601,           BR=0o0,    Core@0o1505(r1505)=0o005601  ;  
 pc:0o1134(i1134):   TD 0o1272(w1272)         AC=0o005601,           BR=0o0,    Core@0o1272(w1272)=0o075601  ;  
[92m pc:0o1135(w1135):   SI 0o0211                AC=0o005601,           BR=0o0,    Core@0o0211= None  [0m  ;  select I/O: PhotoElectric Reader
[93m pc:0o1136(i1136):   SP 0o1330(i1330)         AC=0o005601,           BR=0o0,    Core@0o1330(i1330)=0o051353[0m  ;  
 pc:0o1330(i1330):   TA 0o1353(w1353)         AC=0o005601,           BR=0o0,    Core@0o1353(w1353)=0o075137  ;  
 pc:0o1331(i1331):   CA 0o0000(i0000)         AC=0o000000,           BR=0o0,    Core@0o0000(i0000)=0o000000  ;  
[92m pc:0o1332:          RD 0o1332                AC=0o000032,           BR=0o0,    Core@0o1332=0o015332[0m  ;  RD: PhotoElectricTapeReader: 0o32 ('f')
 pc:0o1333:          TS 0o0671(w0671)         AC=0o000032,           BR=0o0,    Core@0o0671(w0671)=0o000032  ;  
 pc:0o1334(i1334):   SR 0o1001(w1001)         AC=0o000015,           BR=0o0,    Core@0o1001(w1001)=0o074650  ;  
 pc:0o1335:          AD 0o1523(r1523)         AC=0o162014(-0o15763), BR=0o0,    Core@0o1523(r1523)=0o161777(-0o16000)  ;  
 pc:0o1336:          TD 0o1342(w1342)         AC=0o162014(-0o15763), BR=0o0,    Core@0o1342(w1342)=0o102014(-0o75763)  ;  
 pc:0o1337:          EX 0o0000(i0000)         AC=0o000000,           BR=0o0,    Core@0o0000(i0000)=0o000000  ;  
 pc:0o1340(r1340):   SL 0o0004                AC=0o000000,           BR=0o0,    Core@0o0004=0o100065(-0o77712)  ;  
 pc:0o1341:          TD 0o1344(w1344)         AC=0o000000,           BR=0o0,    Core@0o1344(w1344)=0o170000(-0o7777)  ;  
 pc:0o1342(w1342):   CA 0o2014                AC=0o021004,           BR=0o0,    Core@0o2014=0o021004  ;  
 pc:0o1343:          SL 0o1000(w1000)         AC=0o021004,           BR=0o0,    Core@0o1000(w1000)=0o075140  ;  
 pc:0o1344(w1344):   CL 0o0000(i0000)         AC=0o021004,           BR=0o0,    Core@0o0000(i0000)=0o000000  ;  
 pc:0o1345:          SR 0o1010(i1010)         AC=0o000042,           BR=0o2000, Core@0o1010(i1010)=0o114000(-0o63777)  ;  
[93m pc:0o1346:          CP 0o0001(i0001)         AC=0o000042,           BR=0o2000, Core@0o0001(i0001)=0o000001[0m  ;  
 pc:0o1347(w1347):   SU 0o0000(i0000)         AC=0o000042,           BR=0o2000, Core@0o0000(i0000)=0o000000  ;  
[93m pc:0o1350:          CP 0o1331(i1331)         AC=0o000042,           BR=0o2000, Core@0o1331(i1331)=0o100000(-0o77777)[0m  ;  
 pc:0o1351:          SU 0o1502(r1502)         AC=0o000030,           BR=0o2000, Core@0o1502(r1502)=0o000012  ;  
 pc:0o1352:          CL 0o0000(i0000)         AC=0o000030,           BR=0o0,    Core@0o0000(i0000)=0o000000  ;  
[93m pc:0o1353(w1353):   SP 0o1137                AC=0o000030,           BR=0o0,    Core@0o1137=0o075420[0m  ;  
[93m pc:0o1137:          SP 0o1420(i1420)         AC=0o000030,           BR=0o0,    Core@0o1420(i1420)=0o041641[0m  ;  
 pc:0o1420(i1420):   TS 0o1641(w1641)         AC=0o000030,           BR=0o0,    Core@0o1641(w1641)=0o000030  ;  
[93m pc:0o1421(i1421):   CP 0o1540(i1540)         AC=0o000030,           BR=0o0,    Core@0o1540(i1540)=0o075354[0m  ;  
 pc:0o1422:          SU 0o1362(r1362)         AC=0o000023,           BR=0o0,    Core@0o1362(r1362)=0o000005  ;  
[93m pc:0o1423:          CP 0o0733(i0733)         AC=0o000023,           BR=0o0,    Core@0o0733(i0733)=0o041641[0m  ;  
 pc:0o1424:          SU 0o0001(i0001)         AC=0o000022,           BR=0o0,    Core@0o0001(i0001)=0o000001  ;  
[93m pc:0o1425:          CP 0o1673(i1673)         AC=0o000022,           BR=0o0,    Core@0o1673(i1673)=0o075173[0m  ;  
 pc:0o1426:          SU 0o0001(i0001)         AC=0o000021,           BR=0o0,    Core@0o0001(i0001)=0o000001  ;  
[93m pc:0o1427:          CP 0o1136(i1136)         AC=0o000021,           BR=0o0,    Core@0o1136(i1136)=0o075330[0m  ;  
 pc:0o1430:          SU 0o0001(i0001)         AC=0o000020,           BR=0o0,    Core@0o0001(i0001)=0o000001  ;  
[93m pc:0o1431:          CP 0o1654(i1654)         AC=0o000020,           BR=0o0,    Core@0o1654(i1654)=0o075330[0m  ;  
[93m pc:0o1432:          SP 0o1330(i1330)         AC=0o000020,           BR=0o0,    Core@0o1330(i1330)=0o051353[0m  ;  
 pc:0o1330(i1330):   TA 0o1353(w1353)         AC=0o000020,           BR=0o0,    Core@0o1353(w1353)=0o075433  ;  
 pc:0o1331(i1331):   CA 0o0000(i0000)         AC=0o000000,           BR=0o0,    Core@0o0000(i0000)=0o000000  ;  
[92m pc:0o1332:          RD 0o1332                AC=0o000034,           BR=0o0,    Core@0o1332=0o015332[0m  ;  RD: PhotoElectricTapeReader: 0o34 ('c')
 pc:0o1333:          TS 0o0671(w0671)         AC=0o000034,           BR=0o0,    Core@0o0671(w0671)=0o000034  ;  
 pc:0o1334(i1334):   SR 0o1001(w1001)         AC=0o000016,           BR=0o0,    Core@0o1001(w1001)=0o074650  ;  
 pc:0o1335:          AD 0o1523(r1523)         AC=0o162015(-0o15762), BR=0o0,    Core@0o1523(r1523)=0o161777(-0o16000)  ;  
 pc:0o1336:          TD 0o1342(w1342)         AC=0o162015(-0o15762), BR=0o0,    Core@0o1342(w1342)=0o102015(-0o75762)  ;  
 pc:0o1337:          EX 0o0000(i0000)         AC=0o000000,           BR=0o0,    Core@0o0000(i0000)=0o000000  ;  
 pc:0o1340(r1340):   SL 0o0004                AC=0o000000,           BR=0o0,    Core@0o0004=0o100065(-0o77712)  ;  
 pc:0o1341:          TD 0o1344(w1344)         AC=0o000000,           BR=0o0,    Core@0o1344(w1344)=0o170000(-0o7777)  ;  
 pc:0o1342(w1342):   CA 0o2015                AC=0o013017,           BR=0o0,    Core@0o2015=0o013017  ;  
 pc:0o1343:          SL 0o1000(w1000)         AC=0o013017,           BR=0o0,    Core@0o1000(w1000)=0o075140  ;  
 pc:0o1344(w1344):   CL 0o0000(i0000)         AC=0o013017,           BR=0o0,    Core@0o0000(i0000)=0o000000  ;  
 pc:0o1345:          SR 0o1010(i1010)         AC=0o000026,           BR=0o7400, Core@0o1010(i1010)=0o114000(-0o63777)  ;  
[93m pc:0o1346:          CP 0o0001(i0001)         AC=0o000026,           BR=0o7400, Core@0o0001(i0001)=0o000001[0m  ;  
 pc:0o1347(w1347):   SU 0o0000(i0000)         AC=0o000026,           BR=0o7400, Core@0o0000(i0000)=0o000000  ;  
[93m pc:0o1350:          CP 0o1331(i1331)         AC=0o000026,           BR=0o7400, Core@0o1331(i1331)=0o100000(-0o77777)[0m  ;  
 pc:0o1351:          SU 0o1502(r1502)         AC=0o000014,           BR=0o7400, Core@0o1502(r1502)=0o000012  ;  
 pc:0o1352:          CL 0o0000(i0000)         AC=0o000014,           BR=0o0,    Core@0o0000(i0000)=0o000000  ;  
[93m pc:0o1353(w1353):   SP 0o1433                AC=0o000014,           BR=0o0,    Core@0o1433=0o115363(-0o62414)[0m  ;  
 pc:0o1433:          SU 0o1363(r1363)         AC=0o177761(-0o0016),  BR=0o0,    Core@0o1363(r1363)=0o000032  ;  
[93m pc:0o1434:          CP 0o1444(i1444)         AC=0o177761(-0o0016),  BR=0o0,    Core@0o1444(i1444)=0o074632[0m  ;  
[93m pc:0o1444(i1444):   SP 0o0632(i0632)         AC=0o177761(-0o0016),  BR=0o0,    Core@0o0632(i0632)=0o111363(-0o66414)[0m  ;  
 pc:0o0632(i0632):   AD 0o1363(r1363)         AC=0o000014,           BR=0o0,    Core@0o1363(r1363)=0o000032  ;  
 pc:0o0633:          SL 0o0003                AC=0o000140,           BR=0o0,    Core@0o0003=0o000000  ;  
 pc:0o0634:          AD 0o1641(w1641)         AC=0o000170,           BR=0o0,    Core@0o1641(w1641)=0o000030  ;  
 pc:0o0635:          AD 0o1504(r1504)         AC=0o105530(-0o72247), BR=0o0,    Core@0o1504(r1504)=0o105340(-0o72437)  ;  
 pc:0o0636:          TD 0o1451(i1451)         AC=0o105530(-0o72247), BR=0o0,    Core@0o1451(i1451)=0o101530(-0o76247)  ;  
 pc:0o0637:          DM 0o0631(r0631)         AC=0o000057,           BR=0o105530, Core@0o0631(r0631)=0o105607(-0o72170)  ;  
 pc:0o0640:          DM 0o0000(i0000)         AC=0o000057,           BR=0o57,   Core@0o0000(i0000)=0o000000  ;  
[93m pc:0o0641:          CP 0o1445(i1445)         AC=0o000057,           BR=0o57,   Core@0o1445(i1445)=0o101641(-0o76136)[0m  ;  
[93m pc:0o0642:          SP 0o1451(i1451)         AC=0o000057,           BR=0o57,   Core@0o1451(i1451)=0o101530(-0o76247)[0m  ;  
 pc:0o1451(i1451):   CA 0o1530                AC=0o075330,           BR=0o0,    Core@0o1530=0o075330  ;  
 pc:0o1452(i1452):   TS 0o0670(w0670)         AC=0o075330,           BR=0o0,    Core@0o0670(w0670)=0o075330  ;  
[93m pc:0o1453(i1453):   SP 0o1300(i1300)         AC=0o075330,           BR=0o0,    Core@0o1300(i1300)=0o051314[0m  ;  
 pc:0o1300(i1300):   TA 0o1314(w1314)         AC=0o075330,           BR=0o0,    Core@0o1314(w1314)=0o075454  ;  
 pc:0o1301(r1301):   CA 0o0000(i0000)         AC=0o000000,           BR=0o0,    Core@0o0000(i0000)=0o000000  ;  
 pc:0o1302(i1302):   TS 0o1274(w1274)         AC=0o000000,           BR=0o0,    Core@0o1274(w1274)=0o000000  ;  
 pc:0o1303(i1303):   TS 0o1275(w1275)         AC=0o000000,           BR=0o0,    Core@0o1275(w1275)=0o000000  ;  
[93m pc:0o1304:          SP 0o1330(i1330)         AC=0o000000,           BR=0o0,    Core@0o1330(i1330)=0o051353[0m  ;  
 pc:0o1330(i1330):   TA 0o1353(w1353)         AC=0o000000,           BR=0o0,    Core@0o1353(w1353)=0o075305  ;  
 pc:0o1331(i1331):   CA 0o0000(i0000)         AC=0o000000,           BR=0o0,    Core@0o0000(i0000)=0o000000  ;  
[92m pc:0o1332:          RD 0o1332                AC=0o000010,           BR=0o0,    Core@0o1332=0o015332[0m  ;  RD: PhotoElectricTapeReader: 0o10 (' ')
 pc:0o1333:          TS 0o0671(w0671)         AC=0o000010,           BR=0o0,    Core@0o0671(w0671)=0o000010  ;  
 pc:0o1334(i1334):   SR 0o1001(w1001)         AC=0o000004,           BR=0o0,    Core@0o1001(w1001)=0o074650  ;  
 pc:0o1335:          AD 0o1523(r1523)         AC=0o162003(-0o15774), BR=0o0,    Core@0o1523(r1523)=0o161777(-0o16000)  ;  
 pc:0o1336:          TD 0o1342(w1342)         AC=0o162003(-0o15774), BR=0o0,    Core@0o1342(w1342)=0o102003(-0o75774)  ;  
 pc:0o1337:          EX 0o0000(i0000)         AC=0o000000,           BR=0o0,    Core@0o0000(i0000)=0o000000  ;  
 pc:0o1340(r1340):   SL 0o0004                AC=0o000000,           BR=0o0,    Core@0o0004=0o100065(-0o77712)  ;  
 pc:0o1341:          TD 0o1344(w1344)         AC=0o000000,           BR=0o0,    Core@0o1344(w1344)=0o170000(-0o7777)  ;  
 pc:0o1342(w1342):   CA 0o2003(r2003)         AC=0o000045,           BR=0o0,    Core@0o2003(r2003)=0o000045  ;  
 pc:0o1343:          SL 0o1000(w1000)         AC=0o000045,           BR=0o0,    Core@0o1000(w1000)=0o075140  ;  
 pc:0o1344(w1344):   CL 0o0000(i0000)         AC=0o000045,           BR=0o0,    Core@0o0000(i0000)=0o000000  ;  
 pc:0o1345:          SR 0o1010(i1010)         AC=0o000000,           BR=0o22400, Core@0o1010(i1010)=0o114000(-0o63777)  ;  
[93m pc:0o1346:          CP 0o0001(i0001)         AC=0o000000,           BR=0o22400, Core@0o0001(i0001)=0o000001[0m  ;  
 pc:0o1347(w1347):   SU 0o0000(i0000)         AC=0o177777(-0o0000),  BR=0o22400, Core@0o0000(i0000)=0o000000  ;  
[93m pc:0o1350:          CP 0o1331(i1331)         AC=0o177777(-0o0000),  BR=0o22400, Core@0o1331(i1331)=0o100000(-0o77777)[0m  ;  
 pc:0o1331(i1331):   CA 0o0000(i0000)         AC=0o000000,           BR=0o0,    Core@0o0000(i0000)=0o000000  ;  
[92m pc:0o1332:          RD 0o1332                AC=0o000071,           BR=0o0,    Core@0o1332=0o015332[0m  ;  RD: PhotoElectricTapeReader: 0o71 ('<shift up>')
 pc:0o1333:          TS 0o0671(w0671)         AC=0o000071,           BR=0o0,    Core@0o0671(w0671)=0o000071  ;  
 pc:0o1334(i1334):   SR 0o1001(w1001)         AC=0o000034,           BR=0o100000, Core@0o1001(w1001)=0o074650  ;  
 pc:0o1335:          AD 0o1523(r1523)         AC=0o162033(-0o15744), BR=0o100000, Core@0o1523(r1523)=0o161777(-0o16000)  ;  
 pc:0o1336:          TD 0o1342(w1342)         AC=0o162033(-0o15744), BR=0o100000, Core@0o1342(w1342)=0o102033(-0o75744)  ;  
 pc:0o1337:          EX 0o0000(i0000)         AC=0o000000,           BR=0o100000, Core@0o0000(i0000)=0o000000  ;  
 pc:0o1340(r1340):   SL 0o0004                AC=0o000010,           BR=0o0,    Core@0o0004=0o100065(-0o77712)  ;  
 pc:0o1341:          TD 0o1344(w1344)         AC=0o000010,           BR=0o0,    Core@0o1344(w1344)=0o170010(-0o7767)  ;  
 pc:0o1342(w1342):   CA 0o2033                AC=0o020420,           BR=0o0,    Core@0o2033=0o020420  ;  
 pc:0o1343:          SL 0o1000(w1000)         AC=0o020420,           BR=0o0,    Core@0o1000(w1000)=0o075140  ;  
 pc:0o1344(w1344):   CL 0o0010                AC=0o010000,           BR=0o0,    Core@0o0010=0o130007(-0o47770)  ;  
 pc:0o1345:          SR 0o1010(i1010)         AC=0o000020,           BR=0o0,    Core@0o1010(i1010)=0o114000(-0o63777)  ;  
[93m pc:0o1346:          CP 0o0001(i0001)         AC=0o000020,           BR=0o0,    Core@0o0001(i0001)=0o000001[0m  ;  
 pc:0o1347(w1347):   SU 0o0000(i0000)         AC=0o000020,           BR=0o0,    Core@0o0000(i0000)=0o000000  ;  
[93m pc:0o1350:          CP 0o1331(i1331)         AC=0o000020,           BR=0o0,    Core@0o1331(i1331)=0o100000(-0o77777)[0m  ;  
 pc:0o1351:          SU 0o1502(r1502)         AC=0o000006,           BR=0o0,    Core@0o1502(r1502)=0o000012  ;  
 pc:0o1352:          CL 0o0000(i0000)         AC=0o000006,           BR=0o0,    Core@0o0000(i0000)=0o000000  ;  
[93m pc:0o1353(w1353):   SP 0o1305                AC=0o000006,           BR=0o0,    Core@0o1305=0o071315[0m  ;  
[93m pc:0o1305:          CP 0o1315(i1315)         AC=0o000006,           BR=0o0,    Core@0o1315(i1315)=0o141301(-0o36476)[0m  ;  
 pc:0o1306:          TS 0o1276(w1276)         AC=0o000006,           BR=0o0,    Core@0o1276(w1276)=0o000006  ;  
 pc:0o1307:          SU 0o1360(r1360)         AC=0o177763(-0o0014),  BR=0o0,    Core@0o1360(r1360)=0o000022  ;  
[93m pc:0o1310:          CP 0o1313(i1313)         AC=0o177763(-0o0014),  BR=0o0,    Core@0o1313(i1313)=0o101274(-0o76503)[0m  ;  
 pc:0o1313(i1313):   CA 0o1274(w1274)         AC=0o000000,           BR=0o0,    Core@0o1274(w1274)=0o000000  ;  
[93m pc:0o1314(w1314):   SP 0o1454(r1454)         AC=0o000000,           BR=0o0,    Core@0o1454(r1454)=0o070664[0m  ;  
[93m pc:0o1454(r1454):   CP 0o0664(i0664)         AC=0o000000,           BR=0o0,    Core@0o0664(i0664)=0o110001(-0o67776)[0m  ;  
 pc:0o1455(i1455):   TD 0o0670(w0670)         AC=0o000000,           BR=0o0,    Core@0o0670(w0670)=0o074000  ;  
 pc:0o1456:          CA 0o0670(w0670)         AC=0o074000,           BR=0o0,    Core@0o0670(w0670)=0o074000  ;  
 pc:0o1457(i1457):   TS 0o0670(w0670)         AC=0o074000,           BR=0o0,    Core@0o0670(w0670)=0o074000  ;  
 pc:0o1460(i1460):   CA 0o1276(w1276)         AC=0o000006,           BR=0o0,    Core@0o1276(w1276)=0o000006  ;  
 pc:0o1461:          AD 0o1537(r1537)         AC=0o141521(-0o36256), BR=0o0,    Core@0o1537(r1537)=0o141513(-0o36264)  ;  
 pc:0o1462(i1462):   TD 0o1463(w1463)         AC=0o141521(-0o36256), BR=0o0,    Core@0o1463(w1463)=0o075521  ;  
[93m pc:0o1463(w1463):   SP 0o1521                AC=0o141521(-0o36256), BR=0o0,    Core@0o1521=0o075415[0m  ;  
[93m pc:0o1521:          SP 0o1415(i1415)         AC=0o141521(-0o36256), BR=0o0,    Core@0o1415(i1415)=0o041641[0m  ;  
 pc:0o1415(i1415):   TS 0o1641(w1641)         AC=0o141521(-0o36256), BR=0o0,    Core@0o1641(w1641)=0o141521(-0o36256)  ;  
[93m pc:0o1416:          SP 0o1631(i1631)         AC=0o141521(-0o36256), BR=0o0,    Core@0o1631(i1631)=0o075330[0m  ;  
[93m pc:0o1631(i1631):   SP 0o1330(i1330)         AC=0o141521(-0o36256), BR=0o0,    Core@0o1330(i1330)=0o051353[0m  ;  
 pc:0o1330(i1330):   TA 0o1353(w1353)         AC=0o141521(-0o36256), BR=0o0,    Core@0o1353(w1353)=0o075632  ;  
 pc:0o1331(i1331):   CA 0o0000(i0000)         AC=0o000000,           BR=0o0,    Core@0o0000(i0000)=0o000000  ;  
[92m pc:0o1332:          RD 0o1332                AC=0o000040,           BR=0o0,    Core@0o1332=0o015332[0m  ;  RD: PhotoElectricTapeReader: 0o40 ('t')
 pc:0o1333:          TS 0o0671(w0671)         AC=0o000040,           BR=0o0,    Core@0o0671(w0671)=0o000040  ;  
 pc:0o1334(i1334):   SR 0o1001(w1001)         AC=0o000020,           BR=0o0,    Core@0o1001(w1001)=0o074650  ;  
 pc:0o1335:          AD 0o1523(r1523)         AC=0o162017(-0o15760), BR=0o0,    Core@0o1523(r1523)=0o161777(-0o16000)  ;  
 pc:0o1336:          TD 0o1342(w1342)         AC=0o162017(-0o15760), BR=0o0,    Core@0o1342(w1342)=0o102017(-0o75760)  ;  
 pc:0o1337:          EX 0o0000(i0000)         AC=0o000000,           BR=0o0,    Core@0o0000(i0000)=0o000000  ;  
 pc:0o1340(r1340):   SL 0o0004                AC=0o000000,           BR=0o0,    Core@0o0004=0o100065(-0o77712)  ;  
 pc:0o1341:          TD 0o1344(w1344)         AC=0o000000,           BR=0o0,    Core@0o1344(w1344)=0o170000(-0o7777)  ;  
 pc:0o1342(w1342):   CA 0o2017                AC=0o011600,           BR=0o0,    Core@0o2017=0o011600  ;  
 pc:0o1343:          SL 0o1000(w1000)         AC=0o011600,           BR=0o0,    Core@0o1000(w1000)=0o075140  ;  
 pc:0o1344(w1344):   CL 0o0000(i0000)         AC=0o011600,           BR=0o0,    Core@0o0000(i0000)=0o000000  ;  
 pc:0o1345:          SR 0o1010(i1010)         AC=0o000023,           BR=0o100000, Core@0o1010(i1010)=0o114000(-0o63777)  ;  
[93m pc:0o1346:          CP 0o0001(i0001)         AC=0o000023,           BR=0o100000, Core@0o0001(i0001)=0o000001[0m  ;  
 pc:0o1347(w1347):   SU 0o0000(i0000)         AC=0o000023,           BR=0o100000, Core@0o0000(i0000)=0o000000  ;  
[93m pc:0o1350:          CP 0o1331(i1331)         AC=0o000023,           BR=0o100000, Core@0o1331(i1331)=0o100000(-0o77777)[0m  ;  
 pc:0o1351:          SU 0o1502(r1502)         AC=0o000011,           BR=0o100000, Core@0o1502(r1502)=0o000012  ;  
 pc:0o1352:          CL 0o0000(i0000)         AC=0o000011,           BR=0o0,    Core@0o0000(i0000)=0o000000  ;  
[93m pc:0o1353(w1353):   SP 0o1632                AC=0o000011,           BR=0o0,    Core@0o1632=0o075330[0m  ;  
[93m pc:0o1632:          SP 0o1330(i1330)         AC=0o000011,           BR=0o0,    Core@0o1330(i1330)=0o051353[0m  ;  
 pc:0o1330(i1330):   TA 0o1353(w1353)         AC=0o000011,           BR=0o0,    Core@0o1353(w1353)=0o075633  ;  
 pc:0o1331(i1331):   CA 0o0000(i0000)         AC=0o000000,           BR=0o0,    Core@0o0000(i0000)=0o000000  ;  
[92m pc:0o1332:          RD 0o1332                AC=0o000006,           BR=0o0,    Core@0o1332=0o015332[0m  ;  RD: PhotoElectricTapeReader: 0o6 ('a')
 pc:0o1333:          TS 0o0671(w0671)         AC=0o000006,           BR=0o0,    Core@0o0671(w0671)=0o000006  ;  
 pc:0o1334(i1334):   SR 0o1001(w1001)         AC=0o000003,           BR=0o0,    Core@0o1001(w1001)=0o074650  ;  
 pc:0o1335:          AD 0o1523(r1523)         AC=0o162002(-0o15775), BR=0o0,    Core@0o1523(r1523)=0o161777(-0o16000)  ;  
 pc:0o1336:          TD 0o1342(w1342)         AC=0o162002(-0o15775), BR=0o0,    Core@0o1342(w1342)=0o102002(-0o75775)  ;  
 pc:0o1337:          EX 0o0000(i0000)         AC=0o000000,           BR=0o0,    Core@0o0000(i0000)=0o000000  ;  
 pc:0o1340(r1340):   SL 0o0004                AC=0o000000,           BR=0o0,    Core@0o0004=0o100065(-0o77712)  ;  
 pc:0o1341:          TD 0o1344(w1344)         AC=0o000000,           BR=0o0,    Core@0o1344(w1344)=0o170000(-0o7777)  ;  
 pc:0o1342(w1342):   CA 0o2002                AC=0o014407,           BR=0o0,    Core@0o2002=0o014407  ;  
 pc:0o1343:          SL 0o1000(w1000)         AC=0o014407,           BR=0o0,    Core@0o1000(w1000)=0o075140  ;  
 pc:0o1344(w1344):   CL 0o0000(i0000)         AC=0o014407,           BR=0o0,    Core@0o0000(i0000)=0o000000  ;  
 pc:0o1345:          SR 0o1010(i1010)         AC=0o000031,           BR=0o3400, Core@0o1010(i1010)=0o114000(-0o63777)  ;  
[93m pc:0o1346:          CP 0o0001(i0001)         AC=0o000031,           BR=0o3400, Core@0o0001(i0001)=0o000001[0m  ;  
 pc:0o1347(w1347):   SU 0o0000(i0000)         AC=0o000031,           BR=0o3400, Core@0o0000(i0000)=0o000000  ;  
[93m pc:0o1350:          CP 0o1331(i1331)         AC=0o000031,           BR=0o3400, Core@0o1331(i1331)=0o100000(-0o77777)[0m  ;  
 pc:0o1351:          SU 0o1502(r1502)         AC=0o000017,           BR=0o3400, Core@0o1502(r1502)=0o000012  ;  
 pc:0o1352:          CL 0o0000(i0000)         AC=0o000017,           BR=0o0,    Core@0o0000(i0000)=0o000000  ;  
[93m pc:0o1353(w1353):   SP 0o1633                AC=0o000017,           BR=0o0,    Core@0o1633=0o035634[0m  ;  
[96m pc:[3]0o1633:       CF [3]0o1634             AC=0o000031,           BR=0o0,    Core@[3]0o1634= None [0m  ;  cf:  MemGroupA=3 pc-swap read-back
[92m pc:[3]0o0017:       RD [3]0o0000(i0000)      AC=0o000054,           BR=0o0,    Core@[3]0o0000(i0000)=0o000000[0m  ;  RD: PhotoElectricTapeReader: 0o54 ('p')
 pc:[3]0o0020:       DM [3]0o0003             AC=0o000054,           BR=0o54,   Core@[3]0o0003=0o000000  ;  
[93m pc:[3]0o0021:       CP [3]0o0001(i0001)      AC=0o000054,           BR=0o54,   Core@[3]0o0001(i0001)=0o000001[0m  ;  
[93m pc:[3]0o0022:       SP [3]0o0002             AC=0o000054,           BR=0o54,   Core@[3]0o0002=0o000000[0m  ;  
Halt Instruction!  (Code=0) at pc=02
[92m pc:[3]0o0002:       SI [3]0o0000(i0000)      AC=0o000054,           BR=0o54,   Core@[3]0o0000(i0000)=0o000000[0m  ;  select I/O: unknown i/o device
Alarm 'Program Halt' (5) at PC=0o2 (0d2)
Core Image 6144(d) words, output to file bc.dcore

Flexowriter Said:


close display...
