                         ;
                         ;					    Whirlwind
                         ;					Simulator by G.Fedorkow
                         ;		  github.com/gfedorkow/Whirlwind-Instruction-Simulator
                         ;
                         ;        *** TNMoC's Count to 1,000,000 benchmark ***
                         ;
                         ; L. Stabile
                         ; June 28, 2026
                         ;
                         ;           Unrolled inner loop
                         ;
                         ; Use the factoring 2000 * 500 = 1000000. Unroll the inner
                         ; loop to 2000 sp instructions. This is the most we can
                         ; fit in a single 2048-word memory bank wrt the possible
                         ; factors.

                         ; Since with the loop unrolled it doesn't have to do
                         ; anything, I used the shortest-time nop in whirlwind, an
                         ; sp (jump), at 15 usec. So we just jump from one
                         ; instruction to the next.
                         ;
                         ; Clocks at 15 sec (15,022,030 usec), 1001000 instruction cycles.

                   loop:
@0040:074041     label0: sp label1
@0041:074042     label1: sp label2
@0042:074043     label2: sp label3
@0043:074044     label3: sp label4
@0044:074045     label4: sp label5
@0045:074046     label5: sp label6
@0046:074047     label6: sp label7
@0047:074050     label7: sp label8
@0050:074051     label8: sp label9
@0051:074052     label9: sp label10
@0052:074053    label10: sp label11
@0053:074054    label11: sp label12
@0054:074055    label12: sp label13
@0055:074056    label13: sp label14
@0056:074057    label14: sp label15
@0057:074060    label15: sp label16
@0060:074061    label16: sp label17
@0061:074062    label17: sp label18
@0062:074063    label18: sp label19
@0063:074064    label19: sp label20
@0064:074065    label20: sp label21
@0065:074066    label21: sp label22
@0066:074067    label22: sp label23
@0067:074070    label23: sp label24
@0070:074071    label24: sp label25
@0071:074072    label25: sp label26
@0072:074073    label26: sp label27
@0073:074074    label27: sp label28
@0074:074075    label28: sp label29
@0075:074076    label29: sp label30
@0076:074077    label30: sp label31
@0077:074100    label31: sp label32
@0100:074101    label32: sp label33
@0101:074102    label33: sp label34
@0102:074103    label34: sp label35
@0103:074104    label35: sp label36
@0104:074105    label36: sp label37
@0105:074106    label37: sp label38
@0106:074107    label38: sp label39
@0107:074110    label39: sp label40
@0110:074111    label40: sp label41
@0111:074112    label41: sp label42
@0112:074113    label42: sp label43
@0113:074114    label43: sp label44
@0114:074115    label44: sp label45
@0115:074116    label45: sp label46
@0116:074117    label46: sp label47
@0117:074120    label47: sp label48
@0120:074121    label48: sp label49
@0121:074122    label49: sp label50
@0122:074123    label50: sp label51
@0123:074124    label51: sp label52
@0124:074125    label52: sp label53
@0125:074126    label53: sp label54
@0126:074127    label54: sp label55
@0127:074130    label55: sp label56
@0130:074131    label56: sp label57
@0131:074132    label57: sp label58
@0132:074133    label58: sp label59
@0133:074134    label59: sp label60
@0134:074135    label60: sp label61
@0135:074136    label61: sp label62
@0136:074137    label62: sp label63
@0137:074140    label63: sp label64
@0140:074141    label64: sp label65
@0141:074142    label65: sp label66
@0142:074143    label66: sp label67
@0143:074144    label67: sp label68
@0144:074145    label68: sp label69
@0145:074146    label69: sp label70
@0146:074147    label70: sp label71
@0147:074150    label71: sp label72
@0150:074151    label72: sp label73
@0151:074152    label73: sp label74
@0152:074153    label74: sp label75
@0153:074154    label75: sp label76
@0154:074155    label76: sp label77
@0155:074156    label77: sp label78
@0156:074157    label78: sp label79
@0157:074160    label79: sp label80
@0160:074161    label80: sp label81
@0161:074162    label81: sp label82
@0162:074163    label82: sp label83
@0163:074164    label83: sp label84
@0164:074165    label84: sp label85
@0165:074166    label85: sp label86
@0166:074167    label86: sp label87
@0167:074170    label87: sp label88
@0170:074171    label88: sp label89
@0171:074172    label89: sp label90
@0172:074173    label90: sp label91
@0173:074174    label91: sp label92
@0174:074175    label92: sp label93
@0175:074176    label93: sp label94
@0176:074177    label94: sp label95
@0177:074200    label95: sp label96
@0200:074201    label96: sp label97
@0201:074202    label97: sp label98
@0202:074203    label98: sp label99
@0203:074204    label99: sp label100
@0204:074205   label100: sp label101
@0205:074206   label101: sp label102
@0206:074207   label102: sp label103
@0207:074210   label103: sp label104
@0210:074211   label104: sp label105
@0211:074212   label105: sp label106
@0212:074213   label106: sp label107
@0213:074214   label107: sp label108
@0214:074215   label108: sp label109
@0215:074216   label109: sp label110
@0216:074217   label110: sp label111
@0217:074220   label111: sp label112
@0220:074221   label112: sp label113
@0221:074222   label113: sp label114
@0222:074223   label114: sp label115
@0223:074224   label115: sp label116
@0224:074225   label116: sp label117
@0225:074226   label117: sp label118
@0226:074227   label118: sp label119
@0227:074230   label119: sp label120
@0230:074231   label120: sp label121
@0231:074232   label121: sp label122
@0232:074233   label122: sp label123
@0233:074234   label123: sp label124
@0234:074235   label124: sp label125
@0235:074236   label125: sp label126
@0236:074237   label126: sp label127
@0237:074240   label127: sp label128
@0240:074241   label128: sp label129
@0241:074242   label129: sp label130
@0242:074243   label130: sp label131
@0243:074244   label131: sp label132
@0244:074245   label132: sp label133
@0245:074246   label133: sp label134
@0246:074247   label134: sp label135
@0247:074250   label135: sp label136
@0250:074251   label136: sp label137
@0251:074252   label137: sp label138
@0252:074253   label138: sp label139
@0253:074254   label139: sp label140
@0254:074255   label140: sp label141
@0255:074256   label141: sp label142
@0256:074257   label142: sp label143
@0257:074260   label143: sp label144
@0260:074261   label144: sp label145
@0261:074262   label145: sp label146
@0262:074263   label146: sp label147
@0263:074264   label147: sp label148
@0264:074265   label148: sp label149
@0265:074266   label149: sp label150
@0266:074267   label150: sp label151
@0267:074270   label151: sp label152
@0270:074271   label152: sp label153
@0271:074272   label153: sp label154
@0272:074273   label154: sp label155
@0273:074274   label155: sp label156
@0274:074275   label156: sp label157
@0275:074276   label157: sp label158
@0276:074277   label158: sp label159
@0277:074300   label159: sp label160
@0300:074301   label160: sp label161
@0301:074302   label161: sp label162
@0302:074303   label162: sp label163
@0303:074304   label163: sp label164
@0304:074305   label164: sp label165
@0305:074306   label165: sp label166
@0306:074307   label166: sp label167
@0307:074310   label167: sp label168
@0310:074311   label168: sp label169
@0311:074312   label169: sp label170
@0312:074313   label170: sp label171
@0313:074314   label171: sp label172
@0314:074315   label172: sp label173
@0315:074316   label173: sp label174
@0316:074317   label174: sp label175
@0317:074320   label175: sp label176
@0320:074321   label176: sp label177
@0321:074322   label177: sp label178
@0322:074323   label178: sp label179
@0323:074324   label179: sp label180
@0324:074325   label180: sp label181
@0325:074326   label181: sp label182
@0326:074327   label182: sp label183
@0327:074330   label183: sp label184
@0330:074331   label184: sp label185
@0331:074332   label185: sp label186
@0332:074333   label186: sp label187
@0333:074334   label187: sp label188
@0334:074335   label188: sp label189
@0335:074336   label189: sp label190
@0336:074337   label190: sp label191
@0337:074340   label191: sp label192
@0340:074341   label192: sp label193
@0341:074342   label193: sp label194
@0342:074343   label194: sp label195
@0343:074344   label195: sp label196
@0344:074345   label196: sp label197
@0345:074346   label197: sp label198
@0346:074347   label198: sp label199
@0347:074350   label199: sp label200
@0350:074351   label200: sp label201
@0351:074352   label201: sp label202
@0352:074353   label202: sp label203
@0353:074354   label203: sp label204
@0354:074355   label204: sp label205
@0355:074356   label205: sp label206
@0356:074357   label206: sp label207
@0357:074360   label207: sp label208
@0360:074361   label208: sp label209
@0361:074362   label209: sp label210
@0362:074363   label210: sp label211
@0363:074364   label211: sp label212
@0364:074365   label212: sp label213
@0365:074366   label213: sp label214
@0366:074367   label214: sp label215
@0367:074370   label215: sp label216
@0370:074371   label216: sp label217
@0371:074372   label217: sp label218
@0372:074373   label218: sp label219
@0373:074374   label219: sp label220
@0374:074375   label220: sp label221
@0375:074376   label221: sp label222
@0376:074377   label222: sp label223
@0377:074400   label223: sp label224
@0400:074401   label224: sp label225
@0401:074402   label225: sp label226
@0402:074403   label226: sp label227
@0403:074404   label227: sp label228
@0404:074405   label228: sp label229
@0405:074406   label229: sp label230
@0406:074407   label230: sp label231
@0407:074410   label231: sp label232
@0410:074411   label232: sp label233
@0411:074412   label233: sp label234
@0412:074413   label234: sp label235
@0413:074414   label235: sp label236
@0414:074415   label236: sp label237
@0415:074416   label237: sp label238
@0416:074417   label238: sp label239
@0417:074420   label239: sp label240
@0420:074421   label240: sp label241
@0421:074422   label241: sp label242
@0422:074423   label242: sp label243
@0423:074424   label243: sp label244
@0424:074425   label244: sp label245
@0425:074426   label245: sp label246
@0426:074427   label246: sp label247
@0427:074430   label247: sp label248
@0430:074431   label248: sp label249
@0431:074432   label249: sp label250
@0432:074433   label250: sp label251
@0433:074434   label251: sp label252
@0434:074435   label252: sp label253
@0435:074436   label253: sp label254
@0436:074437   label254: sp label255
@0437:074440   label255: sp label256
@0440:074441   label256: sp label257
@0441:074442   label257: sp label258
@0442:074443   label258: sp label259
@0443:074444   label259: sp label260
@0444:074445   label260: sp label261
@0445:074446   label261: sp label262
@0446:074447   label262: sp label263
@0447:074450   label263: sp label264
@0450:074451   label264: sp label265
@0451:074452   label265: sp label266
@0452:074453   label266: sp label267
@0453:074454   label267: sp label268
@0454:074455   label268: sp label269
@0455:074456   label269: sp label270
@0456:074457   label270: sp label271
@0457:074460   label271: sp label272
@0460:074461   label272: sp label273
@0461:074462   label273: sp label274
@0462:074463   label274: sp label275
@0463:074464   label275: sp label276
@0464:074465   label276: sp label277
@0465:074466   label277: sp label278
@0466:074467   label278: sp label279
@0467:074470   label279: sp label280
@0470:074471   label280: sp label281
@0471:074472   label281: sp label282
@0472:074473   label282: sp label283
@0473:074474   label283: sp label284
@0474:074475   label284: sp label285
@0475:074476   label285: sp label286
@0476:074477   label286: sp label287
@0477:074500   label287: sp label288
@0500:074501   label288: sp label289
@0501:074502   label289: sp label290
@0502:074503   label290: sp label291
@0503:074504   label291: sp label292
@0504:074505   label292: sp label293
@0505:074506   label293: sp label294
@0506:074507   label294: sp label295
@0507:074510   label295: sp label296
@0510:074511   label296: sp label297
@0511:074512   label297: sp label298
@0512:074513   label298: sp label299
@0513:074514   label299: sp label300
@0514:074515   label300: sp label301
@0515:074516   label301: sp label302
@0516:074517   label302: sp label303
@0517:074520   label303: sp label304
@0520:074521   label304: sp label305
@0521:074522   label305: sp label306
@0522:074523   label306: sp label307
@0523:074524   label307: sp label308
@0524:074525   label308: sp label309
@0525:074526   label309: sp label310
@0526:074527   label310: sp label311
@0527:074530   label311: sp label312
@0530:074531   label312: sp label313
@0531:074532   label313: sp label314
@0532:074533   label314: sp label315
@0533:074534   label315: sp label316
@0534:074535   label316: sp label317
@0535:074536   label317: sp label318
@0536:074537   label318: sp label319
@0537:074540   label319: sp label320
@0540:074541   label320: sp label321
@0541:074542   label321: sp label322
@0542:074543   label322: sp label323
@0543:074544   label323: sp label324
@0544:074545   label324: sp label325
@0545:074546   label325: sp label326
@0546:074547   label326: sp label327
@0547:074550   label327: sp label328
@0550:074551   label328: sp label329
@0551:074552   label329: sp label330
@0552:074553   label330: sp label331
@0553:074554   label331: sp label332
@0554:074555   label332: sp label333
@0555:074556   label333: sp label334
@0556:074557   label334: sp label335
@0557:074560   label335: sp label336
@0560:074561   label336: sp label337
@0561:074562   label337: sp label338
@0562:074563   label338: sp label339
@0563:074564   label339: sp label340
@0564:074565   label340: sp label341
@0565:074566   label341: sp label342
@0566:074567   label342: sp label343
@0567:074570   label343: sp label344
@0570:074571   label344: sp label345
@0571:074572   label345: sp label346
@0572:074573   label346: sp label347
@0573:074574   label347: sp label348
@0574:074575   label348: sp label349
@0575:074576   label349: sp label350
@0576:074577   label350: sp label351
@0577:074600   label351: sp label352
@0600:074601   label352: sp label353
@0601:074602   label353: sp label354
@0602:074603   label354: sp label355
@0603:074604   label355: sp label356
@0604:074605   label356: sp label357
@0605:074606   label357: sp label358
@0606:074607   label358: sp label359
@0607:074610   label359: sp label360
@0610:074611   label360: sp label361
@0611:074612   label361: sp label362
@0612:074613   label362: sp label363
@0613:074614   label363: sp label364
@0614:074615   label364: sp label365
@0615:074616   label365: sp label366
@0616:074617   label366: sp label367
@0617:074620   label367: sp label368
@0620:074621   label368: sp label369
@0621:074622   label369: sp label370
@0622:074623   label370: sp label371
@0623:074624   label371: sp label372
@0624:074625   label372: sp label373
@0625:074626   label373: sp label374
@0626:074627   label374: sp label375
@0627:074630   label375: sp label376
@0630:074631   label376: sp label377
@0631:074632   label377: sp label378
@0632:074633   label378: sp label379
@0633:074634   label379: sp label380
@0634:074635   label380: sp label381
@0635:074636   label381: sp label382
@0636:074637   label382: sp label383
@0637:074640   label383: sp label384
@0640:074641   label384: sp label385
@0641:074642   label385: sp label386
@0642:074643   label386: sp label387
@0643:074644   label387: sp label388
@0644:074645   label388: sp label389
@0645:074646   label389: sp label390
@0646:074647   label390: sp label391
@0647:074650   label391: sp label392
@0650:074651   label392: sp label393
@0651:074652   label393: sp label394
@0652:074653   label394: sp label395
@0653:074654   label395: sp label396
@0654:074655   label396: sp label397
@0655:074656   label397: sp label398
@0656:074657   label398: sp label399
@0657:074660   label399: sp label400
@0660:074661   label400: sp label401
@0661:074662   label401: sp label402
@0662:074663   label402: sp label403
@0663:074664   label403: sp label404
@0664:074665   label404: sp label405
@0665:074666   label405: sp label406
@0666:074667   label406: sp label407
@0667:074670   label407: sp label408
@0670:074671   label408: sp label409
@0671:074672   label409: sp label410
@0672:074673   label410: sp label411
@0673:074674   label411: sp label412
@0674:074675   label412: sp label413
@0675:074676   label413: sp label414
@0676:074677   label414: sp label415
@0677:074700   label415: sp label416
@0700:074701   label416: sp label417
@0701:074702   label417: sp label418
@0702:074703   label418: sp label419
@0703:074704   label419: sp label420
@0704:074705   label420: sp label421
@0705:074706   label421: sp label422
@0706:074707   label422: sp label423
@0707:074710   label423: sp label424
@0710:074711   label424: sp label425
@0711:074712   label425: sp label426
@0712:074713   label426: sp label427
@0713:074714   label427: sp label428
@0714:074715   label428: sp label429
@0715:074716   label429: sp label430
@0716:074717   label430: sp label431
@0717:074720   label431: sp label432
@0720:074721   label432: sp label433
@0721:074722   label433: sp label434
@0722:074723   label434: sp label435
@0723:074724   label435: sp label436
@0724:074725   label436: sp label437
@0725:074726   label437: sp label438
@0726:074727   label438: sp label439
@0727:074730   label439: sp label440
@0730:074731   label440: sp label441
@0731:074732   label441: sp label442
@0732:074733   label442: sp label443
@0733:074734   label443: sp label444
@0734:074735   label444: sp label445
@0735:074736   label445: sp label446
@0736:074737   label446: sp label447
@0737:074740   label447: sp label448
@0740:074741   label448: sp label449
@0741:074742   label449: sp label450
@0742:074743   label450: sp label451
@0743:074744   label451: sp label452
@0744:074745   label452: sp label453
@0745:074746   label453: sp label454
@0746:074747   label454: sp label455
@0747:074750   label455: sp label456
@0750:074751   label456: sp label457
@0751:074752   label457: sp label458
@0752:074753   label458: sp label459
@0753:074754   label459: sp label460
@0754:074755   label460: sp label461
@0755:074756   label461: sp label462
@0756:074757   label462: sp label463
@0757:074760   label463: sp label464
@0760:074761   label464: sp label465
@0761:074762   label465: sp label466
@0762:074763   label466: sp label467
@0763:074764   label467: sp label468
@0764:074765   label468: sp label469
@0765:074766   label469: sp label470
@0766:074767   label470: sp label471
@0767:074770   label471: sp label472
@0770:074771   label472: sp label473
@0771:074772   label473: sp label474
@0772:074773   label474: sp label475
@0773:074774   label475: sp label476
@0774:074775   label476: sp label477
@0775:074776   label477: sp label478
@0776:074777   label478: sp label479
@0777:075000   label479: sp label480
@1000:075001   label480: sp label481
@1001:075002   label481: sp label482
@1002:075003   label482: sp label483
@1003:075004   label483: sp label484
@1004:075005   label484: sp label485
@1005:075006   label485: sp label486
@1006:075007   label486: sp label487
@1007:075010   label487: sp label488
@1010:075011   label488: sp label489
@1011:075012   label489: sp label490
@1012:075013   label490: sp label491
@1013:075014   label491: sp label492
@1014:075015   label492: sp label493
@1015:075016   label493: sp label494
@1016:075017   label494: sp label495
@1017:075020   label495: sp label496
@1020:075021   label496: sp label497
@1021:075022   label497: sp label498
@1022:075023   label498: sp label499
@1023:075024   label499: sp label500
@1024:075025   label500: sp label501
@1025:075026   label501: sp label502
@1026:075027   label502: sp label503
@1027:075030   label503: sp label504
@1030:075031   label504: sp label505
@1031:075032   label505: sp label506
@1032:075033   label506: sp label507
@1033:075034   label507: sp label508
@1034:075035   label508: sp label509
@1035:075036   label509: sp label510
@1036:075037   label510: sp label511
@1037:075040   label511: sp label512
@1040:075041   label512: sp label513
@1041:075042   label513: sp label514
@1042:075043   label514: sp label515
@1043:075044   label515: sp label516
@1044:075045   label516: sp label517
@1045:075046   label517: sp label518
@1046:075047   label518: sp label519
@1047:075050   label519: sp label520
@1050:075051   label520: sp label521
@1051:075052   label521: sp label522
@1052:075053   label522: sp label523
@1053:075054   label523: sp label524
@1054:075055   label524: sp label525
@1055:075056   label525: sp label526
@1056:075057   label526: sp label527
@1057:075060   label527: sp label528
@1060:075061   label528: sp label529
@1061:075062   label529: sp label530
@1062:075063   label530: sp label531
@1063:075064   label531: sp label532
@1064:075065   label532: sp label533
@1065:075066   label533: sp label534
@1066:075067   label534: sp label535
@1067:075070   label535: sp label536
@1070:075071   label536: sp label537
@1071:075072   label537: sp label538
@1072:075073   label538: sp label539
@1073:075074   label539: sp label540
@1074:075075   label540: sp label541
@1075:075076   label541: sp label542
@1076:075077   label542: sp label543
@1077:075100   label543: sp label544
@1100:075101   label544: sp label545
@1101:075102   label545: sp label546
@1102:075103   label546: sp label547
@1103:075104   label547: sp label548
@1104:075105   label548: sp label549
@1105:075106   label549: sp label550
@1106:075107   label550: sp label551
@1107:075110   label551: sp label552
@1110:075111   label552: sp label553
@1111:075112   label553: sp label554
@1112:075113   label554: sp label555
@1113:075114   label555: sp label556
@1114:075115   label556: sp label557
@1115:075116   label557: sp label558
@1116:075117   label558: sp label559
@1117:075120   label559: sp label560
@1120:075121   label560: sp label561
@1121:075122   label561: sp label562
@1122:075123   label562: sp label563
@1123:075124   label563: sp label564
@1124:075125   label564: sp label565
@1125:075126   label565: sp label566
@1126:075127   label566: sp label567
@1127:075130   label567: sp label568
@1130:075131   label568: sp label569
@1131:075132   label569: sp label570
@1132:075133   label570: sp label571
@1133:075134   label571: sp label572
@1134:075135   label572: sp label573
@1135:075136   label573: sp label574
@1136:075137   label574: sp label575
@1137:075140   label575: sp label576
@1140:075141   label576: sp label577
@1141:075142   label577: sp label578
@1142:075143   label578: sp label579
@1143:075144   label579: sp label580
@1144:075145   label580: sp label581
@1145:075146   label581: sp label582
@1146:075147   label582: sp label583
@1147:075150   label583: sp label584
@1150:075151   label584: sp label585
@1151:075152   label585: sp label586
@1152:075153   label586: sp label587
@1153:075154   label587: sp label588
@1154:075155   label588: sp label589
@1155:075156   label589: sp label590
@1156:075157   label590: sp label591
@1157:075160   label591: sp label592
@1160:075161   label592: sp label593
@1161:075162   label593: sp label594
@1162:075163   label594: sp label595
@1163:075164   label595: sp label596
@1164:075165   label596: sp label597
@1165:075166   label597: sp label598
@1166:075167   label598: sp label599
@1167:075170   label599: sp label600
@1170:075171   label600: sp label601
@1171:075172   label601: sp label602
@1172:075173   label602: sp label603
@1173:075174   label603: sp label604
@1174:075175   label604: sp label605
@1175:075176   label605: sp label606
@1176:075177   label606: sp label607
@1177:075200   label607: sp label608
@1200:075201   label608: sp label609
@1201:075202   label609: sp label610
@1202:075203   label610: sp label611
@1203:075204   label611: sp label612
@1204:075205   label612: sp label613
@1205:075206   label613: sp label614
@1206:075207   label614: sp label615
@1207:075210   label615: sp label616
@1210:075211   label616: sp label617
@1211:075212   label617: sp label618
@1212:075213   label618: sp label619
@1213:075214   label619: sp label620
@1214:075215   label620: sp label621
@1215:075216   label621: sp label622
@1216:075217   label622: sp label623
@1217:075220   label623: sp label624
@1220:075221   label624: sp label625
@1221:075222   label625: sp label626
@1222:075223   label626: sp label627
@1223:075224   label627: sp label628
@1224:075225   label628: sp label629
@1225:075226   label629: sp label630
@1226:075227   label630: sp label631
@1227:075230   label631: sp label632
@1230:075231   label632: sp label633
@1231:075232   label633: sp label634
@1232:075233   label634: sp label635
@1233:075234   label635: sp label636
@1234:075235   label636: sp label637
@1235:075236   label637: sp label638
@1236:075237   label638: sp label639
@1237:075240   label639: sp label640
@1240:075241   label640: sp label641
@1241:075242   label641: sp label642
@1242:075243   label642: sp label643
@1243:075244   label643: sp label644
@1244:075245   label644: sp label645
@1245:075246   label645: sp label646
@1246:075247   label646: sp label647
@1247:075250   label647: sp label648
@1250:075251   label648: sp label649
@1251:075252   label649: sp label650
@1252:075253   label650: sp label651
@1253:075254   label651: sp label652
@1254:075255   label652: sp label653
@1255:075256   label653: sp label654
@1256:075257   label654: sp label655
@1257:075260   label655: sp label656
@1260:075261   label656: sp label657
@1261:075262   label657: sp label658
@1262:075263   label658: sp label659
@1263:075264   label659: sp label660
@1264:075265   label660: sp label661
@1265:075266   label661: sp label662
@1266:075267   label662: sp label663
@1267:075270   label663: sp label664
@1270:075271   label664: sp label665
@1271:075272   label665: sp label666
@1272:075273   label666: sp label667
@1273:075274   label667: sp label668
@1274:075275   label668: sp label669
@1275:075276   label669: sp label670
@1276:075277   label670: sp label671
@1277:075300   label671: sp label672
@1300:075301   label672: sp label673
@1301:075302   label673: sp label674
@1302:075303   label674: sp label675
@1303:075304   label675: sp label676
@1304:075305   label676: sp label677
@1305:075306   label677: sp label678
@1306:075307   label678: sp label679
@1307:075310   label679: sp label680
@1310:075311   label680: sp label681
@1311:075312   label681: sp label682
@1312:075313   label682: sp label683
@1313:075314   label683: sp label684
@1314:075315   label684: sp label685
@1315:075316   label685: sp label686
@1316:075317   label686: sp label687
@1317:075320   label687: sp label688
@1320:075321   label688: sp label689
@1321:075322   label689: sp label690
@1322:075323   label690: sp label691
@1323:075324   label691: sp label692
@1324:075325   label692: sp label693
@1325:075326   label693: sp label694
@1326:075327   label694: sp label695
@1327:075330   label695: sp label696
@1330:075331   label696: sp label697
@1331:075332   label697: sp label698
@1332:075333   label698: sp label699
@1333:075334   label699: sp label700
@1334:075335   label700: sp label701
@1335:075336   label701: sp label702
@1336:075337   label702: sp label703
@1337:075340   label703: sp label704
@1340:075341   label704: sp label705
@1341:075342   label705: sp label706
@1342:075343   label706: sp label707
@1343:075344   label707: sp label708
@1344:075345   label708: sp label709
@1345:075346   label709: sp label710
@1346:075347   label710: sp label711
@1347:075350   label711: sp label712
@1350:075351   label712: sp label713
@1351:075352   label713: sp label714
@1352:075353   label714: sp label715
@1353:075354   label715: sp label716
@1354:075355   label716: sp label717
@1355:075356   label717: sp label718
@1356:075357   label718: sp label719
@1357:075360   label719: sp label720
@1360:075361   label720: sp label721
@1361:075362   label721: sp label722
@1362:075363   label722: sp label723
@1363:075364   label723: sp label724
@1364:075365   label724: sp label725
@1365:075366   label725: sp label726
@1366:075367   label726: sp label727
@1367:075370   label727: sp label728
@1370:075371   label728: sp label729
@1371:075372   label729: sp label730
@1372:075373   label730: sp label731
@1373:075374   label731: sp label732
@1374:075375   label732: sp label733
@1375:075376   label733: sp label734
@1376:075377   label734: sp label735
@1377:075400   label735: sp label736
@1400:075401   label736: sp label737
@1401:075402   label737: sp label738
@1402:075403   label738: sp label739
@1403:075404   label739: sp label740
@1404:075405   label740: sp label741
@1405:075406   label741: sp label742
@1406:075407   label742: sp label743
@1407:075410   label743: sp label744
@1410:075411   label744: sp label745
@1411:075412   label745: sp label746
@1412:075413   label746: sp label747
@1413:075414   label747: sp label748
@1414:075415   label748: sp label749
@1415:075416   label749: sp label750
@1416:075417   label750: sp label751
@1417:075420   label751: sp label752
@1420:075421   label752: sp label753
@1421:075422   label753: sp label754
@1422:075423   label754: sp label755
@1423:075424   label755: sp label756
@1424:075425   label756: sp label757
@1425:075426   label757: sp label758
@1426:075427   label758: sp label759
@1427:075430   label759: sp label760
@1430:075431   label760: sp label761
@1431:075432   label761: sp label762
@1432:075433   label762: sp label763
@1433:075434   label763: sp label764
@1434:075435   label764: sp label765
@1435:075436   label765: sp label766
@1436:075437   label766: sp label767
@1437:075440   label767: sp label768
@1440:075441   label768: sp label769
@1441:075442   label769: sp label770
@1442:075443   label770: sp label771
@1443:075444   label771: sp label772
@1444:075445   label772: sp label773
@1445:075446   label773: sp label774
@1446:075447   label774: sp label775
@1447:075450   label775: sp label776
@1450:075451   label776: sp label777
@1451:075452   label777: sp label778
@1452:075453   label778: sp label779
@1453:075454   label779: sp label780
@1454:075455   label780: sp label781
@1455:075456   label781: sp label782
@1456:075457   label782: sp label783
@1457:075460   label783: sp label784
@1460:075461   label784: sp label785
@1461:075462   label785: sp label786
@1462:075463   label786: sp label787
@1463:075464   label787: sp label788
@1464:075465   label788: sp label789
@1465:075466   label789: sp label790
@1466:075467   label790: sp label791
@1467:075470   label791: sp label792
@1470:075471   label792: sp label793
@1471:075472   label793: sp label794
@1472:075473   label794: sp label795
@1473:075474   label795: sp label796
@1474:075475   label796: sp label797
@1475:075476   label797: sp label798
@1476:075477   label798: sp label799
@1477:075500   label799: sp label800
@1500:075501   label800: sp label801
@1501:075502   label801: sp label802
@1502:075503   label802: sp label803
@1503:075504   label803: sp label804
@1504:075505   label804: sp label805
@1505:075506   label805: sp label806
@1506:075507   label806: sp label807
@1507:075510   label807: sp label808
@1510:075511   label808: sp label809
@1511:075512   label809: sp label810
@1512:075513   label810: sp label811
@1513:075514   label811: sp label812
@1514:075515   label812: sp label813
@1515:075516   label813: sp label814
@1516:075517   label814: sp label815
@1517:075520   label815: sp label816
@1520:075521   label816: sp label817
@1521:075522   label817: sp label818
@1522:075523   label818: sp label819
@1523:075524   label819: sp label820
@1524:075525   label820: sp label821
@1525:075526   label821: sp label822
@1526:075527   label822: sp label823
@1527:075530   label823: sp label824
@1530:075531   label824: sp label825
@1531:075532   label825: sp label826
@1532:075533   label826: sp label827
@1533:075534   label827: sp label828
@1534:075535   label828: sp label829
@1535:075536   label829: sp label830
@1536:075537   label830: sp label831
@1537:075540   label831: sp label832
@1540:075541   label832: sp label833
@1541:075542   label833: sp label834
@1542:075543   label834: sp label835
@1543:075544   label835: sp label836
@1544:075545   label836: sp label837
@1545:075546   label837: sp label838
@1546:075547   label838: sp label839
@1547:075550   label839: sp label840
@1550:075551   label840: sp label841
@1551:075552   label841: sp label842
@1552:075553   label842: sp label843
@1553:075554   label843: sp label844
@1554:075555   label844: sp label845
@1555:075556   label845: sp label846
@1556:075557   label846: sp label847
@1557:075560   label847: sp label848
@1560:075561   label848: sp label849
@1561:075562   label849: sp label850
@1562:075563   label850: sp label851
@1563:075564   label851: sp label852
@1564:075565   label852: sp label853
@1565:075566   label853: sp label854
@1566:075567   label854: sp label855
@1567:075570   label855: sp label856
@1570:075571   label856: sp label857
@1571:075572   label857: sp label858
@1572:075573   label858: sp label859
@1573:075574   label859: sp label860
@1574:075575   label860: sp label861
@1575:075576   label861: sp label862
@1576:075577   label862: sp label863
@1577:075600   label863: sp label864
@1600:075601   label864: sp label865
@1601:075602   label865: sp label866
@1602:075603   label866: sp label867
@1603:075604   label867: sp label868
@1604:075605   label868: sp label869
@1605:075606   label869: sp label870
@1606:075607   label870: sp label871
@1607:075610   label871: sp label872
@1610:075611   label872: sp label873
@1611:075612   label873: sp label874
@1612:075613   label874: sp label875
@1613:075614   label875: sp label876
@1614:075615   label876: sp label877
@1615:075616   label877: sp label878
@1616:075617   label878: sp label879
@1617:075620   label879: sp label880
@1620:075621   label880: sp label881
@1621:075622   label881: sp label882
@1622:075623   label882: sp label883
@1623:075624   label883: sp label884
@1624:075625   label884: sp label885
@1625:075626   label885: sp label886
@1626:075627   label886: sp label887
@1627:075630   label887: sp label888
@1630:075631   label888: sp label889
@1631:075632   label889: sp label890
@1632:075633   label890: sp label891
@1633:075634   label891: sp label892
@1634:075635   label892: sp label893
@1635:075636   label893: sp label894
@1636:075637   label894: sp label895
@1637:075640   label895: sp label896
@1640:075641   label896: sp label897
@1641:075642   label897: sp label898
@1642:075643   label898: sp label899
@1643:075644   label899: sp label900
@1644:075645   label900: sp label901
@1645:075646   label901: sp label902
@1646:075647   label902: sp label903
@1647:075650   label903: sp label904
@1650:075651   label904: sp label905
@1651:075652   label905: sp label906
@1652:075653   label906: sp label907
@1653:075654   label907: sp label908
@1654:075655   label908: sp label909
@1655:075656   label909: sp label910
@1656:075657   label910: sp label911
@1657:075660   label911: sp label912
@1660:075661   label912: sp label913
@1661:075662   label913: sp label914
@1662:075663   label914: sp label915
@1663:075664   label915: sp label916
@1664:075665   label916: sp label917
@1665:075666   label917: sp label918
@1666:075667   label918: sp label919
@1667:075670   label919: sp label920
@1670:075671   label920: sp label921
@1671:075672   label921: sp label922
@1672:075673   label922: sp label923
@1673:075674   label923: sp label924
@1674:075675   label924: sp label925
@1675:075676   label925: sp label926
@1676:075677   label926: sp label927
@1677:075700   label927: sp label928
@1700:075701   label928: sp label929
@1701:075702   label929: sp label930
@1702:075703   label930: sp label931
@1703:075704   label931: sp label932
@1704:075705   label932: sp label933
@1705:075706   label933: sp label934
@1706:075707   label934: sp label935
@1707:075710   label935: sp label936
@1710:075711   label936: sp label937
@1711:075712   label937: sp label938
@1712:075713   label938: sp label939
@1713:075714   label939: sp label940
@1714:075715   label940: sp label941
@1715:075716   label941: sp label942
@1716:075717   label942: sp label943
@1717:075720   label943: sp label944
@1720:075721   label944: sp label945
@1721:075722   label945: sp label946
@1722:075723   label946: sp label947
@1723:075724   label947: sp label948
@1724:075725   label948: sp label949
@1725:075726   label949: sp label950
@1726:075727   label950: sp label951
@1727:075730   label951: sp label952
@1730:075731   label952: sp label953
@1731:075732   label953: sp label954
@1732:075733   label954: sp label955
@1733:075734   label955: sp label956
@1734:075735   label956: sp label957
@1735:075736   label957: sp label958
@1736:075737   label958: sp label959
@1737:075740   label959: sp label960
@1740:075741   label960: sp label961
@1741:075742   label961: sp label962
@1742:075743   label962: sp label963
@1743:075744   label963: sp label964
@1744:075745   label964: sp label965
@1745:075746   label965: sp label966
@1746:075747   label966: sp label967
@1747:075750   label967: sp label968
@1750:075751   label968: sp label969
@1751:075752   label969: sp label970
@1752:075753   label970: sp label971
@1753:075754   label971: sp label972
@1754:075755   label972: sp label973
@1755:075756   label973: sp label974
@1756:075757   label974: sp label975
@1757:075760   label975: sp label976
@1760:075761   label976: sp label977
@1761:075762   label977: sp label978
@1762:075763   label978: sp label979
@1763:075764   label979: sp label980
@1764:075765   label980: sp label981
@1765:075766   label981: sp label982
@1766:075767   label982: sp label983
@1767:075770   label983: sp label984
@1770:075771   label984: sp label985
@1771:075772   label985: sp label986
@1772:075773   label986: sp label987
@1773:075774   label987: sp label988
@1774:075775   label988: sp label989
@1775:075776   label989: sp label990
@1776:075777   label990: sp label991
@1777:076000   label991: sp label992
@2000:076001   label992: sp label993
@2001:076002   label993: sp label994
@2002:076003   label994: sp label995
@2003:076004   label995: sp label996
@2004:076005   label996: sp label997
@2005:076006   label997: sp label998
@2006:076007   label998: sp label999
@2007:076010   label999: sp label1000
@2010:076011  label1000: sp label1001
@2011:076012  label1001: sp label1002
@2012:076013  label1002: sp label1003
@2013:076014  label1003: sp label1004
@2014:076015  label1004: sp label1005
@2015:076016  label1005: sp label1006
@2016:076017  label1006: sp label1007
@2017:076020  label1007: sp label1008
@2020:076021  label1008: sp label1009
@2021:076022  label1009: sp label1010
@2022:076023  label1010: sp label1011
@2023:076024  label1011: sp label1012
@2024:076025  label1012: sp label1013
@2025:076026  label1013: sp label1014
@2026:076027  label1014: sp label1015
@2027:076030  label1015: sp label1016
@2030:076031  label1016: sp label1017
@2031:076032  label1017: sp label1018
@2032:076033  label1018: sp label1019
@2033:076034  label1019: sp label1020
@2034:076035  label1020: sp label1021
@2035:076036  label1021: sp label1022
@2036:076037  label1022: sp label1023
@2037:076040  label1023: sp label1024
@2040:076041  label1024: sp label1025
@2041:076042  label1025: sp label1026
@2042:076043  label1026: sp label1027
@2043:076044  label1027: sp label1028
@2044:076045  label1028: sp label1029
@2045:076046  label1029: sp label1030
@2046:076047  label1030: sp label1031
@2047:076050  label1031: sp label1032
@2050:076051  label1032: sp label1033
@2051:076052  label1033: sp label1034
@2052:076053  label1034: sp label1035
@2053:076054  label1035: sp label1036
@2054:076055  label1036: sp label1037
@2055:076056  label1037: sp label1038
@2056:076057  label1038: sp label1039
@2057:076060  label1039: sp label1040
@2060:076061  label1040: sp label1041
@2061:076062  label1041: sp label1042
@2062:076063  label1042: sp label1043
@2063:076064  label1043: sp label1044
@2064:076065  label1044: sp label1045
@2065:076066  label1045: sp label1046
@2066:076067  label1046: sp label1047
@2067:076070  label1047: sp label1048
@2070:076071  label1048: sp label1049
@2071:076072  label1049: sp label1050
@2072:076073  label1050: sp label1051
@2073:076074  label1051: sp label1052
@2074:076075  label1052: sp label1053
@2075:076076  label1053: sp label1054
@2076:076077  label1054: sp label1055
@2077:076100  label1055: sp label1056
@2100:076101  label1056: sp label1057
@2101:076102  label1057: sp label1058
@2102:076103  label1058: sp label1059
@2103:076104  label1059: sp label1060
@2104:076105  label1060: sp label1061
@2105:076106  label1061: sp label1062
@2106:076107  label1062: sp label1063
@2107:076110  label1063: sp label1064
@2110:076111  label1064: sp label1065
@2111:076112  label1065: sp label1066
@2112:076113  label1066: sp label1067
@2113:076114  label1067: sp label1068
@2114:076115  label1068: sp label1069
@2115:076116  label1069: sp label1070
@2116:076117  label1070: sp label1071
@2117:076120  label1071: sp label1072
@2120:076121  label1072: sp label1073
@2121:076122  label1073: sp label1074
@2122:076123  label1074: sp label1075
@2123:076124  label1075: sp label1076
@2124:076125  label1076: sp label1077
@2125:076126  label1077: sp label1078
@2126:076127  label1078: sp label1079
@2127:076130  label1079: sp label1080
@2130:076131  label1080: sp label1081
@2131:076132  label1081: sp label1082
@2132:076133  label1082: sp label1083
@2133:076134  label1083: sp label1084
@2134:076135  label1084: sp label1085
@2135:076136  label1085: sp label1086
@2136:076137  label1086: sp label1087
@2137:076140  label1087: sp label1088
@2140:076141  label1088: sp label1089
@2141:076142  label1089: sp label1090
@2142:076143  label1090: sp label1091
@2143:076144  label1091: sp label1092
@2144:076145  label1092: sp label1093
@2145:076146  label1093: sp label1094
@2146:076147  label1094: sp label1095
@2147:076150  label1095: sp label1096
@2150:076151  label1096: sp label1097
@2151:076152  label1097: sp label1098
@2152:076153  label1098: sp label1099
@2153:076154  label1099: sp label1100
@2154:076155  label1100: sp label1101
@2155:076156  label1101: sp label1102
@2156:076157  label1102: sp label1103
@2157:076160  label1103: sp label1104
@2160:076161  label1104: sp label1105
@2161:076162  label1105: sp label1106
@2162:076163  label1106: sp label1107
@2163:076164  label1107: sp label1108
@2164:076165  label1108: sp label1109
@2165:076166  label1109: sp label1110
@2166:076167  label1110: sp label1111
@2167:076170  label1111: sp label1112
@2170:076171  label1112: sp label1113
@2171:076172  label1113: sp label1114
@2172:076173  label1114: sp label1115
@2173:076174  label1115: sp label1116
@2174:076175  label1116: sp label1117
@2175:076176  label1117: sp label1118
@2176:076177  label1118: sp label1119
@2177:076200  label1119: sp label1120
@2200:076201  label1120: sp label1121
@2201:076202  label1121: sp label1122
@2202:076203  label1122: sp label1123
@2203:076204  label1123: sp label1124
@2204:076205  label1124: sp label1125
@2205:076206  label1125: sp label1126
@2206:076207  label1126: sp label1127
@2207:076210  label1127: sp label1128
@2210:076211  label1128: sp label1129
@2211:076212  label1129: sp label1130
@2212:076213  label1130: sp label1131
@2213:076214  label1131: sp label1132
@2214:076215  label1132: sp label1133
@2215:076216  label1133: sp label1134
@2216:076217  label1134: sp label1135
@2217:076220  label1135: sp label1136
@2220:076221  label1136: sp label1137
@2221:076222  label1137: sp label1138
@2222:076223  label1138: sp label1139
@2223:076224  label1139: sp label1140
@2224:076225  label1140: sp label1141
@2225:076226  label1141: sp label1142
@2226:076227  label1142: sp label1143
@2227:076230  label1143: sp label1144
@2230:076231  label1144: sp label1145
@2231:076232  label1145: sp label1146
@2232:076233  label1146: sp label1147
@2233:076234  label1147: sp label1148
@2234:076235  label1148: sp label1149
@2235:076236  label1149: sp label1150
@2236:076237  label1150: sp label1151
@2237:076240  label1151: sp label1152
@2240:076241  label1152: sp label1153
@2241:076242  label1153: sp label1154
@2242:076243  label1154: sp label1155
@2243:076244  label1155: sp label1156
@2244:076245  label1156: sp label1157
@2245:076246  label1157: sp label1158
@2246:076247  label1158: sp label1159
@2247:076250  label1159: sp label1160
@2250:076251  label1160: sp label1161
@2251:076252  label1161: sp label1162
@2252:076253  label1162: sp label1163
@2253:076254  label1163: sp label1164
@2254:076255  label1164: sp label1165
@2255:076256  label1165: sp label1166
@2256:076257  label1166: sp label1167
@2257:076260  label1167: sp label1168
@2260:076261  label1168: sp label1169
@2261:076262  label1169: sp label1170
@2262:076263  label1170: sp label1171
@2263:076264  label1171: sp label1172
@2264:076265  label1172: sp label1173
@2265:076266  label1173: sp label1174
@2266:076267  label1174: sp label1175
@2267:076270  label1175: sp label1176
@2270:076271  label1176: sp label1177
@2271:076272  label1177: sp label1178
@2272:076273  label1178: sp label1179
@2273:076274  label1179: sp label1180
@2274:076275  label1180: sp label1181
@2275:076276  label1181: sp label1182
@2276:076277  label1182: sp label1183
@2277:076300  label1183: sp label1184
@2300:076301  label1184: sp label1185
@2301:076302  label1185: sp label1186
@2302:076303  label1186: sp label1187
@2303:076304  label1187: sp label1188
@2304:076305  label1188: sp label1189
@2305:076306  label1189: sp label1190
@2306:076307  label1190: sp label1191
@2307:076310  label1191: sp label1192
@2310:076311  label1192: sp label1193
@2311:076312  label1193: sp label1194
@2312:076313  label1194: sp label1195
@2313:076314  label1195: sp label1196
@2314:076315  label1196: sp label1197
@2315:076316  label1197: sp label1198
@2316:076317  label1198: sp label1199
@2317:076320  label1199: sp label1200
@2320:076321  label1200: sp label1201
@2321:076322  label1201: sp label1202
@2322:076323  label1202: sp label1203
@2323:076324  label1203: sp label1204
@2324:076325  label1204: sp label1205
@2325:076326  label1205: sp label1206
@2326:076327  label1206: sp label1207
@2327:076330  label1207: sp label1208
@2330:076331  label1208: sp label1209
@2331:076332  label1209: sp label1210
@2332:076333  label1210: sp label1211
@2333:076334  label1211: sp label1212
@2334:076335  label1212: sp label1213
@2335:076336  label1213: sp label1214
@2336:076337  label1214: sp label1215
@2337:076340  label1215: sp label1216
@2340:076341  label1216: sp label1217
@2341:076342  label1217: sp label1218
@2342:076343  label1218: sp label1219
@2343:076344  label1219: sp label1220
@2344:076345  label1220: sp label1221
@2345:076346  label1221: sp label1222
@2346:076347  label1222: sp label1223
@2347:076350  label1223: sp label1224
@2350:076351  label1224: sp label1225
@2351:076352  label1225: sp label1226
@2352:076353  label1226: sp label1227
@2353:076354  label1227: sp label1228
@2354:076355  label1228: sp label1229
@2355:076356  label1229: sp label1230
@2356:076357  label1230: sp label1231
@2357:076360  label1231: sp label1232
@2360:076361  label1232: sp label1233
@2361:076362  label1233: sp label1234
@2362:076363  label1234: sp label1235
@2363:076364  label1235: sp label1236
@2364:076365  label1236: sp label1237
@2365:076366  label1237: sp label1238
@2366:076367  label1238: sp label1239
@2367:076370  label1239: sp label1240
@2370:076371  label1240: sp label1241
@2371:076372  label1241: sp label1242
@2372:076373  label1242: sp label1243
@2373:076374  label1243: sp label1244
@2374:076375  label1244: sp label1245
@2375:076376  label1245: sp label1246
@2376:076377  label1246: sp label1247
@2377:076400  label1247: sp label1248
@2400:076401  label1248: sp label1249
@2401:076402  label1249: sp label1250
@2402:076403  label1250: sp label1251
@2403:076404  label1251: sp label1252
@2404:076405  label1252: sp label1253
@2405:076406  label1253: sp label1254
@2406:076407  label1254: sp label1255
@2407:076410  label1255: sp label1256
@2410:076411  label1256: sp label1257
@2411:076412  label1257: sp label1258
@2412:076413  label1258: sp label1259
@2413:076414  label1259: sp label1260
@2414:076415  label1260: sp label1261
@2415:076416  label1261: sp label1262
@2416:076417  label1262: sp label1263
@2417:076420  label1263: sp label1264
@2420:076421  label1264: sp label1265
@2421:076422  label1265: sp label1266
@2422:076423  label1266: sp label1267
@2423:076424  label1267: sp label1268
@2424:076425  label1268: sp label1269
@2425:076426  label1269: sp label1270
@2426:076427  label1270: sp label1271
@2427:076430  label1271: sp label1272
@2430:076431  label1272: sp label1273
@2431:076432  label1273: sp label1274
@2432:076433  label1274: sp label1275
@2433:076434  label1275: sp label1276
@2434:076435  label1276: sp label1277
@2435:076436  label1277: sp label1278
@2436:076437  label1278: sp label1279
@2437:076440  label1279: sp label1280
@2440:076441  label1280: sp label1281
@2441:076442  label1281: sp label1282
@2442:076443  label1282: sp label1283
@2443:076444  label1283: sp label1284
@2444:076445  label1284: sp label1285
@2445:076446  label1285: sp label1286
@2446:076447  label1286: sp label1287
@2447:076450  label1287: sp label1288
@2450:076451  label1288: sp label1289
@2451:076452  label1289: sp label1290
@2452:076453  label1290: sp label1291
@2453:076454  label1291: sp label1292
@2454:076455  label1292: sp label1293
@2455:076456  label1293: sp label1294
@2456:076457  label1294: sp label1295
@2457:076460  label1295: sp label1296
@2460:076461  label1296: sp label1297
@2461:076462  label1297: sp label1298
@2462:076463  label1298: sp label1299
@2463:076464  label1299: sp label1300
@2464:076465  label1300: sp label1301
@2465:076466  label1301: sp label1302
@2466:076467  label1302: sp label1303
@2467:076470  label1303: sp label1304
@2470:076471  label1304: sp label1305
@2471:076472  label1305: sp label1306
@2472:076473  label1306: sp label1307
@2473:076474  label1307: sp label1308
@2474:076475  label1308: sp label1309
@2475:076476  label1309: sp label1310
@2476:076477  label1310: sp label1311
@2477:076500  label1311: sp label1312
@2500:076501  label1312: sp label1313
@2501:076502  label1313: sp label1314
@2502:076503  label1314: sp label1315
@2503:076504  label1315: sp label1316
@2504:076505  label1316: sp label1317
@2505:076506  label1317: sp label1318
@2506:076507  label1318: sp label1319
@2507:076510  label1319: sp label1320
@2510:076511  label1320: sp label1321
@2511:076512  label1321: sp label1322
@2512:076513  label1322: sp label1323
@2513:076514  label1323: sp label1324
@2514:076515  label1324: sp label1325
@2515:076516  label1325: sp label1326
@2516:076517  label1326: sp label1327
@2517:076520  label1327: sp label1328
@2520:076521  label1328: sp label1329
@2521:076522  label1329: sp label1330
@2522:076523  label1330: sp label1331
@2523:076524  label1331: sp label1332
@2524:076525  label1332: sp label1333
@2525:076526  label1333: sp label1334
@2526:076527  label1334: sp label1335
@2527:076530  label1335: sp label1336
@2530:076531  label1336: sp label1337
@2531:076532  label1337: sp label1338
@2532:076533  label1338: sp label1339
@2533:076534  label1339: sp label1340
@2534:076535  label1340: sp label1341
@2535:076536  label1341: sp label1342
@2536:076537  label1342: sp label1343
@2537:076540  label1343: sp label1344
@2540:076541  label1344: sp label1345
@2541:076542  label1345: sp label1346
@2542:076543  label1346: sp label1347
@2543:076544  label1347: sp label1348
@2544:076545  label1348: sp label1349
@2545:076546  label1349: sp label1350
@2546:076547  label1350: sp label1351
@2547:076550  label1351: sp label1352
@2550:076551  label1352: sp label1353
@2551:076552  label1353: sp label1354
@2552:076553  label1354: sp label1355
@2553:076554  label1355: sp label1356
@2554:076555  label1356: sp label1357
@2555:076556  label1357: sp label1358
@2556:076557  label1358: sp label1359
@2557:076560  label1359: sp label1360
@2560:076561  label1360: sp label1361
@2561:076562  label1361: sp label1362
@2562:076563  label1362: sp label1363
@2563:076564  label1363: sp label1364
@2564:076565  label1364: sp label1365
@2565:076566  label1365: sp label1366
@2566:076567  label1366: sp label1367
@2567:076570  label1367: sp label1368
@2570:076571  label1368: sp label1369
@2571:076572  label1369: sp label1370
@2572:076573  label1370: sp label1371
@2573:076574  label1371: sp label1372
@2574:076575  label1372: sp label1373
@2575:076576  label1373: sp label1374
@2576:076577  label1374: sp label1375
@2577:076600  label1375: sp label1376
@2600:076601  label1376: sp label1377
@2601:076602  label1377: sp label1378
@2602:076603  label1378: sp label1379
@2603:076604  label1379: sp label1380
@2604:076605  label1380: sp label1381
@2605:076606  label1381: sp label1382
@2606:076607  label1382: sp label1383
@2607:076610  label1383: sp label1384
@2610:076611  label1384: sp label1385
@2611:076612  label1385: sp label1386
@2612:076613  label1386: sp label1387
@2613:076614  label1387: sp label1388
@2614:076615  label1388: sp label1389
@2615:076616  label1389: sp label1390
@2616:076617  label1390: sp label1391
@2617:076620  label1391: sp label1392
@2620:076621  label1392: sp label1393
@2621:076622  label1393: sp label1394
@2622:076623  label1394: sp label1395
@2623:076624  label1395: sp label1396
@2624:076625  label1396: sp label1397
@2625:076626  label1397: sp label1398
@2626:076627  label1398: sp label1399
@2627:076630  label1399: sp label1400
@2630:076631  label1400: sp label1401
@2631:076632  label1401: sp label1402
@2632:076633  label1402: sp label1403
@2633:076634  label1403: sp label1404
@2634:076635  label1404: sp label1405
@2635:076636  label1405: sp label1406
@2636:076637  label1406: sp label1407
@2637:076640  label1407: sp label1408
@2640:076641  label1408: sp label1409
@2641:076642  label1409: sp label1410
@2642:076643  label1410: sp label1411
@2643:076644  label1411: sp label1412
@2644:076645  label1412: sp label1413
@2645:076646  label1413: sp label1414
@2646:076647  label1414: sp label1415
@2647:076650  label1415: sp label1416
@2650:076651  label1416: sp label1417
@2651:076652  label1417: sp label1418
@2652:076653  label1418: sp label1419
@2653:076654  label1419: sp label1420
@2654:076655  label1420: sp label1421
@2655:076656  label1421: sp label1422
@2656:076657  label1422: sp label1423
@2657:076660  label1423: sp label1424
@2660:076661  label1424: sp label1425
@2661:076662  label1425: sp label1426
@2662:076663  label1426: sp label1427
@2663:076664  label1427: sp label1428
@2664:076665  label1428: sp label1429
@2665:076666  label1429: sp label1430
@2666:076667  label1430: sp label1431
@2667:076670  label1431: sp label1432
@2670:076671  label1432: sp label1433
@2671:076672  label1433: sp label1434
@2672:076673  label1434: sp label1435
@2673:076674  label1435: sp label1436
@2674:076675  label1436: sp label1437
@2675:076676  label1437: sp label1438
@2676:076677  label1438: sp label1439
@2677:076700  label1439: sp label1440
@2700:076701  label1440: sp label1441
@2701:076702  label1441: sp label1442
@2702:076703  label1442: sp label1443
@2703:076704  label1443: sp label1444
@2704:076705  label1444: sp label1445
@2705:076706  label1445: sp label1446
@2706:076707  label1446: sp label1447
@2707:076710  label1447: sp label1448
@2710:076711  label1448: sp label1449
@2711:076712  label1449: sp label1450
@2712:076713  label1450: sp label1451
@2713:076714  label1451: sp label1452
@2714:076715  label1452: sp label1453
@2715:076716  label1453: sp label1454
@2716:076717  label1454: sp label1455
@2717:076720  label1455: sp label1456
@2720:076721  label1456: sp label1457
@2721:076722  label1457: sp label1458
@2722:076723  label1458: sp label1459
@2723:076724  label1459: sp label1460
@2724:076725  label1460: sp label1461
@2725:076726  label1461: sp label1462
@2726:076727  label1462: sp label1463
@2727:076730  label1463: sp label1464
@2730:076731  label1464: sp label1465
@2731:076732  label1465: sp label1466
@2732:076733  label1466: sp label1467
@2733:076734  label1467: sp label1468
@2734:076735  label1468: sp label1469
@2735:076736  label1469: sp label1470
@2736:076737  label1470: sp label1471
@2737:076740  label1471: sp label1472
@2740:076741  label1472: sp label1473
@2741:076742  label1473: sp label1474
@2742:076743  label1474: sp label1475
@2743:076744  label1475: sp label1476
@2744:076745  label1476: sp label1477
@2745:076746  label1477: sp label1478
@2746:076747  label1478: sp label1479
@2747:076750  label1479: sp label1480
@2750:076751  label1480: sp label1481
@2751:076752  label1481: sp label1482
@2752:076753  label1482: sp label1483
@2753:076754  label1483: sp label1484
@2754:076755  label1484: sp label1485
@2755:076756  label1485: sp label1486
@2756:076757  label1486: sp label1487
@2757:076760  label1487: sp label1488
@2760:076761  label1488: sp label1489
@2761:076762  label1489: sp label1490
@2762:076763  label1490: sp label1491
@2763:076764  label1491: sp label1492
@2764:076765  label1492: sp label1493
@2765:076766  label1493: sp label1494
@2766:076767  label1494: sp label1495
@2767:076770  label1495: sp label1496
@2770:076771  label1496: sp label1497
@2771:076772  label1497: sp label1498
@2772:076773  label1498: sp label1499
@2773:076774  label1499: sp label1500
@2774:076775  label1500: sp label1501
@2775:076776  label1501: sp label1502
@2776:076777  label1502: sp label1503
@2777:077000  label1503: sp label1504
@3000:077001  label1504: sp label1505
@3001:077002  label1505: sp label1506
@3002:077003  label1506: sp label1507
@3003:077004  label1507: sp label1508
@3004:077005  label1508: sp label1509
@3005:077006  label1509: sp label1510
@3006:077007  label1510: sp label1511
@3007:077010  label1511: sp label1512
@3010:077011  label1512: sp label1513
@3011:077012  label1513: sp label1514
@3012:077013  label1514: sp label1515
@3013:077014  label1515: sp label1516
@3014:077015  label1516: sp label1517
@3015:077016  label1517: sp label1518
@3016:077017  label1518: sp label1519
@3017:077020  label1519: sp label1520
@3020:077021  label1520: sp label1521
@3021:077022  label1521: sp label1522
@3022:077023  label1522: sp label1523
@3023:077024  label1523: sp label1524
@3024:077025  label1524: sp label1525
@3025:077026  label1525: sp label1526
@3026:077027  label1526: sp label1527
@3027:077030  label1527: sp label1528
@3030:077031  label1528: sp label1529
@3031:077032  label1529: sp label1530
@3032:077033  label1530: sp label1531
@3033:077034  label1531: sp label1532
@3034:077035  label1532: sp label1533
@3035:077036  label1533: sp label1534
@3036:077037  label1534: sp label1535
@3037:077040  label1535: sp label1536
@3040:077041  label1536: sp label1537
@3041:077042  label1537: sp label1538
@3042:077043  label1538: sp label1539
@3043:077044  label1539: sp label1540
@3044:077045  label1540: sp label1541
@3045:077046  label1541: sp label1542
@3046:077047  label1542: sp label1543
@3047:077050  label1543: sp label1544
@3050:077051  label1544: sp label1545
@3051:077052  label1545: sp label1546
@3052:077053  label1546: sp label1547
@3053:077054  label1547: sp label1548
@3054:077055  label1548: sp label1549
@3055:077056  label1549: sp label1550
@3056:077057  label1550: sp label1551
@3057:077060  label1551: sp label1552
@3060:077061  label1552: sp label1553
@3061:077062  label1553: sp label1554
@3062:077063  label1554: sp label1555
@3063:077064  label1555: sp label1556
@3064:077065  label1556: sp label1557
@3065:077066  label1557: sp label1558
@3066:077067  label1558: sp label1559
@3067:077070  label1559: sp label1560
@3070:077071  label1560: sp label1561
@3071:077072  label1561: sp label1562
@3072:077073  label1562: sp label1563
@3073:077074  label1563: sp label1564
@3074:077075  label1564: sp label1565
@3075:077076  label1565: sp label1566
@3076:077077  label1566: sp label1567
@3077:077100  label1567: sp label1568
@3100:077101  label1568: sp label1569
@3101:077102  label1569: sp label1570
@3102:077103  label1570: sp label1571
@3103:077104  label1571: sp label1572
@3104:077105  label1572: sp label1573
@3105:077106  label1573: sp label1574
@3106:077107  label1574: sp label1575
@3107:077110  label1575: sp label1576
@3110:077111  label1576: sp label1577
@3111:077112  label1577: sp label1578
@3112:077113  label1578: sp label1579
@3113:077114  label1579: sp label1580
@3114:077115  label1580: sp label1581
@3115:077116  label1581: sp label1582
@3116:077117  label1582: sp label1583
@3117:077120  label1583: sp label1584
@3120:077121  label1584: sp label1585
@3121:077122  label1585: sp label1586
@3122:077123  label1586: sp label1587
@3123:077124  label1587: sp label1588
@3124:077125  label1588: sp label1589
@3125:077126  label1589: sp label1590
@3126:077127  label1590: sp label1591
@3127:077130  label1591: sp label1592
@3130:077131  label1592: sp label1593
@3131:077132  label1593: sp label1594
@3132:077133  label1594: sp label1595
@3133:077134  label1595: sp label1596
@3134:077135  label1596: sp label1597
@3135:077136  label1597: sp label1598
@3136:077137  label1598: sp label1599
@3137:077140  label1599: sp label1600
@3140:077141  label1600: sp label1601
@3141:077142  label1601: sp label1602
@3142:077143  label1602: sp label1603
@3143:077144  label1603: sp label1604
@3144:077145  label1604: sp label1605
@3145:077146  label1605: sp label1606
@3146:077147  label1606: sp label1607
@3147:077150  label1607: sp label1608
@3150:077151  label1608: sp label1609
@3151:077152  label1609: sp label1610
@3152:077153  label1610: sp label1611
@3153:077154  label1611: sp label1612
@3154:077155  label1612: sp label1613
@3155:077156  label1613: sp label1614
@3156:077157  label1614: sp label1615
@3157:077160  label1615: sp label1616
@3160:077161  label1616: sp label1617
@3161:077162  label1617: sp label1618
@3162:077163  label1618: sp label1619
@3163:077164  label1619: sp label1620
@3164:077165  label1620: sp label1621
@3165:077166  label1621: sp label1622
@3166:077167  label1622: sp label1623
@3167:077170  label1623: sp label1624
@3170:077171  label1624: sp label1625
@3171:077172  label1625: sp label1626
@3172:077173  label1626: sp label1627
@3173:077174  label1627: sp label1628
@3174:077175  label1628: sp label1629
@3175:077176  label1629: sp label1630
@3176:077177  label1630: sp label1631
@3177:077200  label1631: sp label1632
@3200:077201  label1632: sp label1633
@3201:077202  label1633: sp label1634
@3202:077203  label1634: sp label1635
@3203:077204  label1635: sp label1636
@3204:077205  label1636: sp label1637
@3205:077206  label1637: sp label1638
@3206:077207  label1638: sp label1639
@3207:077210  label1639: sp label1640
@3210:077211  label1640: sp label1641
@3211:077212  label1641: sp label1642
@3212:077213  label1642: sp label1643
@3213:077214  label1643: sp label1644
@3214:077215  label1644: sp label1645
@3215:077216  label1645: sp label1646
@3216:077217  label1646: sp label1647
@3217:077220  label1647: sp label1648
@3220:077221  label1648: sp label1649
@3221:077222  label1649: sp label1650
@3222:077223  label1650: sp label1651
@3223:077224  label1651: sp label1652
@3224:077225  label1652: sp label1653
@3225:077226  label1653: sp label1654
@3226:077227  label1654: sp label1655
@3227:077230  label1655: sp label1656
@3230:077231  label1656: sp label1657
@3231:077232  label1657: sp label1658
@3232:077233  label1658: sp label1659
@3233:077234  label1659: sp label1660
@3234:077235  label1660: sp label1661
@3235:077236  label1661: sp label1662
@3236:077237  label1662: sp label1663
@3237:077240  label1663: sp label1664
@3240:077241  label1664: sp label1665
@3241:077242  label1665: sp label1666
@3242:077243  label1666: sp label1667
@3243:077244  label1667: sp label1668
@3244:077245  label1668: sp label1669
@3245:077246  label1669: sp label1670
@3246:077247  label1670: sp label1671
@3247:077250  label1671: sp label1672
@3250:077251  label1672: sp label1673
@3251:077252  label1673: sp label1674
@3252:077253  label1674: sp label1675
@3253:077254  label1675: sp label1676
@3254:077255  label1676: sp label1677
@3255:077256  label1677: sp label1678
@3256:077257  label1678: sp label1679
@3257:077260  label1679: sp label1680
@3260:077261  label1680: sp label1681
@3261:077262  label1681: sp label1682
@3262:077263  label1682: sp label1683
@3263:077264  label1683: sp label1684
@3264:077265  label1684: sp label1685
@3265:077266  label1685: sp label1686
@3266:077267  label1686: sp label1687
@3267:077270  label1687: sp label1688
@3270:077271  label1688: sp label1689
@3271:077272  label1689: sp label1690
@3272:077273  label1690: sp label1691
@3273:077274  label1691: sp label1692
@3274:077275  label1692: sp label1693
@3275:077276  label1693: sp label1694
@3276:077277  label1694: sp label1695
@3277:077300  label1695: sp label1696
@3300:077301  label1696: sp label1697
@3301:077302  label1697: sp label1698
@3302:077303  label1698: sp label1699
@3303:077304  label1699: sp label1700
@3304:077305  label1700: sp label1701
@3305:077306  label1701: sp label1702
@3306:077307  label1702: sp label1703
@3307:077310  label1703: sp label1704
@3310:077311  label1704: sp label1705
@3311:077312  label1705: sp label1706
@3312:077313  label1706: sp label1707
@3313:077314  label1707: sp label1708
@3314:077315  label1708: sp label1709
@3315:077316  label1709: sp label1710
@3316:077317  label1710: sp label1711
@3317:077320  label1711: sp label1712
@3320:077321  label1712: sp label1713
@3321:077322  label1713: sp label1714
@3322:077323  label1714: sp label1715
@3323:077324  label1715: sp label1716
@3324:077325  label1716: sp label1717
@3325:077326  label1717: sp label1718
@3326:077327  label1718: sp label1719
@3327:077330  label1719: sp label1720
@3330:077331  label1720: sp label1721
@3331:077332  label1721: sp label1722
@3332:077333  label1722: sp label1723
@3333:077334  label1723: sp label1724
@3334:077335  label1724: sp label1725
@3335:077336  label1725: sp label1726
@3336:077337  label1726: sp label1727
@3337:077340  label1727: sp label1728
@3340:077341  label1728: sp label1729
@3341:077342  label1729: sp label1730
@3342:077343  label1730: sp label1731
@3343:077344  label1731: sp label1732
@3344:077345  label1732: sp label1733
@3345:077346  label1733: sp label1734
@3346:077347  label1734: sp label1735
@3347:077350  label1735: sp label1736
@3350:077351  label1736: sp label1737
@3351:077352  label1737: sp label1738
@3352:077353  label1738: sp label1739
@3353:077354  label1739: sp label1740
@3354:077355  label1740: sp label1741
@3355:077356  label1741: sp label1742
@3356:077357  label1742: sp label1743
@3357:077360  label1743: sp label1744
@3360:077361  label1744: sp label1745
@3361:077362  label1745: sp label1746
@3362:077363  label1746: sp label1747
@3363:077364  label1747: sp label1748
@3364:077365  label1748: sp label1749
@3365:077366  label1749: sp label1750
@3366:077367  label1750: sp label1751
@3367:077370  label1751: sp label1752
@3370:077371  label1752: sp label1753
@3371:077372  label1753: sp label1754
@3372:077373  label1754: sp label1755
@3373:077374  label1755: sp label1756
@3374:077375  label1756: sp label1757
@3375:077376  label1757: sp label1758
@3376:077377  label1758: sp label1759
@3377:077400  label1759: sp label1760
@3400:077401  label1760: sp label1761
@3401:077402  label1761: sp label1762
@3402:077403  label1762: sp label1763
@3403:077404  label1763: sp label1764
@3404:077405  label1764: sp label1765
@3405:077406  label1765: sp label1766
@3406:077407  label1766: sp label1767
@3407:077410  label1767: sp label1768
@3410:077411  label1768: sp label1769
@3411:077412  label1769: sp label1770
@3412:077413  label1770: sp label1771
@3413:077414  label1771: sp label1772
@3414:077415  label1772: sp label1773
@3415:077416  label1773: sp label1774
@3416:077417  label1774: sp label1775
@3417:077420  label1775: sp label1776
@3420:077421  label1776: sp label1777
@3421:077422  label1777: sp label1778
@3422:077423  label1778: sp label1779
@3423:077424  label1779: sp label1780
@3424:077425  label1780: sp label1781
@3425:077426  label1781: sp label1782
@3426:077427  label1782: sp label1783
@3427:077430  label1783: sp label1784
@3430:077431  label1784: sp label1785
@3431:077432  label1785: sp label1786
@3432:077433  label1786: sp label1787
@3433:077434  label1787: sp label1788
@3434:077435  label1788: sp label1789
@3435:077436  label1789: sp label1790
@3436:077437  label1790: sp label1791
@3437:077440  label1791: sp label1792
@3440:077441  label1792: sp label1793
@3441:077442  label1793: sp label1794
@3442:077443  label1794: sp label1795
@3443:077444  label1795: sp label1796
@3444:077445  label1796: sp label1797
@3445:077446  label1797: sp label1798
@3446:077447  label1798: sp label1799
@3447:077450  label1799: sp label1800
@3450:077451  label1800: sp label1801
@3451:077452  label1801: sp label1802
@3452:077453  label1802: sp label1803
@3453:077454  label1803: sp label1804
@3454:077455  label1804: sp label1805
@3455:077456  label1805: sp label1806
@3456:077457  label1806: sp label1807
@3457:077460  label1807: sp label1808
@3460:077461  label1808: sp label1809
@3461:077462  label1809: sp label1810
@3462:077463  label1810: sp label1811
@3463:077464  label1811: sp label1812
@3464:077465  label1812: sp label1813
@3465:077466  label1813: sp label1814
@3466:077467  label1814: sp label1815
@3467:077470  label1815: sp label1816
@3470:077471  label1816: sp label1817
@3471:077472  label1817: sp label1818
@3472:077473  label1818: sp label1819
@3473:077474  label1819: sp label1820
@3474:077475  label1820: sp label1821
@3475:077476  label1821: sp label1822
@3476:077477  label1822: sp label1823
@3477:077500  label1823: sp label1824
@3500:077501  label1824: sp label1825
@3501:077502  label1825: sp label1826
@3502:077503  label1826: sp label1827
@3503:077504  label1827: sp label1828
@3504:077505  label1828: sp label1829
@3505:077506  label1829: sp label1830
@3506:077507  label1830: sp label1831
@3507:077510  label1831: sp label1832
@3510:077511  label1832: sp label1833
@3511:077512  label1833: sp label1834
@3512:077513  label1834: sp label1835
@3513:077514  label1835: sp label1836
@3514:077515  label1836: sp label1837
@3515:077516  label1837: sp label1838
@3516:077517  label1838: sp label1839
@3517:077520  label1839: sp label1840
@3520:077521  label1840: sp label1841
@3521:077522  label1841: sp label1842
@3522:077523  label1842: sp label1843
@3523:077524  label1843: sp label1844
@3524:077525  label1844: sp label1845
@3525:077526  label1845: sp label1846
@3526:077527  label1846: sp label1847
@3527:077530  label1847: sp label1848
@3530:077531  label1848: sp label1849
@3531:077532  label1849: sp label1850
@3532:077533  label1850: sp label1851
@3533:077534  label1851: sp label1852
@3534:077535  label1852: sp label1853
@3535:077536  label1853: sp label1854
@3536:077537  label1854: sp label1855
@3537:077540  label1855: sp label1856
@3540:077541  label1856: sp label1857
@3541:077542  label1857: sp label1858
@3542:077543  label1858: sp label1859
@3543:077544  label1859: sp label1860
@3544:077545  label1860: sp label1861
@3545:077546  label1861: sp label1862
@3546:077547  label1862: sp label1863
@3547:077550  label1863: sp label1864
@3550:077551  label1864: sp label1865
@3551:077552  label1865: sp label1866
@3552:077553  label1866: sp label1867
@3553:077554  label1867: sp label1868
@3554:077555  label1868: sp label1869
@3555:077556  label1869: sp label1870
@3556:077557  label1870: sp label1871
@3557:077560  label1871: sp label1872
@3560:077561  label1872: sp label1873
@3561:077562  label1873: sp label1874
@3562:077563  label1874: sp label1875
@3563:077564  label1875: sp label1876
@3564:077565  label1876: sp label1877
@3565:077566  label1877: sp label1878
@3566:077567  label1878: sp label1879
@3567:077570  label1879: sp label1880
@3570:077571  label1880: sp label1881
@3571:077572  label1881: sp label1882
@3572:077573  label1882: sp label1883
@3573:077574  label1883: sp label1884
@3574:077575  label1884: sp label1885
@3575:077576  label1885: sp label1886
@3576:077577  label1886: sp label1887
@3577:077600  label1887: sp label1888
@3600:077601  label1888: sp label1889
@3601:077602  label1889: sp label1890
@3602:077603  label1890: sp label1891
@3603:077604  label1891: sp label1892
@3604:077605  label1892: sp label1893
@3605:077606  label1893: sp label1894
@3606:077607  label1894: sp label1895
@3607:077610  label1895: sp label1896
@3610:077611  label1896: sp label1897
@3611:077612  label1897: sp label1898
@3612:077613  label1898: sp label1899
@3613:077614  label1899: sp label1900
@3614:077615  label1900: sp label1901
@3615:077616  label1901: sp label1902
@3616:077617  label1902: sp label1903
@3617:077620  label1903: sp label1904
@3620:077621  label1904: sp label1905
@3621:077622  label1905: sp label1906
@3622:077623  label1906: sp label1907
@3623:077624  label1907: sp label1908
@3624:077625  label1908: sp label1909
@3625:077626  label1909: sp label1910
@3626:077627  label1910: sp label1911
@3627:077630  label1911: sp label1912
@3630:077631  label1912: sp label1913
@3631:077632  label1913: sp label1914
@3632:077633  label1914: sp label1915
@3633:077634  label1915: sp label1916
@3634:077635  label1916: sp label1917
@3635:077636  label1917: sp label1918
@3636:077637  label1918: sp label1919
@3637:077640  label1919: sp label1920
@3640:077641  label1920: sp label1921
@3641:077642  label1921: sp label1922
@3642:077643  label1922: sp label1923
@3643:077644  label1923: sp label1924
@3644:077645  label1924: sp label1925
@3645:077646  label1925: sp label1926
@3646:077647  label1926: sp label1927
@3647:077650  label1927: sp label1928
@3650:077651  label1928: sp label1929
@3651:077652  label1929: sp label1930
@3652:077653  label1930: sp label1931
@3653:077654  label1931: sp label1932
@3654:077655  label1932: sp label1933
@3655:077656  label1933: sp label1934
@3656:077657  label1934: sp label1935
@3657:077660  label1935: sp label1936
@3660:077661  label1936: sp label1937
@3661:077662  label1937: sp label1938
@3662:077663  label1938: sp label1939
@3663:077664  label1939: sp label1940
@3664:077665  label1940: sp label1941
@3665:077666  label1941: sp label1942
@3666:077667  label1942: sp label1943
@3667:077670  label1943: sp label1944
@3670:077671  label1944: sp label1945
@3671:077672  label1945: sp label1946
@3672:077673  label1946: sp label1947
@3673:077674  label1947: sp label1948
@3674:077675  label1948: sp label1949
@3675:077676  label1949: sp label1950
@3676:077677  label1950: sp label1951
@3677:077700  label1951: sp label1952
@3700:077701  label1952: sp label1953
@3701:077702  label1953: sp label1954
@3702:077703  label1954: sp label1955
@3703:077704  label1955: sp label1956
@3704:077705  label1956: sp label1957
@3705:077706  label1957: sp label1958
@3706:077707  label1958: sp label1959
@3707:077710  label1959: sp label1960
@3710:077711  label1960: sp label1961
@3711:077712  label1961: sp label1962
@3712:077713  label1962: sp label1963
@3713:077714  label1963: sp label1964
@3714:077715  label1964: sp label1965
@3715:077716  label1965: sp label1966
@3716:077717  label1966: sp label1967
@3717:077720  label1967: sp label1968
@3720:077721  label1968: sp label1969
@3721:077722  label1969: sp label1970
@3722:077723  label1970: sp label1971
@3723:077724  label1971: sp label1972
@3724:077725  label1972: sp label1973
@3725:077726  label1973: sp label1974
@3726:077727  label1974: sp label1975
@3727:077730  label1975: sp label1976
@3730:077731  label1976: sp label1977
@3731:077732  label1977: sp label1978
@3732:077733  label1978: sp label1979
@3733:077734  label1979: sp label1980
@3734:077735  label1980: sp label1981
@3735:077736  label1981: sp label1982
@3736:077737  label1982: sp label1983
@3737:077740  label1983: sp label1984
@3740:077741  label1984: sp label1985
@3741:077742  label1985: sp label1986
@3742:077743  label1986: sp label1987
@3743:077744  label1987: sp label1988
@3744:077745  label1988: sp label1989
@3745:077746  label1989: sp label1990
@3746:077747  label1990: sp label1991
@3747:077750  label1991: sp label1992
@3750:077751  label1992: sp label1993
@3751:077752  label1993: sp label1994
@3752:077753  label1994: sp label1995
@3753:077754  label1995: sp label1996
@3754:077755  label1996: sp label1997
@3755:077756  label1997: sp label1998
@3756:077757  label1998: sp label1999
@3757:077760  label1999: sp label2000
              label2000:
@3760:133763             ao loop_limit
@3761:070040             cp loop
@3762:000000             si 0
@3763:177014 loop_limit: .word -499
@3764:000001        one: .word 1

