
                                ;  Rainer's Ballistic Missile Rocket Launch, Converted to WW by guy
                                ;  Mar 2026
                                ; """
                                ;   Simple ballistic Rocket launch
                                ;   without air resistance
                                ; """

                                .org 0
@0000:000000              zero: .word 0                  ; @@ReadBy a0073 a0113 a0116 a0157 a0172 a0211 JumpedToBy a0275 a0334
@0001:000001               one: .word 1

                                ; constants for SI graphics instruction
                                .pp scope_vector, 0o1677 ; draw a vector on all scopes
                                .pp scope_point, 0o0677  ; draw a point on all scopes

                                .org 0o40

@0040:074065             start: sp main


                                ; def do_rocket(mode) :

                                ; Data definitions
                                ;     # gravitation
                                ;     grav = 0.003
                                ;     # launch angle in degrees
                                ;     launchdir = 87.0
                                ;     # fuel left
                                ;     fuel = 1.0
                                ;     # rocket speed
                                ;     xspeed = 0.0
                                ;     yspeed = 0.0
                                ;     # rocket position
                                ;     xpos = -0.9
                                ;     ypos = 0.0
                                ;     # acceleration per fuel unit
                                ;     accel = 0.005
                                ;     #
                                ;     burn = 0.05
                                ;
                                ;  definitions of initial condidtions
@0041:000127         launchdir: .word 87                 ; degrees; not used directly
@0042:000142              grav: .word +0.003             ; @@ReadBy a0143
@0043:001217     cos_launchdir: .word +0.02              ;+0.05233 @@ReadBy a0066
@0044:077723     sin_launchdir: .word +0.99863           ; @@ReadBy a0071
@0045:000510      launch_speed: .word +0.01              ; initial velocity at launch @@ReadBy main a0070
@0046:000244             accel: .word +0.005             ;+0.005 @@ReadBy a0126 a0134
@0047:003146              burn: .word +0.05              ; @@ReadBy a0140

                                ; constants
                                ;                 scaled number     unscaled number
@0050:174631            c_miny: .word -0.05              ;      -0.1    ; slightly below ground level @@ReadBy a0102
@0051:143145            c_minx: .word -0.45              ; @@ReadBy a0075
@0052:034632            c_maxx: .word +0.45              ;      +0.9 @@ReadBy a0107
@0053:034632            c_maxy: .word +0.45              ;      +0.9 @@ReadBy a0104
@0054:077270            c_fuel: .word +0.99              ; @@ReadBy a0077

                                ; dynamic variables
                                ; these two numbers are scaled down by a factor of two to avoid overflow
                                ;                 scaled number     unscaled number
@0055:000000            xspeed: .word 0                  ; @@WrittenBy a0067 a0130 ReadBy a0112 a0123 a0127 a0146
@0056:000000            yspeed: .word 0                  ; @@WrittenBy a0072 a0136 a0144 ReadBy a0115 a0131 a0135 a0142 a0151
@0057:143145              xpos: .word -0.45              ;      -0.9 @@WrittenBy a0076 a0147 ReadBy a0110 a0145 a0155 a0222
@0060:000000              ypos: .word 0                  ; @@WrittenBy a0074 a0152 ReadBy a0101 a0105 a0150 a0153

                                ; fuel simply declines from +1 to 0 by an increment each cycle
@0061:077775              fuel: .word +0.9999            ; @@WrittenBy a0100 a0141 ReadBy a0121 a0137 a0166 a0174 a0200

                                ; Ephemeral variables
@0062:000000              tmp1: .word 0                  ; @@WrittenBy a0114 ReadBy a0117
@0063:000000             speed: .word 0                  ; @@WrittenBy a0120 ReadBy a0124 a0132 a0213 a0217
                    loop_count:                          ; used only in top-level routines for drawing the game board
@0064:000000                    .word 0

                                ; ************ Rocket Code *************
                                ;
                                ;     # upon launch, set inital speeds
                                ;     xspeed = 0.01 * math.cos(math.radians(launchdir))
                                ;     yspeed = 0.01 * math.sin(math.radians(launchdir))

@0065:100045              main: ca launch_speed          ; @@JumpedToBy start a0227
@0066:144043                    mh cos_launchdir
@0067:040055                    ts xspeed
@0070:100045                    ca launch_speed
@0071:144044                    mh sin_launchdir
@0072:040056                    ts yspeed

                                ; initialize the flight variables
@0073:100000                    ca zero
@0074:040060                    ts ypos
@0075:100051                    ca c_minx
@0076:040057                    ts xpos

@0077:100054                    ca c_fuel
@0100:040061                    ts fuel

                                ;
                                ;
                                ;     # main loop: accelerate while fuel, show fuel and speed
                                ;     while ypos >= -0.1 and ypos < 1.0 and xpos < 1.0 :
                          loop:
@0101:100060                    ca ypos                  ; test all the loop exit conditions @@JumpedToBy a0226
@0102:114050                    su c_miny
@0103:070227                    cp loop_exit
@0104:100053                    ca c_maxy
@0105:114060                    su ypos
@0106:070227                    cp loop_exit
@0107:100052                    ca c_maxx
@0110:114057                    su xpos
@0111:070227                    cp loop_exit

                                ;         speed = math.sqrt(xspeed*xspeed + yspeed*yspeed)
                                ; the following stands in for lack of sqrt (so far); "speed = abs(xspeed) + abs(yspeed)"
@0112:100055                    ca xspeed
@0113:134000                    dm zero
@0114:040062                    ts tmp1
@0115:100056                    ca yspeed
@0116:134000                    dm zero
@0117:110062                    ad tmp1
@0120:040063                    ts speed

                                ;         # accelerate if still fuel
                                ;         if fuel > 0.0 :
@0121:100061                    ca fuel
@0122:070142                    cp no_fuel

                                ;; continue here if there's still fuel
                                ;             # no need to calculate flight angle, just the speed
                                ;             xspeed += (xspeed / speed) * accel
                                ;             yspeed += (yspeed / speed) * accel
                                ;             fuel -= burn
@0123:100055                    ca xspeed
@0124:150063                    dv speed
@0125:155020                    slh 16
@0126:144046                    mh accel
@0127:110055                    ad xspeed
@0130:040055                    ts xspeed

                                ; and do this again for yspeed
@0131:100056                    ca yspeed
@0132:150063                    dv speed
@0133:155020                    slh 16
@0134:144046                    mh accel
@0135:110056                    ad yspeed
@0136:040056                    ts yspeed

@0137:100061                    ca fuel
@0140:114047                    su burn
@0141:040061                    ts fuel
                                ;
                       no_fuel:
                                ; continue here whether there's fuel or not
                                ;         # gavitation is always in y direction
                                ;         yspeed -= grav
@0142:100056                    ca yspeed                ; @@JumpedToBy a0122
@0143:114042                    su grav
@0144:040056                    ts yspeed

                                ;         # integrate to positions
                                ;         xpos += xspeed
                                ;         ypos += yspeed
@0145:100057                    ca xpos
@0146:110055                    ad xspeed
@0147:040057                    ts xpos
@0150:100060                    ca ypos
@0151:110056                    ad yspeed
@0152:040060                    ts ypos

                                ;         # always draw actual point and base line
                                ;         drawPoint(xpos, ypos)
                                ;         drawVector(-1.0, 0.0, 1.0, 0.0)
                                ;         drawCharacter(0.0, -0.8, digits[mode])

@0153:100060                    ca ypos                  ; draw the rocket's position as a point
@0154:000677                    si scope_point           ; initialize point gen with the y-coord in ACC ; Auto-Annotate I/O: Display Points
@0155:100057                    ca xpos
@0156:024000                    rc 0                     ; Draw a pont with ACC = x

                 draw_baseline:
@0157:100000                    ca zero
@0160:040254                    ts y_arg
@0161:100230                    ca const_2
@0162:040253                    ts x_arg
@0163:104240                    cs const_11
@0164:040255                    ts n_segments            ; segment count should be negative, ie, we will incr the value until positive
@0165:074257                    sp draw_x_line

                                ;
                                ;         # show fuel as bar at the left side
                                ;         if fuel > 0.0:
                                ;             drawVector(-0.99, 0.0, -0.99, fuel)
               draw_fuel_guage:
@0166:100061                    ca fuel
@0167:070207                    cp draw_speed_guage

@0170:100230                    ca const_2
@0171:040253                    ts x_arg
@0172:100000                    ca zero
@0173:040254                    ts y_arg
@0174:100061                    ca fuel
@0175:161010                    srh 8
@0176:040256                    ts y_len                 ; total length of line in pixels
@0177:074276                    sp draw_y_line


@0200:100061                    ca fuel                  ; draw a point at the end of the line
@0201:161001                    srh 1
@0202:000677                    si scope_point           ; initialize point gen with the y-coord in ACC ; Auto-Annotate I/O: Display Points
@0203:100230                    ca const_2
@0204:114235                    su const_8
@0205:154014                    slr 12
@0206:024000                    rc 0                     ; Draw a point with ACC = x

                                ;         # drawPoint(-0.99, fuel)   # show end point
                                ;

                                ;             # show velocity
                                ;             drawVector(0.99, 0.0, 0.99, speed*10.0)

              draw_speed_guage:
@0207:100242                    ca const_14              ; @@JumpedToBy a0167
@0210:040253                    ts x_arg
@0211:100000                    ca zero
@0212:040254                    ts y_arg
@0213:100063                    ca speed
@0214:161005                    srh 5
@0215:040256                    ts y_len                 ; total length of line in pixels
@0216:074276                    sp draw_y_line

@0217:100063                    ca speed                 ; draw a point at the end of the line
@0220:155002                    slh 2
@0221:000677                    si scope_point           ; initialize point gen with the y-coord in ACC ; Auto-Annotate I/O: Display Points
@0222:100057                    ca xpos
@0223:100242                    ca const_14
@0224:154014                    slr 12
@0225:024000                    rc 0                     ; Draw a point with ACC = x

                                ;
                                ;         # mode 1 and 2:
                                ;         if mode == 1 or mode == 2 :
                                ;            drawCharacter(-0.9, -0.3, digits[fueli // 10])
                                ;            drawCharacter(-0.8, -0.3, digits[fueli % 10])
                                ;            drawCharacter(0.8, -0.3, digits[speedi // 10])
                                ;            drawCharacter(0.9, -0.3, digits[speedi % 10])
                                ;
                                ;
                                ;         # mode 2: speed vector
                                ;         if mode == 2 :
                                ;             drawVector(xpos, ypos, xpos + 8*xspeed, ypos + 8*yspeed)
                                ;

@0226:074101                    sp loop

                     loop_exit:
@0227:074065                    sp main                  ; @@JumpedToBy a0103 a0106 a0111


                                ; ************ Graphics Support **************
                                ; constants

@0230:000002           const_2: .word 2                  ; @@ReadBy a0161 a0170 a0203
@0231:000003           const_3: .word 3
@0232:000004           const_4: .word 4
@0233:000006           const_6: .word 6
@0234:000007           const_7: .word 7
@0235:000010           const_8: .word 8                  ; @@ReadBy a0204 a0261 a0265 a0306 a0331
@0236:000011           const_9: .word 9
@0237:000012          const_10: .word 10
@0240:000013          const_11: .word 11                 ; loop counter for 12 iterations @@ReadBy a0163
@0241:000014          const_12: .word 12
@0242:000016          const_14: .word 14                 ; @@ReadBy a0207 a0223
@0243:000040          const_32: .word 32                 ; @@ReadBy a0300 a0313 a0320
@0244:000100          const_64: .word 64

                                ; these two constants give the delta values to draw a "maximum short vector"
@0245:076000    horiz_line_seg: .word 0o174 * 0o400      ; +32 in the top half of the word
@0246:000174     vert_line_seg: .word 0o174              ; +32 in the bottom half of the word
@0247:076174 diag_up_right_seg: .word 0o174 * 0o400 + 0o174
@0250:100200  diag_dn_left_seg: .word 0o200 * 0o400 + 0o200
@0251:076200 diag_dn_right_seg: .word 0o174 * 0o400 + 0o200
@0252:100174  diag_up_left_seg: .word 0o200 * 0o400 + 0o174

                                ; ephemeral args used for passing parameters
@0253:000000             x_arg: .word 0                  ; @@WrittenBy a0162 a0171 a0210 a0266 a0272 ReadBy a0264 a0267 a0272 a0305 a0330
@0254:000000             y_arg: .word 0                  ; @@WrittenBy a0160 a0173 a0212 a0311 ReadBy a0260 a0302 a0311 a0325
@0255:000000        n_segments: .word 0                  ; loop counter @@WrittenBy a0164 a0273 ReadBy a0273
@0256:000000             y_len: .word 0                  ; @@WrittenBy a0176 a0215 a0314 a0321 a0324 ReadBy a0277 a0312 draw_y_undo a0322

                                ; subroutine to draw a horizontal line
                   draw_x_line:
@0257:050275                    ta draw_x_line_ret       ; save the return address @@JumpedToBy a0165
@0260:100254                    ca y_arg
@0261:114235                    su const_8               ; shift from 0-15 axis to -8 to +7
@0262:154014                    slr 12                   ; multiply by 128 to get +/- 1024 screen coords, multiply by 64 to get to bit 0
@0263:001677                    si scope_vector          ; initialize vector gen ; Auto-Annotate I/O: Display Vectors
@0264:100253                    ca x_arg
@0265:114235                    su const_8               ; shift from 0-15 axis to -8 to +7
@0266:040253                    ts x_arg
                    next_x_seg:
@0267:100253                    ca x_arg                 ; re-fetch the next x_arg @@JumpedToBy a0274
@0270:154014                    slr 12                   ; multiply by 128 to get +/- 1024 screen coords, multiply by 64 to get to bit 0

@0271:024245                    rc horiz_line_seg        ; Draw a segment with x=ACC
@0272:130253                    ao x_arg
@0273:130255                    ao n_segments            ; increment the segment counter
@0274:070267                    cp next_x_seg
               draw_x_line_ret:
@0275:074000                    sp 0                     ; @@WrittenBy a0257


                                ; subroutine to draw a vertical line
                   draw_y_line:
@0276:050334                    ta draw_y_line_ret       ; save the return address @@JumpedToBy a0177 a0216
@0277:100256                    ca y_len
@0300:114243                    su const_32
@0301:070322                    cp draw_last_segment

                    next_y_seg:
@0302:100254                    ca y_arg                 ; @@JumpedToBy a0316
@0303:154014                    slr 12                   ; multiply by 128 to get +/- 1024 screen coords, multiply by 64 to get to bit 0
@0304:001677                    si scope_vector          ; initialize vector gen with the y-coord in ACC ; Auto-Annotate I/O: Display Vectors
@0305:100253                    ca x_arg
@0306:114235                    su const_8               ; shift from 0-15 axis to -8 to +7
@0307:154014                    slr 12                   ; gb_state_arg by 128 to get +/- 1024 screen coords, multiply by 64 to get to bit 0

@0310:024246                    rc vert_line_seg         ; Draw a segment with x=ACC
@0311:130254                    ao y_arg
@0312:100256                    ca y_len
@0313:114243                    su const_32
@0314:040256                    ts y_len
@0315:070317                    cp draw_y_undo
@0316:074302                    sp next_y_seg

@0317:100256       draw_y_undo: ca y_len                 ; @@JumpedToBy a0315
@0320:110243                    ad const_32              ; undo the subtract in the end of the nex_y_seg loop
@0321:040256                    ts y_len
             draw_last_segment:
@0322:100256                    ca y_len                 ; @@JumpedToBy a0301
@0323:155002                    slh 2
@0324:040256                    ts y_len
@0325:100254                    ca y_arg
@0326:154014                    slr 12                   ; multiply by 128 to get +/- 1024 screen coords, multiply by 64 to get to bit 0
@0327:001677                    si scope_vector          ; initialize vector gen with the y-coord in ACC ; Auto-Annotate I/O: Display Vectors
@0330:100253                    ca x_arg
@0331:114235                    su const_8               ; shift from 0-15 axis to -8 to +7
@0332:154014                    slr 12                   ; gb_state_arg by 128 to get +/- 1024 screen coords, multiply by 64 to get to bit 0
@0333:024256          draw_seg: rc y_len                 ; Draw a segment with x=ACC


               draw_y_line_ret:
@0334:074000                    sp 0                     ; @@WrittenBy a0276


