
                                ;  Rainer's Ballistic Missile Rocket Launch, Converted to WW by guy
                                ;  Mar 2026
                                ; """
                                ;   Simple ballistic Rocket launch
                                ;   without air resistance
                                ; """
                                ; Modified Jun 26 2026 to do several graphics refresh cycles in between each velocity
                                ; calculation; net result is that the length of wall-clock time to complete the flight
                                ; can be adjusted to taste.
                                ;  The Murrow film takes over 20 seconds to complete the flight; with no artificial delay,
                                ; this program completes a cycle in less than two seconds, making it hard to see what's happening
                                ; with the gauges.
                                ;  Pacing can be adjusted by changing the small negative number in "delay_init"
                                ;

                                .dbwgt c_fuel, 0o400

                                .org 0
@0000:000000              zero: .word 0                  ; @@ReadBy a0150 a0237 JumpedToBy a0312 a0350 SQRET
@0001:000001               one: .word 1

                                ; constants for SI graphics instruction
                                .pp scope_vector, 0o1677 ; draw a vector on all scopes
                                .pp scope_point, 0o0677  ; draw a point on all scopes

                                .pp FF2, 02              ; display remaining fuel
                                .pp FF3, 03              ; display rocket velocity

                                .org 0o40                ; @@WrittenBy a0146 a0151

@0040:074067             start: sp main


                                ; def do_rocket(mode) :

                                ; Data definitions
                                ;     # gravitation
                                ;     grav = 0.003
                                ;     # launch angle in degrees
                                ;     launchdir = 87.0
                                ;     # fuel left
                                ;     fuel = 1.0
                                ;     # rocket speed
                                ;     xspeed = 0.0
                                ;     yspeed = 0.0
                                ;     # rocket position
                                ;     xpos = -0.9
                                ;     ypos = 0.0
                                ;     # acceleration per fuel unit
                                ;     accel = 0.005
                                ;     #
                                ;     burn = 0.08    ; 0.05
                                ;
                                ;  definitions of initial condidtions
                                ; working params as of Jun 25, 2026
@0041:000127         launchdir: .word 87                 ; degrees; not used directly
@0042:006315     cos_launchdir: .word +0.1               ;+0.075     ;+0.05233 @@ReadBy a0070
@0043:077270     sin_launchdir: .word +0.99              ; @@ReadBy a0073
@0044:000061              grav: .word +0.0015            ; @@ReadBy a0153
@0045:000510      launch_speed: .word +0.01              ; initial velocity at launch @@ReadBy main a0072
@0046:000142             accel: .word +0.003             ; @@ReadBy a0132 a0140
@0047:002437              burn: .word +0.04              ; @@ReadBy a0144
@0050:177773        delay_init: .word -0o04              ; delay counter (in octal!) @@ReadBy a0103 a0107


                                ; constants
                                ;                 scaled number     unscaled number
@0051:143145            c_miny: .word -0.45              ;      -0.1    ; slightly below ground level, i.e. y_baseline @@ReadBy a0112
@0052:143145            c_minx: .word -0.45              ; @@ReadBy a0077
@0053:034632            c_maxx: .word +0.45              ;      +0.9
@0054:034632            c_maxy: .word +0.45              ;      +0.9
@0055:054632            c_fuel: .word +0.7               ; initial fuel load @@ReadBy a0101
@0056:146314        y_baseline: .word -0.4               ; y-axis position of the 'zero point' @@ReadBy a0075 a0167 a0202 a0211 a0221 a0231

                                ; dynamic variables
                                ; these two numbers are scaled down by a factor of two to avoid overflow
                                ;                 scaled number     unscaled number
@0057:000000            xspeed: .word 0                  ; @@WrittenBy a0071 a0134 ReadBy a0114 a0115 a0127 a0133 a0156
@0060:000000            yspeed: .word 0                  ; @@WrittenBy a0074 a0142 a0154 ReadBy a0117 a0120 a0135 a0141 a0152 a0161
@0061:143145              xpos: .word -0.45              ;      -0.9 @@WrittenBy a0100 a0157 ReadBy a0155 a0165 a0233
@0062:000000              ypos: .word 0                  ; @@WrittenBy a0076 a0162 ReadBy a0111 a0160 a0163

                                ; fuel simply declines from +1 to 0 by an increment each cycle
@0063:000000              fuel: .word 0                  ; @@WrittenBy a0102 a0145 ReadBy a0125 a0143 a0176 a0204 a0210

                                ; Ephemeral variables
@0064:000000              tmp1: .word 0                  ; @@WrittenBy a0116 ReadBy a0121
@0065:000000             speed: .word 0                  ; @@WrittenBy a0123 ReadBy a0130 a0136 a0223 a0227
@0066:000000     delay_counter: .word 0                  ; @@WrittenBy a0104 a0105 a0110 ReadBy a0105

                                ; ************ Rocket Code *************
                                ;
                                ;     # upon launch, set inital speeds
                                ;     xspeed = 0.01 * math.cos(math.radians(launchdir))
                                ;     yspeed = 0.01 * math.sin(math.radians(launchdir))

@0067:100045              main: ca launch_speed          ; @@JumpedToBy start a0241
@0070:144042                    mh cos_launchdir
@0071:040057                    ts xspeed
@0072:100045                    ca launch_speed
@0073:144043                    mh sin_launchdir
@0074:040060                    ts yspeed

                                ; initialize the flight variables
@0075:100056                    ca y_baseline
@0076:040062                    ts ypos
@0077:100052                    ca c_minx
@0100:040061                    ts xpos

@0101:100055                    ca c_fuel
@0102:040063                    ts fuel

@0103:100050                    ca delay_init            ; set the delay counter to pace the display
@0104:040066                    ts delay_counter

                                ;
                                ;
                                ;     # main loop: accelerate while fuel, show fuel and speed
                                ;     while ypos >= -0.1 and ypos < 1.0 and xpos < 1.0 :
                          loop:
@0105:130066                    ao delay_counter         ; @@JumpedToBy a0240
@0106:070163                    cp refresh_display

@0107:100050                    ca delay_init            ; Reset the delay counter to pace the display
@0110:040066                    ts delay_counter

@0111:100062                    ca ypos                  ; test all the loop exit conditions
@0112:114051                    su c_miny
@0113:070241                    cp loop_exit
                                ;        ca c_maxy      ; comment these out so if the rocket flies to high, you get a trap
                                ;        su ypos
                                ;        cp loop_exit
                                ;        ca c_maxx      ; comment these out so if the rocket flies to far to the right, you get a trap
                                ;        su xpos
                                ;        cp loop_exit

                                ;         speed = math.sqrt(xspeed*xspeed + yspeed*yspeed)
                                ; the sqrt isn't working quite yet...  for cases where the angle is close to 0 or 90 degrees
                                ;   in which case, the sqrt error may make a result smaller than the larger of the two speed vars
@0114:100057                    ca xspeed
@0115:144057                    mh xspeed
@0116:040064                    ts tmp1
@0117:100060                    ca yspeed
@0120:144060                    mh yspeed
@0121:110064                    ad tmp1
@0122:074351                    sp SQRT
@0123:040065                    ts speed
@0124:040003                    ts FF3                   ; display speed/velocity in lights


                                ;         # accelerate if still fuel
                                ;         if fuel > 0.0 :
@0125:100063                    ca fuel
@0126:070150                    cp no_fuel

                                ;; continue here if there's still fuel
                                ;             # no need to calculate flight angle, just the speed
                                ;             xspeed += (xspeed / speed) * accel
                                ;             yspeed += (yspeed / speed) * accel
                                ;             fuel -= burn
@0127:100057                    ca xspeed
@0130:150065                    dv speed
@0131:155017                    slh 15                   ; after Divide, you always need to get the result out of BReg
@0132:144046                    mh accel
@0133:110057                    ad xspeed
@0134:040057                    ts xspeed

                                ; and do this again for yspeed
@0135:100060                    ca yspeed
@0136:150065                    dv speed
@0137:155017                    slh 15
@0140:144046                    mh accel
@0141:110060                    ad yspeed
@0142:040060                    ts yspeed

@0143:100063                    ca fuel
@0144:114047                    su burn
@0145:040063                    ts fuel
@0146:040002                    ts FF2                   ; display the fuel load in FF2
@0147:074152                    sp do_gravity
                                ;
                       no_fuel:
@0150:100000                    ca 0                     ; @@JumpedToBy a0126
@0151:040002                    ts FF2                   ; zero out the fuel load in FF2

                    do_gravity:
                                ; continue here whether there's fuel or not
                                ;         # gavitation is always in y direction
                                ;         yspeed -= grav
@0152:100060                    ca yspeed                ; @@JumpedToBy a0147
@0153:114044                    su grav
@0154:040060                    ts yspeed

                                ;         # integrate to positions
                                ;         xpos += xspeed
                                ;         ypos += yspeed
@0155:100061                    ca xpos
@0156:110057                    ad xspeed
@0157:040061                    ts xpos
@0160:100062                    ca ypos
@0161:110060                    ad yspeed
@0162:040062                    ts ypos

               refresh_display:
                                ;         # always draw actual point and base line
                                ;         drawPoint(xpos, ypos)
                                ;         drawVector(-1.0, 0.0, 1.0, 0.0)
                                ;         drawCharacter(0.0, -0.8, digits[mode])
@0163:100062                    ca ypos                  ; draw the rocket's position as a point @@JumpedToBy a0106
@0164:000677                    si scope_point           ; initialize point gen with the y-coord in ACC ; Auto-Annotate I/O: Display Points
@0165:100061                    ca xpos
@0166:024000                    rc 0                     ; Draw a point with ACC = x

                 draw_baseline:
@0167:100056                    ca y_baseline
@0170:040273                    ts y_arg
@0171:100242                    ca const_2
@0172:040272                    ts x_arg
@0173:104252                    cs const_11
@0174:040274                    ts n_segments            ; segment count should be negative, ie, we will incr the value until positive
@0175:074276                    sp draw_x_line

                                ;
                                ;         # show fuel as bar at the left side
                                ;         if fuel > 0.0:
                                ;             drawVector(-0.99, 0.0, -0.99, fuel)
               draw_fuel_guage:
@0176:100063                    ca fuel
@0177:070217                    cp draw_speed_guage

@0200:100242                    ca const_2
@0201:040272                    ts x_arg
@0202:100056                    ca y_baseline
@0203:040273                    ts y_arg
@0204:100063                    ca fuel
@0205:161006                    srh 6
@0206:040275                    ts y_len                 ; total length of line in pixels
@0207:074313                    sp draw_y_line


@0210:100063                    ca fuel                  ; draw a point at the end of the line
                                ;srh 1
@0211:110056                    ad y_baseline
@0212:000677                    si scope_point           ; initialize point gen with the y-coord in ACC ; Auto-Annotate I/O: Display Points
@0213:100242                    ca const_2
@0214:114247                    su const_8
@0215:154014                    slr 12
@0216:024000                    rc 0                     ; Draw a point with ACC = x

                                ;         # drawPoint(-0.99, fuel)   # show end point
                                ;

                                ;             # show velocity
                                ;             drawVector(0.99, 0.0, 0.99, speed*10.0)

              draw_speed_guage:
@0217:100254                    ca const_14              ; @@JumpedToBy a0177
@0220:040272                    ts x_arg
@0221:100056                    ca y_baseline
@0222:040273                    ts y_arg
@0223:100065                    ca speed
@0224:161003                    srh 3
@0225:040275                    ts y_len                 ; total length of line in pixels
@0226:074313                    sp draw_y_line

@0227:100065                    ca speed                 ; draw a point at the end of the line
@0230:155003                    slh 3
@0231:110056                    ad y_baseline
@0232:000677                    si scope_point           ; initialize point gen with the y-coord in ACC ; Auto-Annotate I/O: Display Points
@0233:100061                    ca xpos
@0234:100254                    ca const_14
@0235:154014                    slr 12
@0236:024000                    rc 0                     ; Draw a point with ACC = x

                   draw_digits:
@0237:100000                    ca 0                     ; placeholder
                                ;
                                ;         # mode 1 and 2:
                                ;         if mode == 1 or mode == 2 :
                                ;            drawCharacter(-0.9, -0.3, digits[fueli // 10])
                                ;            drawCharacter(-0.8, -0.3, digits[fueli % 10])
                                ;            drawCharacter(0.8, -0.3, digits[speedi // 10])
                                ;            drawCharacter(0.9, -0.3, digits[speedi % 10])
                                ;
                                ;
                                ;         # mode 2: speed vector
                                ;         if mode == 2 :
                                ;             drawVector(xpos, ypos, xpos + 8*xspeed, ypos + 8*yspeed)
                                ;

@0240:074105                    sp loop

                     loop_exit:
@0241:074067                    sp main                  ; @@JumpedToBy a0113


                                ; ************ Graphics Support **************
                                ; constants

@0242:000002           const_2: .word 2                  ; @@ReadBy a0171 a0200 a0213
@0243:000003           const_3: .word 3
@0244:000004           const_4: .word 4
@0245:000006           const_6: .word 6
@0246:000007           const_7: .word 7
@0247:000010           const_8: .word 8                  ; @@ReadBy a0214 a0302 a0322 a0345
@0250:000011           const_9: .word 9
@0251:000012          const_10: .word 10
@0252:000013          const_11: .word 11                 ; loop counter for 12 iterations @@ReadBy a0173
@0253:000014          const_12: .word 12
@0254:000016          const_14: .word 14                 ; @@ReadBy a0217 a0234
@0255:000017          const_15: .word 15                 ; @@ReadBy a0435
@0256:000037          const_31: .word 31                 ; @@ReadBy a0315 a0334
@0257:000040          const_32: .word 32                 ; @@ReadBy a0325 a0332
@0260:000100          const_64: .word 64
@0261:000200         const_128: .word 128
@0262:017646          const_8K: .word 8102
@0263:040000         const_16K: .word 16384

                                ; these two constants give the delta values to draw a "maximum short vector"
@0264:076000    horiz_line_seg: .word 0o174 * 0o400      ; +32 in the top half of the word
@0265:000174     vert_line_seg: .word 0o174              ; +32 in the bottom half of the word
@0266:076174 diag_up_right_seg: .word 0o174 * 0o400 + 0o174
@0267:100200  diag_dn_left_seg: .word 0o200 * 0o400 + 0o200
@0270:076200 diag_dn_right_seg: .word 0o174 * 0o400 + 0o200
@0271:100174  diag_up_left_seg: .word 0o200 * 0o400 + 0o174

                                ; ephemeral args used for passing parameters
@0272:000000             x_arg: .word 0                  ; @@WrittenBy a0172 a0201 a0220 a0303 a0307 ReadBy a0301 a0304 a0307 a0321 a0344
@0273:000000             y_arg: .word 0                  ; @@WrittenBy a0170 a0203 a0222 a0330 ReadBy a0277 a0317 a0327 a0342
@0274:000000        n_segments: .word 0                  ; loop counter @@WrittenBy a0174 a0310 ReadBy a0310
@0275:000000             y_len: .word 0                  ; @@WrittenBy a0206 a0225 a0333 a0341 ReadBy a0314 a0331 a0337

                                ; subroutine to draw a horizontal line
                   draw_x_line:
@0276:050312                    ta draw_x_line_ret       ; save the return address @@JumpedToBy a0175
@0277:100273                    ca y_arg
                                ;slr 11        ; multiply by 128 to get +/- 1024 screen coords, multiply by 64 to get to bit 0
@0300:001677                    si scope_vector          ; initialize vector gen; Y offset in ACC ; Auto-Annotate I/O: Display Vectors
@0301:100272                    ca x_arg
@0302:114247                    su const_8               ; shift from 0-15 axis to -8 to +7
@0303:040272                    ts x_arg
                    next_x_seg:
@0304:100272                    ca x_arg                 ; re-fetch the next x_arg @@JumpedToBy a0311
@0305:154014                    slr 12                   ; multiply by 128 to get +/- 1024 screen coords, multiply by 64 to get to bit 0

@0306:024264                    rc horiz_line_seg        ; Draw a segment with x=ACC
@0307:130272                    ao x_arg
@0310:130274                    ao n_segments            ; increment the segment counter
@0311:070304                    cp next_x_seg
               draw_x_line_ret:
@0312:074000                    sp 0                     ; @@WrittenBy a0276


                                ; subroutine to draw a vertical line
                                ; x_arg and y_arg give the starting point for the line in 16ths of the screen size
                                ; y_len gives the length in pixel units
                                ; The line is drawn as a series of max-len segments, followed by a partial segment
                                ; to get the exct length.
                   draw_y_line:
@0313:050350                    ta draw_y_line_ret       ; save the return address @@JumpedToBy a0207 a0226
                                ;.print "draw_y_line y_len=%d, y_arg=%d", y_len, y_arg
@0314:100275                    ca y_len
@0315:114256                    su const_31
@0316:070337                    cp draw_last_segment

                    next_y_seg:
@0317:100273                    ca y_arg                 ; @@JumpedToBy a0336
                                ;.print "draw next segment y_len=%d, y_arg=%d", y_len, y_arg
@0320:001677                    si scope_vector          ; initialize vector gen with the y-coord in ACC ; Auto-Annotate I/O: Display Vectors
@0321:100272                    ca x_arg
@0322:114247                    su const_8               ; shift from 0-15 axis to -8 to +7
@0323:154014                    slr 12                   ;  +/- 1024 screen coords, multiply by 64 to get to bit 0

@0324:024265                    rc vert_line_seg         ; Draw a segment with x=ACC, length=32 in vert_line_seg
@0325:100257                    ca const_32
@0326:154006                    slr 6
@0327:110273                    ad y_arg                 ; move up one segment
@0330:040273                    ts y_arg
@0331:100275                    ca y_len
@0332:114257                    su const_32              ; shorten the remaining length by 32
@0333:040275                    ts y_len
@0334:114256                    su const_31              ; test to see if y_len remaining is less than 32
@0335:070337                    cp draw_last_segment
@0336:074317                    sp next_y_seg            ; otherwise, go round again for the next segment

             draw_last_segment:
@0337:100275                    ca y_len                 ; pick up remaining length in pixels @@JumpedToBy a0316 a0335
                                ;.print "last seg y_len=%d, y_arg=%d", y_len, y_arg
@0340:155002                    slh 2                    ; shift into to bits 8-13
@0341:040275                    ts y_len
@0342:100273                    ca y_arg
                                ;slr 11        ; multiply by 128 to get +/- 1024 screen coords, multiply by 64 to get to bit 0
@0343:001677                    si scope_vector          ; initialize vector gen with the y-coord in ACC ; Auto-Annotate I/O: Display Vectors
@0344:100272                    ca x_arg
@0345:114247                    su const_8               ; shift from 0-15 axis to -8 to +7
@0346:154014                    slr 12                   ;  +/- 1024 screen coords, multiply by 64 to get to bit 0
@0347:024275          draw_seg: rc y_len                 ; Draw a segment with x=ACC

               draw_y_line_ret:
@0350:074000                    sp 0                     ; @@WrittenBy a0313


                                ; =============================================================
                                ; SUBROUTINE: SQRT
                                ; Compute fixed-point square root via Newton-Raphson iteration.
                                ; written by Claude.ai & guy, Mar 30, 2026
                                ; [contrary to Claude's assertion, this sqrt approximation is off by
                                ; much more than one LSB; There's a big correction factor at the end to
                                ; prevent overflows elsewhere]
                                ;
                                ; Input:  AC = S, fixed-point, 0 < S < 1
                                ;         (1.0 = 0o077777, 0.25 = 0o020000, etc.)
                                ; Output: AC = sqrt(S), fixed-point, same format
                                ;
                                ; Method: x_{n+1} = (x_n + S/x_n) / 2
                                ;         dv leaves quotient in BR; slh 15 moves it to AC.
                                ;         Initial guess x0 = S/2 + 0.5
                                ;         6 iterations give full 15-bit accuracy.
                                ;
                                ; Uses: SQARG, SQEST
                                ; Does not call any subroutine.
                                ;
                                ; Subroutine linkage:
                                ;   Caller:   sp   SQRT       ; CALL - returns
                                ;             ...              ; AC = sqrt(S) on return
                                ; =============================================================
                          SQRT:
@0351:050436                    ta SQRET                 ; @@JumpedToBy a0122

@0352:040437                    ts SQARG                 ; save S; AC still = S

                                ; --- Initial guess: x0 = S/2 + 0.5 ---
@0353:161001                    srh 1                    ; AC = S/2
@0354:110441                    ad SQHALF                ; AC = S/2 + 0.5
@0355:040440                    ts SQEST                 ; x0

                                ; --- Iteration 1 ---
@0356:100437                    ca SQARG
@0357:150440                    dv SQEST                 ; BR = S / x  (AC = remainder, ignore)
@0360:155016                    slh 14                   ; AC = quotient from BR
@0361:040442                    ts sqtmp
@0362:100440                    ca SQEST                 ; AC = S/x + x
@0363:161001                    srh 1                    ; AC = (S/x + x) / 2
@0364:110442                    ad sqtmp
@0365:040440                    ts SQEST                 ; x1

                                ; --- Iteration 2 ---
@0366:100437                    ca SQARG
@0367:150440                    dv SQEST
@0370:155016                    slh 14
@0371:040442                    ts sqtmp
@0372:100440                    ca SQEST
@0373:161001                    srh 1
@0374:110442                    ad sqtmp
@0375:040440                    ts SQEST                 ; x2

                                ; --- Iteration 3 ---
@0376:100437                    ca SQARG
@0377:150440                    dv SQEST
@0400:155016                    slh 14
@0401:040442                    ts sqtmp
@0402:100440                    ca SQEST
@0403:161001                    srh 1
@0404:110442                    ad sqtmp
@0405:040440                    ts SQEST                 ; x3

                                ; --- Iteration 4 ---
@0406:100437                    ca SQARG
@0407:150440                    dv SQEST
@0410:155016                    slh 14
@0411:040442                    ts sqtmp
@0412:100440                    ca SQEST
@0413:161001                    srh 1
@0414:110442                    ad sqtmp
@0415:040440                    ts SQEST                 ; x4

                                ; --- Iteration 5 ---
@0416:100437                    ca SQARG
@0417:150440                    dv SQEST
@0420:155016                    slh 14
@0421:040442                    ts sqtmp
@0422:100440                    ca SQEST
@0423:161001                    srh 1
@0424:110442                    ad sqtmp
@0425:040440                    ts SQEST                 ; x5

                                ; --- Iteration 6: result stays in AC, no ts needed ---
@0426:100437                    ca SQARG
@0427:150440                    dv SQEST
@0430:155016                    slh 14
@0431:040442                    ts sqtmp
@0432:100440                    ca SQEST
@0433:161001                    srh 1
@0434:110442                    ad sqtmp
@0435:110255                    ad const_15              ; ensure the result is greater or equal to the actual sqrt

@0436:074000             SQRET: sp 0                     ; @@WrittenBy a0351

                                ; =============================================================
                                ; DATA
                                ; =============================================================
@0437:000000             SQARG: .word 0o0                ; saved input S @@WrittenBy a0352 ReadBy a0356 a0366 a0376 a0406 a0416 a0426
@0440:000000             SQEST: .word 0o0                ; current Newton estimate @@WrittenBy a0355 a0365 a0375 a0405 a0415 a0425 ReadBy a0357 a0362 a0367 a0372 a0377 a0402 a0407 a0412 a0417 a0422 a0427 a0432
@0441:040000            SQHALF: .word 0o040000           ; 0.5 in fixed-point @@ReadBy a0354
@0442:000000             sqtmp: .word 0                  ; @@WrittenBy a0361 a0371 a0401 a0411 a0421 a0431 ReadBy a0364 a0374 a0404 a0414 a0424 a0434

